Archive member included to satisfy reference by file (symbol)

C:/ST/STM32CubeIDE_1.10.1/STM32CubeIDE/plugins/com.st.stm32cube.ide.mcu.externaltools.gnu-tools-for-stm32.11.3.rel1.win32_1.1.100.202309141235/tools/bin/../lib/gcc/arm-none-eabi/11.3.1/../../../../arm-none-eabi/lib/thumb/v7e-m/nofp\libc_nano.a(libc_a-exit.o)
                              C:/ST/STM32CubeIDE_1.10.1/STM32CubeIDE/plugins/com.st.stm32cube.ide.mcu.externaltools.gnu-tools-for-stm32.11.3.rel1.win32_1.1.100.202309141235/tools/bin/../lib/gcc/arm-none-eabi/11.3.1/../../../../arm-none-eabi/lib/thumb/v7e-m/nofp/crt0.o (exit)
C:/ST/STM32CubeIDE_1.10.1/STM32CubeIDE/plugins/com.st.stm32cube.ide.mcu.externaltools.gnu-tools-for-stm32.11.3.rel1.win32_1.1.100.202309141235/tools/bin/../lib/gcc/arm-none-eabi/11.3.1/../../../../arm-none-eabi/lib/thumb/v7e-m/nofp\libc_nano.a(libc_a-findfp.o)
                              C:/ST/STM32CubeIDE_1.10.1/STM32CubeIDE/plugins/com.st.stm32cube.ide.mcu.externaltools.gnu-tools-for-stm32.11.3.rel1.win32_1.1.100.202309141235/tools/bin/../lib/gcc/arm-none-eabi/11.3.1/../../../../arm-none-eabi/lib/thumb/v7e-m/nofp\libc_nano.a(libc_a-exit.o) (__stdio_exit_handler)
C:/ST/STM32CubeIDE_1.10.1/STM32CubeIDE/plugins/com.st.stm32cube.ide.mcu.externaltools.gnu-tools-for-stm32.11.3.rel1.win32_1.1.100.202309141235/tools/bin/../lib/gcc/arm-none-eabi/11.3.1/../../../../arm-none-eabi/lib/thumb/v7e-m/nofp\libc_nano.a(libc_a-fwalk.o)
                              C:/ST/STM32CubeIDE_1.10.1/STM32CubeIDE/plugins/com.st.stm32cube.ide.mcu.externaltools.gnu-tools-for-stm32.11.3.rel1.win32_1.1.100.202309141235/tools/bin/../lib/gcc/arm-none-eabi/11.3.1/../../../../arm-none-eabi/lib/thumb/v7e-m/nofp\libc_nano.a(libc_a-findfp.o) (_fwalk_sglue)
C:/ST/STM32CubeIDE_1.10.1/STM32CubeIDE/plugins/com.st.stm32cube.ide.mcu.externaltools.gnu-tools-for-stm32.11.3.rel1.win32_1.1.100.202309141235/tools/bin/../lib/gcc/arm-none-eabi/11.3.1/../../../../arm-none-eabi/lib/thumb/v7e-m/nofp\libc_nano.a(libc_a-stdio.o)
                              C:/ST/STM32CubeIDE_1.10.1/STM32CubeIDE/plugins/com.st.stm32cube.ide.mcu.externaltools.gnu-tools-for-stm32.11.3.rel1.win32_1.1.100.202309141235/tools/bin/../lib/gcc/arm-none-eabi/11.3.1/../../../../arm-none-eabi/lib/thumb/v7e-m/nofp\libc_nano.a(libc_a-findfp.o) (__sread)
C:/ST/STM32CubeIDE_1.10.1/STM32CubeIDE/plugins/com.st.stm32cube.ide.mcu.externaltools.gnu-tools-for-stm32.11.3.rel1.win32_1.1.100.202309141235/tools/bin/../lib/gcc/arm-none-eabi/11.3.1/../../../../arm-none-eabi/lib/thumb/v7e-m/nofp\libc_nano.a(libc_a-memset.o)
                              C:/ST/STM32CubeIDE_1.10.1/STM32CubeIDE/plugins/com.st.stm32cube.ide.mcu.externaltools.gnu-tools-for-stm32.11.3.rel1.win32_1.1.100.202309141235/tools/bin/../lib/gcc/arm-none-eabi/11.3.1/../../../../arm-none-eabi/lib/thumb/v7e-m/nofp/crt0.o (memset)
C:/ST/STM32CubeIDE_1.10.1/STM32CubeIDE/plugins/com.st.stm32cube.ide.mcu.externaltools.gnu-tools-for-stm32.11.3.rel1.win32_1.1.100.202309141235/tools/bin/../lib/gcc/arm-none-eabi/11.3.1/../../../../arm-none-eabi/lib/thumb/v7e-m/nofp\libc_nano.a(libc_a-closer.o)
                              C:/ST/STM32CubeIDE_1.10.1/STM32CubeIDE/plugins/com.st.stm32cube.ide.mcu.externaltools.gnu-tools-for-stm32.11.3.rel1.win32_1.1.100.202309141235/tools/bin/../lib/gcc/arm-none-eabi/11.3.1/../../../../arm-none-eabi/lib/thumb/v7e-m/nofp\libc_nano.a(libc_a-stdio.o) (_close_r)
C:/ST/STM32CubeIDE_1.10.1/STM32CubeIDE/plugins/com.st.stm32cube.ide.mcu.externaltools.gnu-tools-for-stm32.11.3.rel1.win32_1.1.100.202309141235/tools/bin/../lib/gcc/arm-none-eabi/11.3.1/../../../../arm-none-eabi/lib/thumb/v7e-m/nofp\libc_nano.a(libc_a-reent.o)
                              C:/ST/STM32CubeIDE_1.10.1/STM32CubeIDE/plugins/com.st.stm32cube.ide.mcu.externaltools.gnu-tools-for-stm32.11.3.rel1.win32_1.1.100.202309141235/tools/bin/../lib/gcc/arm-none-eabi/11.3.1/../../../../arm-none-eabi/lib/thumb/v7e-m/nofp\libc_nano.a(libc_a-closer.o) (errno)
C:/ST/STM32CubeIDE_1.10.1/STM32CubeIDE/plugins/com.st.stm32cube.ide.mcu.externaltools.gnu-tools-for-stm32.11.3.rel1.win32_1.1.100.202309141235/tools/bin/../lib/gcc/arm-none-eabi/11.3.1/../../../../arm-none-eabi/lib/thumb/v7e-m/nofp\libc_nano.a(libc_a-impure.o)
                              C:/ST/STM32CubeIDE_1.10.1/STM32CubeIDE/plugins/com.st.stm32cube.ide.mcu.externaltools.gnu-tools-for-stm32.11.3.rel1.win32_1.1.100.202309141235/tools/bin/../lib/gcc/arm-none-eabi/11.3.1/../../../../arm-none-eabi/lib/thumb/v7e-m/nofp\libc_nano.a(libc_a-reent.o) (_impure_ptr)
C:/ST/STM32CubeIDE_1.10.1/STM32CubeIDE/plugins/com.st.stm32cube.ide.mcu.externaltools.gnu-tools-for-stm32.11.3.rel1.win32_1.1.100.202309141235/tools/bin/../lib/gcc/arm-none-eabi/11.3.1/../../../../arm-none-eabi/lib/thumb/v7e-m/nofp\libc_nano.a(libc_a-lseekr.o)
[...]
Memory Configuration

Name             Origin             Length             Attributes
CCMRAM           0x0000000010000000 0x0000000000010000 xrw
RAM              0x0000000020000000 0x0000000000030000 xrw
FLASH            0x0000000008000000 0x0000000000200000 xr
*default*        0x0000000000000000 0xffffffffffffffff

Linker script and memory map

LOAD C:/ST/STM32CubeIDE_1.10.1/STM32CubeIDE/plugins/com.st.stm32cube.ide.mcu.externaltools.gnu-tools-for-stm32.11.3.rel1.win32_1.1.100.202309141235/tools/bin/../lib/gcc/arm-none-eabi/11.3.1/thumb/v7e-m/nofp/crti.o
LOAD C:/ST/STM32CubeIDE_1.10.1/STM32CubeIDE/plugins/com.st.stm32cube.ide.mcu.externaltools.gnu-tools-for-stm32.11.3.rel1.win32_1.1.100.202309141235/tools/bin/../lib/gcc/arm-none-eabi/11.3.1/thumb/v7e-m/nofp/crtbegin.o
LOAD C:/ST/STM32CubeIDE_1.10.1/STM32CubeIDE/plugins/com.st.stm32cube.ide.mcu.externaltools.gnu-tools-for-stm32.11.3.rel1.win32_1.1.100.202309141235/tools/bin/../lib/gcc/arm-none-eabi/11.3.1/../../../../arm-none-eabi/lib/thumb/v7e-m/nofp/crt0.o
START GROUP
LOAD C:/ST/STM32CubeIDE_1.10.1/STM32CubeIDE/plugins/com.st.stm32cube.ide.mcu.externaltools.gnu-tools-for-stm32.11.3.rel1.win32_1.1.100.202309141235/tools/bin/../lib/gcc/arm-none-eabi/11.3.1/../../../../arm-none-eabi/lib/thumb/v7e-m/nofp\libc_nano.a
LOAD C:/ST/STM32CubeIDE_1.10.1/STM32CubeIDE/plugins/com.st.stm32cube.ide.mcu.externaltools.gnu-tools-for-stm32.11.3.rel1.win32_1.1.100.202309141235/tools/bin/../lib/gcc/arm-none-eabi/11.3.1/../../../../arm-none-eabi/lib/thumb/v7e-m/nofp\libm.a
END GROUP
LOAD CMakeFiles/RadioDisplay.dir/Startup/startup_stm32f429zitx.s.obj
LOAD CMakeFiles/RadioDisplay.dir/src/main.c.obj
LOAD CMakeFiles/RadioDisplay.dir/src/init.c.obj
LOAD CMakeFiles/RadioDisplay.dir/src/syscalls.c.obj
LOAD CMakeFiles/RadioDisplay.dir/src/sysmem.c.obj
LOAD CMakeFiles/RadioDisplay.dir/src/system_stm32f4xx.c.obj
LOAD CMakeFiles/RadioDisplay.dir/libs/system_periph/stm32f4xx_rcc.c.obj
LOAD CMakeFiles/RadioDisplay.dir/libs/system_periph/stm32f4xx_spi.c.obj
LOAD CMakeFiles/RadioDisplay.dir/libs/system_periph/stm32f4xx_gpio.c.obj
LOAD CMakeFiles/RadioDisplay.dir/libs/system_periph/stm32f4xx_dma.c.obj
LOAD CMakeFiles/RadioDisplay.dir/libs/system_periph/stm32f4xx_tim.c.obj
LOAD CMakeFiles/RadioDisplay.dir/libs/system_periph/misc.c.obj
LOAD CMakeFiles/RadioDisplay.dir/libs/display/tm_stm32f4_gpio.c.obj
LOAD CMakeFiles/RadioDisplay.dir/libs/display/tm_stm32f4_delay.c.obj
LOAD CMakeFiles/RadioDisplay.dir/libs/display/tm_stm32f4_spi.c.obj
LOAD CMakeFiles/RadioDisplay.dir/libs/display/tm_stm32f4_dma.c.obj
LOAD CMakeFiles/RadioDisplay.dir/libs/display/tm_stm32f4_spi_dma.c.obj
LOAD CMakeFiles/RadioDisplay.dir/libs/display/tm_stm32f4_fonts.c.obj
LOAD CMakeFiles/RadioDisplay.dir/libs/display/tm_stm32f4_ili9341.c.obj
LOAD CMakeFiles/RadioDisplay.dir/libs/display/tm_stm32f4_stmpe811.c.obj
LOAD CMakeFiles/RadioDisplay.dir/libs/display/tm_stm32f4_timer_properties.c.obj
LOAD CMakeFiles/RadioDisplay.dir/libs/ll_lib/src/stm32f4xx_ll_exti.c.obj
LOAD CMakeFiles/RadioDisplay.dir/libs/ll_lib/src/stm32f4xx_ll_gpio.c.obj
LOAD CMakeFiles/RadioDisplay.dir/libs/ll_lib/src/stm32f4xx_ll_rcc.c.obj
LOAD CMakeFiles/RadioDisplay.dir/libs/ll_lib/src/stm32f4xx_ll_utils.c.obj
LOAD CMakeFiles/RadioDisplay.dir/libs/ll_lib/src/stm32f4xx_ll_i2c.c.obj
LOAD CMakeFiles/RadioDisplay.dir/libs/ll_lib/src/stm32f4xx_ll_spi.c.obj
LOAD CMakeFiles/RadioDisplay.dir/libs/rf/nRF24.c.obj
START GROUP
LOAD C:/ST/STM32CubeIDE_1.10.1/STM32CubeIDE/plugins/com.st.stm32cube.ide.mcu.externaltools.gnu-tools-for-stm32.11.3.rel1.win32_1.1.100.202309141235/tools/bin/../lib/gcc/arm-none-eabi/11.3.1/thumb/v7e-m/nofp\libgcc.a
LOAD C:/ST/STM32CubeIDE_1.10.1/STM32CubeIDE/plugins/com.st.stm32cube.ide.mcu.externaltools.gnu-tools-for-stm32.11.3.rel1.win32_1.1.100.202309141235/tools/bin/../lib/gcc/arm-none-eabi/11.3.1/../../../../arm-none-eabi/lib/thumb/v7e-m/nofp\libg_nano.a
LOAD C:/ST/STM32CubeIDE_1.10.1/STM32CubeIDE/plugins/com.st.stm32cube.ide.mcu.externaltools.gnu-tools-for-stm32.11.3.rel1.win32_1.1.100.202309141235/tools/bin/../lib/gcc/arm-none-eabi/11.3.1/../../../../arm-none-eabi/lib/thumb/v7e-m/nofp\libc_nano.a
END GROUP
START GROUP
LOAD C:/ST/STM32CubeIDE_1.10.1/STM32CubeIDE/plugins/com.st.stm32cube.ide.mcu.externaltools.gnu-tools-for-stm32.11.3.rel1.win32_1.1.100.202309141235/tools/bin/../lib/gcc/arm-none-eabi/11.3.1/thumb/v7e-m/nofp\libgcc.a
LOAD C:/ST/STM32CubeIDE_1.10.1/STM32CubeIDE/plugins/com.st.stm32cube.ide.mcu.externaltools.gnu-tools-for-stm32.11.3.rel1.win32_1.1.100.202309141235/tools/bin/../lib/gcc/arm-none-eabi/11.3.1/../../../../arm-none-eabi/lib/thumb/v7e-m/nofp\libc_nano.a
LOAD C:/ST/STM32CubeIDE_1.10.1/STM32CubeIDE/plugins/com.st.stm32cube.ide.mcu.externaltools.gnu-tools-for-stm32.11.3.rel1.win32_1.1.100.202309141235/tools/bin/../lib/gcc/arm-none-eabi/11.3.1/../../../../arm-none-eabi/lib/thumb/v7e-m/nofp\libnosys.a
END GROUP
START GROUP
LOAD C:/ST/STM32CubeIDE_1.10.1/STM32CubeIDE/plugins/com.st.stm32cube.ide.mcu.externaltools.gnu-tools-for-stm32.11.3.rel1.win32_1.1.100.202309141235/tools/bin/../lib/gcc/arm-none-eabi/11.3.1/thumb/v7e-m/nofp\libgcc.a
LOAD C:/ST/STM32CubeIDE_1.10.1/STM32CubeIDE/plugins/com.st.stm32cube.ide.mcu.externaltools.gnu-tools-for-stm32.11.3.rel1.win32_1.1.100.202309141235/tools/bin/../lib/gcc/arm-none-eabi/11.3.1/../../../../arm-none-eabi/lib/thumb/v7e-m/nofp\libc_nano.a
LOAD C:/ST/STM32CubeIDE_1.10.1/STM32CubeIDE/plugins/com.st.stm32cube.ide.mcu.externaltools.gnu-tools-for-stm32.11.3.rel1.win32_1.1.100.202309141235/tools/bin/../lib/gcc/arm-none-eabi/11.3.1/../../../../arm-none-eabi/lib/thumb/v7e-m/nofp\libnosys.a
END GROUP
LOAD C:/ST/STM32CubeIDE_1.10.1/STM32CubeIDE/plugins/com.st.stm32cube.ide.mcu.externaltools.gnu-tools-for-stm32.11.3.rel1.win32_1.1.100.202309141235/tools/bin/../lib/gcc/arm-none-eabi/11.3.1/thumb/v7e-m/nofp/crtend.o
LOAD C:/ST/STM32CubeIDE_1.10.1/STM32CubeIDE/plugins/com.st.stm32cube.ide.mcu.externaltools.gnu-tools-for-stm32.11.3.rel1.win32_1.1.100.202309141235/tools/bin/../lib/gcc/arm-none-eabi/11.3.1/thumb/v7e-m/nofp/crtn.o
                0x0000000020030000                _estack = (ORIGIN (RAM) + LENGTH (RAM))
                0x0000000000000200                _Min_Heap_Size = 0x200
                0x0000000000000400                _Min_Stack_Size = 0x400

.isr_vector     0x0000000008000000      0x1ac
                0x0000000008000000                . = ALIGN (0x4)
 *(.isr_vector)
 .isr_vector    0x0000000008000000      0x1ac CMakeFiles/RadioDisplay.dir/Startup/startup_stm32f429zitx.s.obj
                0x0000000008000000                g_pfnVectors
                0x00000000080001ac                . = ALIGN (0x4)

.text           0x00000000080001b0     0x9bb0
                0x00000000080001b0                . = ALIGN (0x4)
 *(.text)
 .text          0x00000000080001b0       0x40 C:/ST/STM32CubeIDE_1.10.1/STM32CubeIDE/plugins/com.st.stm32cube.ide.mcu.externaltools.gnu-tools-for-stm32.11.3.rel1.win32_1.1.100.202309141235/tools/bin/../lib/gcc/arm-none-eabi/11.3.1/thumb/v7e-m/nofp/crtbegin.o
 .text          0x00000000080001f0      0x2f4 CMakeFiles/RadioDisplay.dir/src/main.c.obj
                0x0000000008000238                main
                0x00000000080004bc                EXTI0_IRQHandler
 .text          0x00000000080004e4      0x954 CMakeFiles/RadioDisplay.dir/src/init.c.obj
                0x0000000008000b34                SystemClock_Config
                0x0000000008000be8                I2C3_init
                0x0000000008000ccc                SPI1_init
                0x0000000008000d78                GPIO_init
 .text          0x0000000008000e38       0x6c CMakeFiles/RadioDisplay.dir/src/sysmem.c.obj
                0x0000000008000e38                _sbrk
 .text          0x0000000008000ea4      0x10c CMakeFiles/RadioDisplay.dir/src/system_stm32f4xx.c.obj
                0x0000000008000ea4                SystemInit
                0x0000000008000eb0                SystemCoreClockUpdate
 .text          0x0000000008000fb0      0xa7c CMakeFiles/RadioDisplay.dir/libs/system_periph/stm32f4xx_rcc.c.obj
                0x0000000008000fb0                RCC_DeInit
                0x0000000008001008                RCC_HSEConfig
                0x000000000800102c                RCC_WaitForHSEStartUp
                0x000000000800107a                RCC_AdjustHSICalibrationValue
                0x00000000080010b4                RCC_HSICmd
                0x00000000080010d4                RCC_LSEConfig
                0x0000000008001114                RCC_LSICmd
                0x0000000008001134                RCC_PLLCmd
                0x0000000008001154                RCC_PLLI2SCmd
                0x0000000008001174                RCC_PLLSAICmd
                0x0000000008001194                RCC_ClockSecuritySystemCmd
                0x00000000080011b4                RCC_MCO1Config
                0x00000000080011f0                RCC_MCO2Config
                0x000000000800122c                RCC_SYSCLKConfig
                0x0000000008001264                RCC_GetSYSCLKSource
                0x0000000008001280                RCC_HCLKConfig
                0x00000000080012b8                RCC_PCLK1Config
                0x00000000080012f0                RCC_PCLK2Config
                0x0000000008001328                RCC_GetClocksFreq
                0x0000000008001484                RCC_RTCCLKConfig
                0x00000000080014e0                RCC_RTCCLKCmd
                0x0000000008001500                RCC_BackupResetCmd
                0x0000000008001520                RCC_SAIPLLI2SClkDivConfig
                0x000000000800155c                RCC_SAIPLLSAIClkDivConfig
                0x000000000800159c                RCC_LTDCCLKDivConfig
                0x00000000080015d8                RCC_TIMCLKPresConfig
                0x00000000080015f4                RCC_AHB1PeriphClockCmd
                0x0000000008001630                RCC_AHB2PeriphClockCmd
                0x000000000800166c                RCC_APB1PeriphClockCmd
                0x00000000080016a8                RCC_APB2PeriphClockCmd
                0x00000000080016e4                RCC_AHB1PeriphResetCmd
                0x0000000008001720                RCC_AHB2PeriphResetCmd
                0x000000000800175c                RCC_APB1PeriphResetCmd
                0x0000000008001798                RCC_APB2PeriphResetCmd
                0x00000000080017d4                RCC_AHB1PeriphClockLPModeCmd
                0x0000000008001810                RCC_AHB2PeriphClockLPModeCmd
                0x000000000800184c                RCC_APB1PeriphClockLPModeCmd
                0x0000000008001888                RCC_APB2PeriphClockLPModeCmd
                0x00000000080018c4                RCC_LSEModeConfig
                0x00000000080018fc                RCC_ITConfig
                0x0000000008001948                RCC_GetFlagStatus
                0x00000000080019bc                RCC_ClearFlag
                0x00000000080019d8                RCC_GetITStatus
                0x0000000008001a0c                RCC_ClearITPendingBit
 .text          0x0000000008001a2c      0x838 CMakeFiles/RadioDisplay.dir/libs/system_periph/stm32f4xx_spi.c.obj
                0x0000000008001a2c                SPI_I2S_DeInit
                0x0000000008001b08                SPI_Init
                0x0000000008001b8e                I2S_Init
                0x0000000008001d6c                SPI_StructInit
                0x0000000008001db4                I2S_StructInit
                0x0000000008001dea                SPI_Cmd
                0x0000000008001e22                I2S_Cmd
                0x0000000008001e5a                SPI_DataSizeConfig
                0x0000000008001e8a                SPI_BiDirectionalLineConfig
                0x0000000008001ec4                SPI_NSSInternalSoftwareConfig
                0x0000000008001f00                SPI_SSOutputCmd
                0x0000000008001f38                SPI_TIModeCmd
                0x0000000008001f70                I2S_FullDuplexConfig
                0x0000000008002004                SPI_I2S_ReceiveData
                0x000000000800201c                SPI_I2S_SendData
                0x0000000008002038                SPI_CalculateCRC
                0x0000000008002070                SPI_TransmitCRC
                0x000000000800208e                SPI_GetCRC
                0x00000000080020be                SPI_GetCRCPolynomial
                0x00000000080020d6                SPI_I2S_DMACmd
                0x0000000008002114                SPI_I2S_ITConfig
                0x000000000800216c                SPI_I2S_GetFlagStatus
                0x000000000800219e                SPI_I2S_ClearFlag
                0x00000000080021c0                SPI_I2S_GetITStatus
                0x0000000008002230                SPI_I2S_ClearITPendingBit
 .text          0x0000000008002264      0x4c0 CMakeFiles/RadioDisplay.dir/libs/system_periph/stm32f4xx_gpio.c.obj
                0x0000000008002264                GPIO_DeInit
                0x00000000080023c8                GPIO_Init
                0x00000000080024e4                GPIO_StructInit
                0x0000000008002516                GPIO_PinLockConfig
                0x0000000008002558                GPIO_ReadInputDataBit
                0x000000000800258a                GPIO_ReadInputData
                0x00000000080025a2                GPIO_ReadOutputDataBit
                0x00000000080025d4                GPIO_ReadOutputData
                0x00000000080025ec                GPIO_SetBits
                0x0000000008002608                GPIO_ResetBits
                0x0000000008002626                GPIO_WriteBit
                0x0000000008002656                GPIO_Write
                0x0000000008002672                GPIO_ToggleBits
                0x0000000008002694                GPIO_PinAFConfig
 .text          0x0000000008002724      0x6f4 CMakeFiles/RadioDisplay.dir/libs/system_periph/stm32f4xx_dma.c.obj
                0x0000000008002724                DMA_DeInit
                0x00000000080028c8                DMA_Init
                0x0000000008002974                DMA_StructInit
                0x00000000080029e0                DMA_Cmd
                0x0000000008002a16                DMA_PeriphIncOffsetSizeConfig
                0x0000000008002a4a                DMA_FlowControllerConfig
                0x0000000008002a7e                DMA_SetCurrDataCounter
                0x0000000008002a9a                DMA_GetCurrDataCounter
                0x0000000008002ab2                DMA_DoubleBufferModeConfig
                0x0000000008002aee                DMA_DoubleBufferModeCmd
                0x0000000008002b24                DMA_MemoryTargetConfig
                0x0000000008002b4e                DMA_GetCurrentMemoryTarget
                0x0000000008002b7c                DMA_GetCmdStatus
                0x0000000008002baa                DMA_GetFIFOStatus
                0x0000000008002bcc                DMA_GetFlagStatus
                0x0000000008002c40                DMA_ClearFlag
                0x0000000008002c9c                DMA_ITConfig
                0x0000000008002d0e                DMA_GetITStatus
                0x0000000008002dbc                DMA_ClearITPendingBit
 .text          0x0000000008002e18      0x18c CMakeFiles/RadioDisplay.dir/libs/system_periph/misc.c.obj
                0x0000000008002e18                NVIC_PriorityGroupConfig
                0x0000000008002e3c                NVIC_Init
                0x0000000008002f00                NVIC_SetVectorTable
                0x0000000008002f2c                NVIC_SystemLPConfig
                0x0000000008002f6c                SysTick_CLKSourceConfig
 .text          0x0000000008002fa4      0x570 CMakeFiles/RadioDisplay.dir/libs/display/tm_stm32f4_gpio.c.obj
                0x0000000008002fa4                TM_GPIO_Init
                0x0000000008002fea                TM_GPIO_InitAlternate
                0x0000000008003092                TM_GPIO_DeInit
                0x0000000008003114                TM_GPIO_SetPinAsInput
                0x0000000008003164                TM_GPIO_SetPinAsOutput
                0x00000000080031c0                TM_GPIO_SetPinAsAnalog
                0x000000000800320e                TM_GPIO_SetPinAsAlternate
                0x000000000800326e                TM_GPIO_SetPullResistor
                0x00000000080032d2                TM_GPIO_Lock
                0x000000000800330a                TM_GPIO_GetPinSource
                0x0000000008003338                TM_GPIO_GetPortSource
                0x0000000008003358                TM_GPIO_INT_EnableClock
                0x0000000008003388                TM_GPIO_INT_DisableClock
                0x00000000080033b8                TM_GPIO_INT_Init
                0x00000000080034c8                TM_GPIO_GetUsedPins
                0x00000000080034ec                TM_GPIO_GetFreePins
 .text          0x0000000008003514      0x3d8 CMakeFiles/RadioDisplay.dir/libs/display/tm_stm32f4_delay.c.obj
                0x00000000080035ac                SysTick_Handler
                0x00000000080036a0                TM_DELAY_Init
                0x00000000080036f0                TM_DELAY_EnableDelayTimer
                0x000000000800371c                TM_DELAY_DisableDelayTimer
                0x0000000008003738                TM_DELAY_TimerCreate
                0x00000000080037b4                TM_DELAY_TimerDelete
                0x0000000008003860                TM_DELAY_TimerStop
                0x000000000800387a                TM_DELAY_TimerStart
                0x0000000008003894                TM_DELAY_TimerReset
                0x00000000080038b0                TM_DELAY_TimerAutoReload
                0x00000000080038ce                TM_DELAY_TimerAutoReloadValue
 .text          0x00000000080038ec      0xaa8 CMakeFiles/RadioDisplay.dir/libs/display/tm_stm32f4_spi.c.obj
                0x00000000080038ec                TM_SPI_Init
                0x00000000080039cc                TM_SPI_InitWithMode
                0x0000000008003ab0                TM_SPI_InitFull
                0x0000000008003ba0                TM_SPI_GetPrescalerFromMaxFrequency
                0x0000000008003c30                TM_SPI_SetDataSize
                0x0000000008003c94                TM_SPI_SendMulti
                0x0000000008003d16                TM_SPI_WriteMulti
                0x0000000008003d8c                TM_SPI_ReadMulti
                0x0000000008003e08                TM_SPI_SendMulti16
                0x0000000008003e8e                TM_SPI_WriteMulti16
                0x0000000008003f06                TM_SPI_ReadMulti16
                0x0000000008003f84                TM_SPI_InitCustomPinsCallback
                0x000000000800411c                TM_SPI1_INT_InitPins
                0x000000000800417c                TM_SPI2_INT_InitPins
                0x0000000008004214                TM_SPI3_INT_InitPins
                0x0000000008004278                TM_SPI4_INT_InitPins
                0x00000000080042d8                TM_SPI5_INT_InitPins
                0x0000000008004350                TM_SPI6_INT_InitPins
 .text          0x0000000008004394      0x4fc CMakeFiles/RadioDisplay.dir/libs/display/tm_stm32f4_dma.c.obj
                0x00000000080043dc                TM_DMA_ClearFlags
                0x00000000080043f4                TM_DMA_ClearFlag
                0x0000000008004480                TM_DMA_GetFlags
                0x0000000008004520                TM_DMA_EnableInterrupts
                0x00000000080045c8                TM_DMA_DisableInterrupts
                0x0000000008004648                TM_DMA_TransferCompleteHandler
                0x000000000800465a                TM_DMA_HalfTransferCompleteHandler
                0x000000000800466c                TM_DMA_TransferErrorHandler
                0x000000000800467e                TM_DMA_DirectModeErrorHandler
                0x0000000008004690                TM_DMA_FIFOErrorHandler
                0x0000000008004752                DMA1_Stream0_IRQHandler
                0x0000000008004764                DMA1_Stream1_IRQHandler
                0x0000000008004778                DMA1_Stream2_IRQHandler
                0x000000000800478c                DMA1_Stream3_IRQHandler
                0x00000000080047a0                DMA1_Stream4_IRQHandler
                0x00000000080047b4                DMA1_Stream5_IRQHandler
                0x00000000080047c8                DMA1_Stream6_IRQHandler
                0x00000000080047dc                DMA1_Stream7_IRQHandler
                0x00000000080047f0                DMA2_Stream0_IRQHandler
                0x0000000008004804                DMA2_Stream1_IRQHandler
                0x0000000008004818                DMA2_Stream2_IRQHandler
                0x000000000800482c                DMA2_Stream3_IRQHandler
                0x0000000008004840                DMA2_Stream4_IRQHandler
                0x0000000008004854                DMA2_Stream5_IRQHandler
                0x0000000008004868                DMA2_Stream6_IRQHandler
                0x000000000800487c                DMA2_Stream7_IRQHandler
 .text          0x0000000008004890      0x4ec CMakeFiles/RadioDisplay.dir/libs/display/tm_stm32f4_spi_dma.c.obj
                0x0000000008004890                TM_SPI_DMA_Init
                0x0000000008004934                TM_SPI_DMA_InitWithStreamAndChannel
                0x0000000008004970                TM_SPI_DMA_Deinit
                0x000000000800499c                TM_SPI_DMA_Transmit
                0x0000000008004acc                TM_SPI_DMA_SendByte
                0x0000000008004b6c                TM_SPI_DMA_SendHalfWord
                0x0000000008004c18                TM_SPI_DMA_Working
                0x0000000008004c64                TM_SPI_DMA_GetStreamTX
                0x0000000008004c7e                TM_SPI_DMA_GetStreamRX
                0x0000000008004c98                TM_SPI_DMA_EnableInterrupts
                0x0000000008004cc4                TM_SPI_DMA_DisableInterrupts
 .text          0x0000000008004d7c      0xe6c CMakeFiles/RadioDisplay.dir/libs/display/tm_stm32f4_ili9341.c.obj
                0x0000000008004dde                TM_ILI9341_Init
                0x0000000008004e84                TM_ILI9341_InitLCD
                0x00000000080050fc                TM_ILI9341_DisplayOn
                0x000000000800510a                TM_ILI9341_DisplayOff
                0x0000000008005118                TM_ILI9341_SendCommand
                0x000000000800515c                TM_ILI9341_SendData
                0x00000000080051a0                TM_ILI9341_DrawPixel
                0x00000000080051e0                TM_ILI9341_SetCursorPosition
                0x0000000008005272                TM_ILI9341_Fill
                0x00000000080052a4                TM_ILI9341_INT_Fill
                0x0000000008005378                TM_ILI9341_Delay
                0x000000000800539a                TM_ILI9341_Rotate
                0x0000000008005424                TM_ILI9341_Puts
                0x00000000080054d4                TM_ILI9341_GetStringSize
                0x000000000800551a                TM_ILI9341_Putc
                0x000000000800563c                TM_ILI9341_DrawLine
                0x00000000080057c0                TM_ILI9341_DrawRectangle
                0x000000000800582e                TM_ILI9341_DrawFilledRectangle
                0x000000000800589c                TM_ILI9341_DrawCircle
                0x0000000008005a3a                TM_ILI9341_DrawFilledCircle
 .text          0x0000000008005be8      0x9b8 CMakeFiles/RadioDisplay.dir/libs/display/tm_stm32f4_stmpe811.c.obj
                0x0000000008005d38                TM_STMPE811_Init
                0x0000000008005e84                TM_STMPE811_Read
                0x0000000008005ea8                TM_STMPE811_ReadTouch
                0x000000000800604c                TM_STMPE811_ReadX
                0x0000000008006108                TM_STMPE811_ReadY
                0x00000000080061ac                i2c_read_byte
                0x0000000008006308                i2c_write_byte
                0x0000000008006410                i2c_read_bytes
 .text          0x00000000080065a0      0x280 CMakeFiles/RadioDisplay.dir/libs/ll_lib/src/stm32f4xx_ll_exti.c.obj
                0x00000000080066c0                LL_EXTI_DeInit
                0x00000000080066f8                LL_EXTI_Init
                0x00000000080067f6                LL_EXTI_StructInit
 .text          0x0000000008006820      0x550 CMakeFiles/RadioDisplay.dir/libs/ll_lib/src/stm32f4xx_ll_gpio.c.obj
                0x0000000008006af0                LL_GPIO_DeInit
                0x0000000008006c34                LL_GPIO_Init
                0x0000000008006d36                LL_GPIO_StructInit
 .text          0x0000000008006d70      0x95c CMakeFiles/RadioDisplay.dir/libs/ll_lib/src/stm32f4xx_ll_rcc.c.obj
                0x00000000080070ac                LL_RCC_DeInit
                0x0000000008007190                LL_RCC_GetSystemClocksFreq
                0x00000000080071da                LL_RCC_GetI2SClockFreq
                0x0000000008007224                LL_RCC_GetSAIClockFreq
                0x00000000080072b4                LL_RCC_GetSDIOClockFreq
                0x00000000080072e2                LL_RCC_GetRNGClockFreq
                0x0000000008007308                LL_RCC_GetUSBClockFreq
                0x000000000800732e                LL_RCC_GetLTDCClockFreq
                0x0000000008007354                RCC_GetSystemClockFreq
                0x00000000080073a4                RCC_GetHCLKClockFreq
                0x00000000080073d0                RCC_GetPCLK1ClockFreq
                0x00000000080073f8                RCC_GetPCLK2ClockFreq
                0x0000000008007420                RCC_PLL_GetFreqDomain_SYS
                0x000000000800749c                RCC_PLL_GetFreqDomain_48M
                0x0000000008007504                RCC_PLLSAI_GetFreqDomain_SAI
                0x000000000800757c                RCC_PLLSAI_GetFreqDomain_LTDC
                0x00000000080075f8                RCC_PLLI2S_GetFreqDomain_SAI
                0x0000000008007668                RCC_PLLI2S_GetFreqDomain_I2S
 .text          0x00000000080076cc      0x70c CMakeFiles/RadioDisplay.dir/libs/ll_lib/src/stm32f4xx_ll_utils.c.obj
                0x000000000800799c                LL_Init1msTick
                0x00000000080079b6                LL_mDelay
                0x0000000008007a00                LL_SetSystemCoreClock
                0x0000000008007a1c                LL_SetFlashLatency
                0x0000000008007ba0                LL_PLL_ConfigSystemClock_HSI
                0x0000000008007c14                LL_PLL_ConfigSystemClock_HSE
 .text          0x0000000008007dd8      0x37c CMakeFiles/RadioDisplay.dir/libs/ll_lib/src/stm32f4xx_ll_i2c.c.obj
                0x0000000008008028                LL_I2C_DeInit
                0x000000000800809c                LL_I2C_Init
                0x000000000800810e                LL_I2C_StructInit
 .text          0x0000000008008154      0x4e0 CMakeFiles/RadioDisplay.dir/libs/ll_lib/src/stm32f4xx_ll_spi.c.obj
                0x000000000800824c                LL_SPI_DeInit
                0x0000000008008324                LL_SPI_Init
                0x00000000080083c8                LL_SPI_StructInit
                0x0000000008008416                LL_I2S_DeInit
                0x000000000800842e                LL_I2S_Init
                0x0000000008008540                LL_I2S_StructInit
                0x0000000008008576                LL_I2S_ConfigPrescaler
                0x00000000080085a6                LL_I2S_InitFullDuplex
 .text          0x0000000008008634      0xcbc CMakeFiles/RadioDisplay.dir/libs/rf/nRF24.c.obj
                0x000000000800895c                nRF24_RX_Mode
                0x00000000080089b8                nRF24_TX_Mode
                0x0000000008008a08                nRF24_ReadConfig
                0x0000000008008a18                nRF24_WriteConfig
                0x0000000008008a34                nRF24_SetPALevel
                0x0000000008008a72                nRF24_SetDataRate
                0x0000000008008abe                nRF24_ReadStatus
                0x0000000008008ace                nRF24_WriteStatus
                0x0000000008008aea                nRF24_ReadFifoStatus
                0x0000000008008afa                nRF24_WriteFifoStatus
                0x0000000008008b16                nRF24_IsBitSetInFifoStatus
                0x0000000008008b46                nRF24_IsTxReuse
                0x0000000008008b56                nRF24_IsTxFull
                0x0000000008008b66                nRF24_IsTxEmpty
                0x0000000008008b76                nRF24_IsRxFull
                0x0000000008008b86                nRF24_IsRxEmpty
                0x0000000008008b96                nRF24_FlushRX
                0x0000000008008bc8                nRF24_FlushTX
                0x0000000008008bf8                nRF24_EnableCRC
                0x0000000008008c32                nRF24_SetCRCLength
                0x0000000008008c6c                nRF24_SetRetries
                0x0000000008008ca2                nRF24_SetRFChannel
                0x0000000008008cc4                nRF24_SetPayloadSize
                0x0000000008008cfc                nRF24_EnablePipe
                0x0000000008008d66                nRF24_AutoACK
                0x0000000008008dd0                nRF24_SetAddressWidth
                0x0000000008008e0a                nRF24_SetRXAddress
                0x0000000008008e7c                nRF24_SetTXAddress
                0x0000000008008f08                nRF24_ClearInterrupts
                0x0000000008008f2e                nRF24_GetDynamicPayloadSize
                0x0000000008008f60                nRF24_EnableRXDataReadyIRQ
                0x0000000008008f9a                nRF24_EnableTXDataSentIRQ
                0x0000000008008fd4                nRF24_EnableMaxRetransmitIRQ
                0x000000000800900e                nRF24_WriteTXPayload
                0x000000000800902e                nRF24_WaitTX
                0x0000000008009078                nRF24_ReadRXPaylaod
                0x00000000080090a4                nRF24_SendPacket
                0x00000000080090da                nRF24_ReceivePacket
                0x00000000080090f6                nRF24_RXAvailible
                0x0000000008009138                nRF24_IRQ_Handler
                0x0000000008009150                nRF24_IRQ_Read
                0x00000000080091dc                nRF24_EventRxCallback
                0x00000000080091e8                nRF24_EventTxCallback
                0x00000000080091f4                nRF24_EventMrCallback
                0x0000000008009200                nRF24_Event
                0x0000000008009250                nRF24_Init
 .text          0x00000000080092f0       0xa0 C:/ST/STM32CubeIDE_1.10.1/STM32CubeIDE/plugins/com.st.stm32cube.ide.mcu.externaltools.gnu-tools-for-stm32.11.3.rel1.win32_1.1.100.202309141235/tools/bin/../lib/gcc/arm-none-eabi/11.3.1/../../../../arm-none-eabi/lib/thumb/v7e-m/nofp\libg_nano.a(libc_a-memchr.o)
                0x00000000080092f0                memchr
 *(.text*)
 .text.memset   0x0000000008009390       0x10 C:/ST/STM32CubeIDE_1.10.1/STM32CubeIDE/plugins/com.st.stm32cube.ide.mcu.externaltools.gnu-tools-for-stm32.11.3.rel1.win32_1.1.100.202309141235/tools/bin/../lib/gcc/arm-none-eabi/11.3.1/../../../../arm-none-eabi/lib/thumb/v7e-m/nofp\libc_nano.a(libc_a-memset.o)
                0x0000000008009390                memset
 .text.__libc_init_array
                0x00000000080093a0       0x48 C:/ST/STM32CubeIDE_1.10.1/STM32CubeIDE/plugins/com.st.stm32cube.ide.mcu.externaltools.gnu-tools-for-stm32.11.3.rel1.win32_1.1.100.202309141235/tools/bin/../lib/gcc/arm-none-eabi/11.3.1/../../../../arm-none-eabi/lib/thumb/v7e-m/nofp\libc_nano.a(libc_a-init.o)
                0x00000000080093a0                __libc_init_array
 .text.__retarget_lock_acquire_recursive
                0x00000000080093e8        0x2 C:/ST/STM32CubeIDE_1.10.1/STM32CubeIDE/plugins/com.st.stm32cube.ide.mcu.externaltools.gnu-tools-for-stm32.11.3.rel1.win32_1.1.100.202309141235/tools/bin/../lib/gcc/arm-none-eabi/11.3.1/../../../../arm-none-eabi/lib/thumb/v7e-m/nofp\libc_nano.a(libc_a-lock.o)
                0x00000000080093e8                __retarget_lock_acquire_recursive
 .text.__retarget_lock_release_recursive
                0x00000000080093ea        0x2 C:/ST/STM32CubeIDE_1.10.1/STM32CubeIDE/plugins/com.st.stm32cube.ide.mcu.externaltools.gnu-tools-for-stm32.11.3.rel1.win32_1.1.100.202309141235/tools/bin/../lib/gcc/arm-none-eabi/11.3.1/../../../../arm-none-eabi/lib/thumb/v7e-m/nofp\libc_nano.a(libc_a-lock.o)
                0x00000000080093ea                __retarget_lock_release_recursive
 .text._free_r  0x00000000080093ec       0x94 C:/ST/STM32CubeIDE_1.10.1/STM32CubeIDE/plugins/com.st.stm32cube.ide.mcu.externaltools.gnu-tools-for-stm32.11.3.rel1.win32_1.1.100.202309141235/tools/bin/../lib/gcc/arm-none-eabi/11.3.1/../../../../arm-none-eabi/lib/thumb/v7e-m/nofp\libc_nano.a(libc_a-freer.o)
                0x00000000080093ec                _free_r
 .text.sbrk_aligned
                0x0000000008009480       0x40 C:/ST/STM32CubeIDE_1.10.1/STM32CubeIDE/plugins/com.st.stm32cube.ide.mcu.externaltools.gnu-tools-for-stm32.11.3.rel1.win32_1.1.100.202309141235/tools/bin/../lib/gcc/arm-none-eabi/11.3.1/../../../../arm-none-eabi/lib/thumb/v7e-m/nofp\libc_nano.a(libc_a-mallocr.o)
 .text._malloc_r
                0x00000000080094c0      0x100 C:/ST/STM32CubeIDE_1.10.1/STM32CubeIDE/plugins/com.st.stm32cube.ide.mcu.externaltools.gnu-tools-for-stm32.11.3.rel1.win32_1.1.100.202309141235/tools/bin/../lib/gcc/arm-none-eabi/11.3.1/../../../../arm-none-eabi/lib/thumb/v7e-m/nofp\libc_nano.a(libc_a-mallocr.o)
                0x00000000080094c0                _malloc_r
 .text.__malloc_lock
                0x00000000080095c0        0xc C:/ST/STM32CubeIDE_1.10.1/STM32CubeIDE/plugins/com.st.stm32cube.ide.mcu.externaltools.gnu-tools-for-stm32.11.3.rel1.win32_1.1.100.202309141235/tools/bin/../lib/gcc/arm-none-eabi/11.3.1/../../../../arm-none-eabi/lib/thumb/v7e-m/nofp\libc_nano.a(libc_a-mlock.o)
                0x00000000080095c0                __malloc_lock
 .text.__malloc_unlock
                0x00000000080095cc        0xc C:/ST/STM32CubeIDE_1.10.1/STM32CubeIDE/plugins/com.st.stm32cube.ide.mcu.externaltools.gnu-tools-for-stm32.11.3.rel1.win32_1.1.100.202309141235/tools/bin/../lib/gcc/arm-none-eabi/11.3.1/../../../../arm-none-eabi/lib/thumb/v7e-m/nofp\libc_nano.a(libc_a-mlock.o)
                0x00000000080095cc                __malloc_unlock
 .text._sbrk_r  0x00000000080095d8       0x20 C:/ST/STM32CubeIDE_1.10.1/STM32CubeIDE/plugins/com.st.stm32cube.ide.mcu.externaltools.gnu-tools-for-stm32.11.3.rel1.win32_1.1.100.202309141235/tools/bin/../lib/gcc/arm-none-eabi/11.3.1/../../../../arm-none-eabi/lib/thumb/v7e-m/nofp\libc_nano.a(libc_a-sbrkr.o)
                0x00000000080095d8                _sbrk_r
 .text.Reset_Handler
                0x00000000080095f8       0x50 CMakeFiles/RadioDisplay.dir/Startup/startup_stm32f429zitx.s.obj
                0x00000000080095f8                Reset_Handler
 .text.Default_Handler
                0x0000000008009648        0x2 CMakeFiles/RadioDisplay.dir/Startup/startup_stm32f429zitx.s.obj
                0x0000000008009648                RTC_Alarm_IRQHandler
                0x0000000008009648                HASH_RNG_IRQHandler
                0x0000000008009648                EXTI2_IRQHandler
                0x0000000008009648                TIM8_CC_IRQHandler
                0x0000000008009648                DebugMon_Handler
                0x0000000008009648                UART8_IRQHandler
                0x0000000008009648                SPI4_IRQHandler
                0x0000000008009648                TIM1_CC_IRQHandler
                0x0000000008009648                HardFault_Handler
                0x0000000008009648                PVD_IRQHandler
                0x0000000008009648                SDIO_IRQHandler
                0x0000000008009648                TAMP_STAMP_IRQHandler
                0x0000000008009648                PendSV_Handler
                0x0000000008009648                NMI_Handler
                0x0000000008009648                CAN2_RX1_IRQHandler
                0x0000000008009648                EXTI3_IRQHandler
                0x0000000008009648                TIM8_TRG_COM_TIM14_IRQHandler
                0x0000000008009648                TIM1_UP_TIM10_IRQHandler
                0x0000000008009648                TIM8_UP_TIM13_IRQHandler
                0x0000000008009648                I2C3_ER_IRQHandler
                0x0000000008009648                LCD_TFT_IRQHandler
                0x0000000008009648                I2C2_EV_IRQHandler
                0x0000000008009648                CAN1_RX0_IRQHandler
                0x0000000008009648                FPU_IRQHandler
                0x0000000008009648                OTG_HS_WKUP_IRQHandler
                0x0000000008009648                UsageFault_Handler
                0x0000000008009648                CAN2_SCE_IRQHandler
                0x0000000008009648                SPI1_IRQHandler
                0x0000000008009648                TIM6_DAC_IRQHandler
                0x0000000008009648                TIM1_BRK_TIM9_IRQHandler
                0x0000000008009648                DCMI_IRQHandler
                0x0000000008009648                CAN2_RX0_IRQHandler
                0x0000000008009648                USART6_IRQHandler
                0x0000000008009648                USART3_IRQHandler
                0x0000000008009648                CRYP_IRQHandler
                0x0000000008009648                CAN1_RX1_IRQHandler
                0x0000000008009648                UART5_IRQHandler
                0x0000000008009648                TIM4_IRQHandler
                0x0000000008009648                I2C1_EV_IRQHandler
                0x0000000008009648                UART4_IRQHandler
                0x0000000008009648                LCD_TFT_1_IRQHandler
                0x0000000008009648                TIM3_IRQHandler
                0x0000000008009648                RCC_IRQHandler
                0x0000000008009648                TIM8_BRK_TIM12_IRQHandler
                0x0000000008009648                Default_Handler
                0x0000000008009648                EXTI15_10_IRQHandler
                0x0000000008009648                ADC_IRQHandler
                0x0000000008009648                SPI5_IRQHandler
                0x0000000008009648                TIM7_IRQHandler
                0x0000000008009648                CAN2_TX_IRQHandler
                0x0000000008009648                TIM5_IRQHandler
                0x0000000008009648                I2C3_EV_IRQHandler
                0x0000000008009648                EXTI9_5_IRQHandler
                0x0000000008009648                RTC_WKUP_IRQHandler
                0x0000000008009648                ETH_WKUP_IRQHandler
                0x0000000008009648                SPI2_IRQHandler
                0x0000000008009648                OTG_HS_EP1_IN_IRQHandler
                0x0000000008009648                MemManage_Handler
                0x0000000008009648                CAN1_TX_IRQHandler
                0x0000000008009648                SVC_Handler
                0x0000000008009648                EXTI4_IRQHandler
                0x0000000008009648                ETH_IRQHandler
                0x0000000008009648                OTG_HS_EP1_OUT_IRQHandler
                0x0000000008009648                WWDG_IRQHandler
                0x0000000008009648                SPI6_IRQHandler
                0x0000000008009648                TIM2_IRQHandler
                0x0000000008009648                OTG_FS_WKUP_IRQHandler
                0x0000000008009648                TIM1_TRG_COM_TIM11_IRQHandler
                0x0000000008009648                OTG_HS_IRQHandler
                0x0000000008009648                DMA2D_IRQHandler
                0x0000000008009648                EXTI1_IRQHandler
                0x0000000008009648                UART7_IRQHandler
                0x0000000008009648                USART2_IRQHandler
                0x0000000008009648                I2C2_ER_IRQHandler
                0x0000000008009648                CAN1_SCE_IRQHandler
                0x0000000008009648                FLASH_IRQHandler
                0x0000000008009648                BusFault_Handler
                0x0000000008009648                USART1_IRQHandler
                0x0000000008009648                OTG_FS_IRQHandler
                0x0000000008009648                SPI3_IRQHandler
                0x0000000008009648                I2C1_ER_IRQHandler
                0x0000000008009648                FMC_IRQHandler
                0x0000000008009648                SAI1_IRQHandler
 *fill*         0x000000000800964a        0x2 
 .text.malloc   0x000000000800964c       0x10 C:/ST/STM32CubeIDE_1.10.1/STM32CubeIDE/plugins/com.st.stm32cube.ide.mcu.externaltools.gnu-tools-for-stm32.11.3.rel1.win32_1.1.100.202309141235/tools/bin/../lib/gcc/arm-none-eabi/11.3.1/../../../../arm-none-eabi/lib/thumb/v7e-m/nofp\libg_nano.a(libc_a-malloc.o)
                0x000000000800964c                malloc
 .text.free     0x000000000800965c       0x10 C:/ST/STM32CubeIDE_1.10.1/STM32CubeIDE/plugins/com.st.stm32cube.ide.mcu.externaltools.gnu-tools-for-stm32.11.3.rel1.win32_1.1.100.202309141235/tools/bin/../lib/gcc/arm-none-eabi/11.3.1/../../../../arm-none-eabi/lib/thumb/v7e-m/nofp\libg_nano.a(libc_a-malloc.o)
                0x000000000800965c                free
 .text.sprintf  0x000000000800966c       0x40 C:/ST/STM32CubeIDE_1.10.1/STM32CubeIDE/plugins/com.st.stm32cube.ide.mcu.externaltools.gnu-tools-for-stm32.11.3.rel1.win32_1.1.100.202309141235/tools/bin/../lib/gcc/arm-none-eabi/11.3.1/../../../../arm-none-eabi/lib/thumb/v7e-m/nofp\libg_nano.a(libc_a-sprintf.o)
                0x000000000800966c                siprintf
                0x000000000800966c                sprintf
 .text.__errno  0x00000000080096ac        0xc C:/ST/STM32CubeIDE_1.10.1/STM32CubeIDE/plugins/com.st.stm32cube.ide.mcu.externaltools.gnu-tools-for-stm32.11.3.rel1.win32_1.1.100.202309141235/tools/bin/../lib/gcc/arm-none-eabi/11.3.1/../../../../arm-none-eabi/lib/thumb/v7e-m/nofp\libg_nano.a(libc_a-errno.o)
                0x00000000080096ac                __errno
 .text.__ssputs_r
                0x00000000080096b8       0xb4 C:/ST/STM32CubeIDE_1.10.1/STM32CubeIDE/plugins/com.st.stm32cube.ide.mcu.externaltools.gnu-tools-for-stm32.11.3.rel1.win32_1.1.100.202309141235/tools/bin/../lib/gcc/arm-none-eabi/11.3.1/../../../../arm-none-eabi/lib/thumb/v7e-m/nofp\libg_nano.a(libc_a-nano-svfprintf.o)
                0x00000000080096b8                __ssputs_r
 .text._svfprintf_r
                0x000000000800976c      0x1fc C:/ST/STM32CubeIDE_1.10.1/STM32CubeIDE/plugins/com.st.stm32cube.ide.mcu.externaltools.gnu-tools-for-stm32.11.3.rel1.win32_1.1.100.202309141235/tools/bin/../lib/gcc/arm-none-eabi/11.3.1/../../../../arm-none-eabi/lib/thumb/v7e-m/nofp\libg_nano.a(libc_a-nano-svfprintf.o)
                0x000000000800976c                _svfiprintf_r
                0x000000000800976c                _svfprintf_r
 .text._printf_common
                0x0000000008009968       0xda C:/ST/STM32CubeIDE_1.10.1/STM32CubeIDE/plugins/com.st.stm32cube.ide.mcu.externaltools.gnu-tools-for-stm32.11.3.rel1.win32_1.1.100.202309141235/tools/bin/../lib/gcc/arm-none-eabi/11.3.1/../../../../arm-none-eabi/lib/thumb/v7e-m/nofp\libg_nano.a(libc_a-nano-vfprintf_i.o)
                0x0000000008009968                _printf_common
 *fill*         0x0000000008009a42        0x2 
 .text._printf_i
                0x0000000008009a44      0x244 C:/ST/STM32CubeIDE_1.10.1/STM32CubeIDE/plugins/com.st.stm32cube.ide.mcu.externaltools.gnu-tools-for-stm32.11.3.rel1.win32_1.1.100.202309141235/tools/bin/../lib/gcc/arm-none-eabi/11.3.1/../../../../arm-none-eabi/lib/thumb/v7e-m/nofp\libg_nano.a(libc_a-nano-vfprintf_i.o)
                0x0000000008009a44                _printf_i
 .text.memmove  0x0000000008009c88       0x34 C:/ST/STM32CubeIDE_1.10.1/STM32CubeIDE/plugins/com.st.stm32cube.ide.mcu.externaltools.gnu-tools-for-stm32.11.3.rel1.win32_1.1.100.202309141235/tools/bin/../lib/gcc/arm-none-eabi/11.3.1/../../../../arm-none-eabi/lib/thumb/v7e-m/nofp\libg_nano.a(libc_a-memmove.o)
                0x0000000008009c88                memmove
 .text.memcpy   0x0000000008009cbc       0x1c C:/ST/STM32CubeIDE_1.10.1/STM32CubeIDE/plugins/com.st.stm32cube.ide.mcu.externaltools.gnu-tools-for-stm32.11.3.rel1.win32_1.1.100.202309141235/tools/bin/../lib/gcc/arm-none-eabi/11.3.1/../../../../arm-none-eabi/lib/thumb/v7e-m/nofp\libg_nano.a(libc_a-memcpy-stub.o)
                0x0000000008009cbc                memcpy
 .text._realloc_r
                0x0000000008009cd8       0x5e C:/ST/STM32CubeIDE_1.10.1/STM32CubeIDE/plugins/com.st.stm32cube.ide.mcu.externaltools.gnu-tools-for-stm32.11.3.rel1.win32_1.1.100.202309141235/tools/bin/../lib/gcc/arm-none-eabi/11.3.1/../../../../arm-none-eabi/lib/thumb/v7e-m/nofp\libg_nano.a(libc_a-reallocr.o)
                0x0000000008009cd8                _realloc_r
 .text._malloc_usable_size_r
                0x0000000008009d36       0x10 C:/ST/STM32CubeIDE_1.10.1/STM32CubeIDE/plugins/com.st.stm32cube.ide.mcu.externaltools.gnu-tools-for-stm32.11.3.rel1.win32_1.1.100.202309141235/tools/bin/../lib/gcc/arm-none-eabi/11.3.1/../../../../arm-none-eabi/lib/thumb/v7e-m/nofp\libg_nano.a(libc_a-msizer.o)
                0x0000000008009d36                _malloc_usable_size_r
 *(.glue_7)
 .glue_7        0x0000000008009d46        0x0 linker stubs
 *(.glue_7t)
 .glue_7t       0x0000000008009d46        0x0 linker stubs
 *(.eh_frame)
 *fill*         0x0000000008009d46        0x2 
 .eh_frame      0x0000000008009d48        0x0 C:/ST/STM32CubeIDE_1.10.1/STM32CubeIDE/plugins/com.st.stm32cube.ide.mcu.externaltools.gnu-tools-for-stm32.11.3.rel1.win32_1.1.100.202309141235/tools/bin/../lib/gcc/arm-none-eabi/11.3.1/thumb/v7e-m/nofp/crtbegin.o
 *(.init)
 .init          0x0000000008009d48        0x4 C:/ST/STM32CubeIDE_1.10.1/STM32CubeIDE/plugins/com.st.stm32cube.ide.mcu.externaltools.gnu-tools-for-stm32.11.3.rel1.win32_1.1.100.202309141235/tools/bin/../lib/gcc/arm-none-eabi/11.3.1/thumb/v7e-m/nofp/crti.o
                0x0000000008009d48                _init
 .init          0x0000000008009d4c        0x8 C:/ST/STM32CubeIDE_1.10.1/STM32CubeIDE/plugins/com.st.stm32cube.ide.mcu.externaltools.gnu-tools-for-stm32.11.3.rel1.win32_1.1.100.202309141235/tools/bin/../lib/gcc/arm-none-eabi/11.3.1/thumb/v7e-m/nofp/crtn.o
 *(.fini)
 .fini          0x0000000008009d54        0x4 C:/ST/STM32CubeIDE_1.10.1/STM32CubeIDE/plugins/com.st.stm32cube.ide.mcu.externaltools.gnu-tools-for-stm32.11.3.rel1.win32_1.1.100.202309141235/tools/bin/../lib/gcc/arm-none-eabi/11.3.1/thumb/v7e-m/nofp/crti.o
                0x0000000008009d54                _fini
 .fini          0x0000000008009d58        0x8 C:/ST/STM32CubeIDE_1.10.1/STM32CubeIDE/plugins/com.st.stm32cube.ide.mcu.externaltools.gnu-tools-for-stm32.11.3.rel1.win32_1.1.100.202309141235/tools/bin/../lib/gcc/arm-none-eabi/11.3.1/thumb/v7e-m/nofp/crtn.o
                0x0000000008009d60                . = ALIGN (0x4)
                0x0000000008009d60                _etext = .

.vfp11_veneer   0x0000000008009d60        0x0
 .vfp11_veneer  0x0000000008009d60        0x0 linker stubs

.v4_bx          0x0000000008009d60        0x0
 .v4_bx         0x0000000008009d60        0x0 linker stubs

.iplt           0x0000000008009d60        0x0
 .iplt          0x0000000008009d60        0x0 C:/ST/STM32CubeIDE_1.10.1/STM32CubeIDE/plugins/com.st.stm32cube.ide.mcu.externaltools.gnu-tools-for-stm32.11.3.rel1.win32_1.1.100.202309141235/tools/bin/../lib/gcc/arm-none-eabi/11.3.1/thumb/v7e-m/nofp/crtbegin.o

.rodata         0x0000000008009d60     0x28ec
                0x0000000008009d60                . = ALIGN (0x4)
 *(.rodata)
 .rodata        0x0000000008009d60       0x74 CMakeFiles/RadioDisplay.dir/src/main.c.obj
 .rodata        0x0000000008009dd4       0x18 CMakeFiles/RadioDisplay.dir/src/system_stm32f4xx.c.obj
                0x0000000008009dd4                AHBPrescTable
                0x0000000008009de4                APBPrescTable
 .rodata        0x0000000008009dec       0x14 CMakeFiles/RadioDisplay.dir/libs/display/tm_stm32f4_dma.c.obj
 .rodata        0x0000000008009e00     0x2814 CMakeFiles/RadioDisplay.dir/libs/display/tm_stm32f4_fonts.c.obj
                0x0000000008009e00                TM_Font7x10
                0x000000000800a56c                TM_Font11x18
                0x000000000800b2c8                TM_Font16x26
 .rodata        0x000000000800c614        0x4 CMakeFiles/RadioDisplay.dir/libs/ll_lib/src/stm32f4xx_ll_rcc.c.obj
 *(.rodata*)
 .rodata._svfprintf_r.str1.1
                0x000000000800c618       0x11 C:/ST/STM32CubeIDE_1.10.1/STM32CubeIDE/plugins/com.st.stm32cube.ide.mcu.externaltools.gnu-tools-for-stm32.11.3.rel1.win32_1.1.100.202309141235/tools/bin/../lib/gcc/arm-none-eabi/11.3.1/../../../../arm-none-eabi/lib/thumb/v7e-m/nofp\libg_nano.a(libc_a-nano-svfprintf.o)
 .rodata._printf_i.str1.1
                0x000000000800c629       0x22 C:/ST/STM32CubeIDE_1.10.1/STM32CubeIDE/plugins/com.st.stm32cube.ide.mcu.externaltools.gnu-tools-for-stm32.11.3.rel1.win32_1.1.100.202309141235/tools/bin/../lib/gcc/arm-none-eabi/11.3.1/../../../../arm-none-eabi/lib/thumb/v7e-m/nofp\libg_nano.a(libc_a-nano-vfprintf_i.o)
                0x000000000800c64c                . = ALIGN (0x4)
 *fill*         0x000000000800c64b        0x1 

.rel.dyn        0x000000000800c64c        0x0
 .rel.iplt      0x000000000800c64c        0x0 C:/ST/STM32CubeIDE_1.10.1/STM32CubeIDE/plugins/com.st.stm32cube.ide.mcu.externaltools.gnu-tools-for-stm32.11.3.rel1.win32_1.1.100.202309141235/tools/bin/../lib/gcc/arm-none-eabi/11.3.1/thumb/v7e-m/nofp/crtbegin.o

.ARM.extab      0x000000000800c64c        0x0
                0x000000000800c64c                . = ALIGN (0x4)
 *(.ARM.extab* .gnu.linkonce.armextab.*)
                0x000000000800c64c                . = ALIGN (0x4)

.ARM            0x000000000800c64c        0x0
                0x000000000800c64c                . = ALIGN (0x4)
                0x000000000800c64c                __exidx_start = .
 *(.ARM.exidx*)
                0x000000000800c64c                __exidx_end = .
                0x000000000800c64c                . = ALIGN (0x4)

.preinit_array  0x000000000800c64c        0x0
                0x000000000800c64c                . = ALIGN (0x4)
                0x000000000800c64c                PROVIDE (__preinit_array_start = .)
 *(.preinit_array*)
                0x000000000800c64c                PROVIDE (__preinit_array_end = .)
                0x000000000800c64c                . = ALIGN (0x4)

.init_array     0x000000000800c64c        0x4
                0x000000000800c64c                . = ALIGN (0x4)
                0x000000000800c64c                PROVIDE (__init_array_start = .)
 *(SORT_BY_NAME(.init_array.*))
 *(.init_array*)
 .init_array    0x000000000800c64c        0x4 C:/ST/STM32CubeIDE_1.10.1/STM32CubeIDE/plugins/com.st.stm32cube.ide.mcu.externaltools.gnu-tools-for-stm32.11.3.rel1.win32_1.1.100.202309141235/tools/bin/../lib/gcc/arm-none-eabi/11.3.1/thumb/v7e-m/nofp/crtbegin.o
                0x000000000800c650                PROVIDE (__init_array_end = .)
                0x000000000800c650                . = ALIGN (0x4)

.fini_array     0x000000000800c650        0x4
                0x000000000800c650                . = ALIGN (0x4)
                [!provide]                        PROVIDE (__fini_array_start = .)
 *(SORT_BY_NAME(.fini_array.*))
 *(.fini_array*)
 .fini_array    0x000000000800c650        0x4 C:/ST/STM32CubeIDE_1.10.1/STM32CubeIDE/plugins/com.st.stm32cube.ide.mcu.externaltools.gnu-tools-for-stm32.11.3.rel1.win32_1.1.100.202309141235/tools/bin/../lib/gcc/arm-none-eabi/11.3.1/thumb/v7e-m/nofp/crtbegin.o
                [!provide]                        PROVIDE (__fini_array_end = .)
                0x000000000800c654                . = ALIGN (0x4)
                0x000000000800c654                _sidata = LOADADDR (.data)

.data           0x0000000020000000      0x10c load address 0x000000000800c654
                0x0000000020000000                . = ALIGN (0x4)
                0x0000000020000000                _sdata = .
 *(.data)
 .data          0x0000000020000000        0x4 CMakeFiles/RadioDisplay.dir/src/system_stm32f4xx.c.obj
                0x0000000020000000                SystemCoreClock
 .data          0x0000000020000004       0x10 CMakeFiles/RadioDisplay.dir/libs/system_periph/stm32f4xx_rcc.c.obj
 .data          0x0000000020000014       0x90 CMakeFiles/RadioDisplay.dir/libs/display/tm_stm32f4_spi_dma.c.obj
 .data          0x00000000200000a4       0x18 CMakeFiles/RadioDisplay.dir/libs/display/tm_stm32f4_fonts.c.obj
                0x00000000200000a4                TM_Font_7x10
                0x00000000200000ac                TM_Font_11x18
                0x00000000200000b4                TM_Font_16x26
 *(.data*)
 .data._impure_data
                0x00000000200000bc       0x4c C:/ST/STM32CubeIDE_1.10.1/STM32CubeIDE/plugins/com.st.stm32cube.ide.mcu.externaltools.gnu-tools-for-stm32.11.3.rel1.win32_1.1.100.202309141235/tools/bin/../lib/gcc/arm-none-eabi/11.3.1/../../../../arm-none-eabi/lib/thumb/v7e-m/nofp\libc_nano.a(libc_a-impure.o)
                0x00000000200000bc                _impure_data
 .data._impure_ptr
                0x0000000020000108        0x4 C:/ST/STM32CubeIDE_1.10.1/STM32CubeIDE/plugins/com.st.stm32cube.ide.mcu.externaltools.gnu-tools-for-stm32.11.3.rel1.win32_1.1.100.202309141235/tools/bin/../lib/gcc/arm-none-eabi/11.3.1/../../../../arm-none-eabi/lib/thumb/v7e-m/nofp\libc_nano.a(libc_a-impure.o)
                0x0000000020000108                _impure_ptr
 *(.RamFunc)
 *(.RamFunc*)
                0x000000002000010c                . = ALIGN (0x4)
                0x000000002000010c                _edata = .
                0x000000000800c760                _siccmram = LOADADDR (.ccmram)

.igot.plt       0x000000002000010c        0x0 load address 0x000000000800c760
 .igot.plt      0x000000002000010c        0x0 C:/ST/STM32CubeIDE_1.10.1/STM32CubeIDE/plugins/com.st.stm32cube.ide.mcu.externaltools.gnu-tools-for-stm32.11.3.rel1.win32_1.1.100.202309141235/tools/bin/../lib/gcc/arm-none-eabi/11.3.1/thumb/v7e-m/nofp/crtbegin.o

.ccmram         0x0000000010000000        0x0 load address 0x000000000800c760
                0x0000000010000000                . = ALIGN (0x4)
                0x0000000010000000                _sccmram = .
 *(.ccmram)
 *(.ccmram*)
                0x0000000010000000                . = ALIGN (0x4)
                0x0000000010000000                _eccmram = .
                0x0000000010000000                . = ALIGN (0x4)

.bss            0x000000002000010c      0x200
                0x000000002000010c                _sbss = .
                0x000000002000010c                __bss_start__ = _sbss
 *(.bss)
 .bss           0x000000002000010c       0x1c C:/ST/STM32CubeIDE_1.10.1/STM32CubeIDE/plugins/com.st.stm32cube.ide.mcu.externaltools.gnu-tools-for-stm32.11.3.rel1.win32_1.1.100.202309141235/tools/bin/../lib/gcc/arm-none-eabi/11.3.1/thumb/v7e-m/nofp/crtbegin.o
 .bss           0x0000000020000128        0x1 CMakeFiles/RadioDisplay.dir/src/main.c.obj
                0x0000000020000128                rf_receive_flag
 *fill*         0x0000000020000129        0x3 
 .bss           0x000000002000012c        0x4 CMakeFiles/RadioDisplay.dir/src/sysmem.c.obj
 .bss           0x0000000020000130       0x16 CMakeFiles/RadioDisplay.dir/libs/display/tm_stm32f4_gpio.c.obj
 *fill*         0x0000000020000146        0x2 
 .bss           0x0000000020000148       0x2c CMakeFiles/RadioDisplay.dir/libs/display/tm_stm32f4_delay.c.obj
                0x0000000020000148                TM_TimingDelay
                0x000000002000014c                TM_Time
                0x0000000020000150                TM_Time2
                0x0000000020000154                mult
                0x0000000020000158                TM_DELAY_Initialized
 .bss           0x0000000020000174       0x3c CMakeFiles/RadioDisplay.dir/libs/display/tm_stm32f4_spi_dma.c.obj
 .bss           0x00000000200001b0        0xb CMakeFiles/RadioDisplay.dir/libs/display/tm_stm32f4_ili9341.c.obj
                0x00000000200001b0                ILI9341_x
                0x00000000200001b2                ILI9341_y
                0x00000000200001b4                ILI9341_Opts
                0x00000000200001ba                ILI9341_INT_CalledFromPuts
 *fill*         0x00000000200001bb        0x1 
 .bss           0x00000000200001bc        0x7 CMakeFiles/RadioDisplay.dir/libs/rf/nRF24.c.obj
 *(.bss*)
 *fill*         0x00000000200001c3        0x1 
 .bss.__sf      0x00000000200001c4      0x138 C:/ST/STM32CubeIDE_1.10.1/STM32CubeIDE/plugins/com.st.stm32cube.ide.mcu.externaltools.gnu-tools-for-stm32.11.3.rel1.win32_1.1.100.202309141235/tools/bin/../lib/gcc/arm-none-eabi/11.3.1/../../../../arm-none-eabi/lib/thumb/v7e-m/nofp\libc_nano.a(libc_a-findfp.o)
                0x00000000200001c4                __sf
 .bss.errno     0x00000000200002fc        0x4 C:/ST/STM32CubeIDE_1.10.1/STM32CubeIDE/plugins/com.st.stm32cube.ide.mcu.externaltools.gnu-tools-for-stm32.11.3.rel1.win32_1.1.100.202309141235/tools/bin/../lib/gcc/arm-none-eabi/11.3.1/../../../../arm-none-eabi/lib/thumb/v7e-m/nofp\libc_nano.a(libc_a-reent.o)
                0x00000000200002fc                errno
 .bss.__lock___malloc_recursive_mutex
                0x0000000020000300        0x1 C:/ST/STM32CubeIDE_1.10.1/STM32CubeIDE/plugins/com.st.stm32cube.ide.mcu.externaltools.gnu-tools-for-stm32.11.3.rel1.win32_1.1.100.202309141235/tools/bin/../lib/gcc/arm-none-eabi/11.3.1/../../../../arm-none-eabi/lib/thumb/v7e-m/nofp\libc_nano.a(libc_a-lock.o)
                0x0000000020000300                __lock___malloc_recursive_mutex
 *fill*         0x0000000020000301        0x3 
 .bss.__malloc_free_list
                0x0000000020000304        0x4 C:/ST/STM32CubeIDE_1.10.1/STM32CubeIDE/plugins/com.st.stm32cube.ide.mcu.externaltools.gnu-tools-for-stm32.11.3.rel1.win32_1.1.100.202309141235/tools/bin/../lib/gcc/arm-none-eabi/11.3.1/../../../../arm-none-eabi/lib/thumb/v7e-m/nofp\libc_nano.a(libc_a-mallocr.o)
                0x0000000020000304                __malloc_free_list
 .bss.__malloc_sbrk_start
                0x0000000020000308        0x4 C:/ST/STM32CubeIDE_1.10.1/STM32CubeIDE/plugins/com.st.stm32cube.ide.mcu.externaltools.gnu-tools-for-stm32.11.3.rel1.win32_1.1.100.202309141235/tools/bin/../lib/gcc/arm-none-eabi/11.3.1/../../../../arm-none-eabi/lib/thumb/v7e-m/nofp\libc_nano.a(libc_a-mallocr.o)
                0x0000000020000308                __malloc_sbrk_start
 *(COMMON)
                0x000000002000030c                . = ALIGN (0x4)
                0x000000002000030c                _ebss = .
                0x000000002000030c                __bss_end__ = _ebss

._user_heap_stack
                0x000000002000030c      0x604
                0x0000000020000310                . = ALIGN (0x8)
 *fill*         0x000000002000030c        0x4 
                [!provide]                        PROVIDE (end = .)
                0x0000000020000310                PROVIDE (_end = .)
                0x0000000020000510                . = (. + _Min_Heap_Size)
 *fill*         0x0000000020000310      0x200 
                0x0000000020000910                . = (. + _Min_Stack_Size)
 *fill*         0x0000000020000510      0x400 
                0x0000000020000910                . = ALIGN (0x8)

/DISCARD/
 libc.a(*)
 libm.a(*)
 libgcc.a(*)

.ARM.attributes
                0x0000000000000000       0x2a
 *(.ARM.attributes)
 .ARM.attributes
                0x0000000000000000       0x1e C:/ST/STM32CubeIDE_1.10.1/STM32CubeIDE/plugins/com.st.stm32cube.ide.mcu.externaltools.gnu-tools-for-stm32.11.3.rel1.win32_1.1.100.202309141235/tools/bin/../lib/gcc/arm-none-eabi/11.3.1/thumb/v7e-m/nofp/crti.o
 .ARM.attributes
                0x000000000000001e       0x2e C:/ST/STM32CubeIDE_1.10.1/STM32CubeIDE/plugins/com.st.stm32cube.ide.mcu.externaltools.gnu-tools-for-stm32.11.3.rel1.win32_1.1.100.202309141235/tools/bin/../lib/gcc/arm-none-eabi/11.3.1/thumb/v7e-m/nofp/crtbegin.o
 .ARM.attributes
                0x000000000000004c       0x2e C:/ST/STM32CubeIDE_1.10.1/STM32CubeIDE/plugins/com.st.stm32cube.ide.mcu.externaltools.gnu-tools-for-stm32.11.3.rel1.win32_1.1.100.202309141235/tools/bin/../lib/gcc/arm-none-eabi/11.3.1/../../../../arm-none-eabi/lib/thumb/v7e-m/nofp\libc_nano.a(libc_a-findfp.o)
 .ARM.attributes
                0x000000000000007a       0x2e C:/ST/STM32CubeIDE_1.10.1/STM32CubeIDE/plugins/com.st.stm32cube.ide.mcu.externaltools.gnu-tools-for-stm32.11.3.rel1.win32_1.1.100.202309141235/tools/bin/../lib/gcc/arm-none-eabi/11.3.1/../../../../arm-none-eabi/lib/thumb/v7e-m/nofp\libc_nano.a(libc_a-memset.o)
 .ARM.attributes
                0x00000000000000a8       0x2e C:/ST/STM32CubeIDE_1.10.1/STM32CubeIDE/plugins/com.st.stm32cube.ide.mcu.externaltools.gnu-tools-for-stm32.11.3.rel1.win32_1.1.100.202309141235/tools/bin/../lib/gcc/arm-none-eabi/11.3.1/../../../../arm-none-eabi/lib/thumb/v7e-m/nofp\libc_nano.a(libc_a-reent.o)
 .ARM.attributes
                0x00000000000000d6       0x2e C:/ST/STM32CubeIDE_1.10.1/STM32CubeIDE/plugins/com.st.stm32cube.ide.mcu.externaltools.gnu-tools-for-stm32.11.3.rel1.win32_1.1.100.202309141235/tools/bin/../lib/gcc/arm-none-eabi/11.3.1/../../../../arm-none-eabi/lib/thumb/v7e-m/nofp\libc_nano.a(libc_a-impure.o)
 .ARM.attributes
                0x0000000000000104       0x2e C:/ST/STM32CubeIDE_1.10.1/STM32CubeIDE/plugins/com.st.stm32cube.ide.mcu.externaltools.gnu-tools-for-stm32.11.3.rel1.win32_1.1.100.202309141235/tools/bin/../lib/gcc/arm-none-eabi/11.3.1/../../../../arm-none-eabi/lib/thumb/v7e-m/nofp\libc_nano.a(libc_a-init.o)
 .ARM.attributes
                0x0000000000000132       0x2e C:/ST/STM32CubeIDE_1.10.1/STM32CubeIDE/plugins/com.st.stm32cube.ide.mcu.externaltools.gnu-tools-for-stm32.11.3.rel1.win32_1.1.100.202309141235/tools/bin/../lib/gcc/arm-none-eabi/11.3.1/../../../../arm-none-eabi/lib/thumb/v7e-m/nofp\libc_nano.a(libc_a-lock.o)
 .ARM.attributes
                0x0000000000000160       0x2e C:/ST/STM32CubeIDE_1.10.1/STM32CubeIDE/plugins/com.st.stm32cube.ide.mcu.externaltools.gnu-tools-for-stm32.11.3.rel1.win32_1.1.100.202309141235/tools/bin/../lib/gcc/arm-none-eabi/11.3.1/../../../../arm-none-eabi/lib/thumb/v7e-m/nofp\libc_nano.a(libc_a-freer.o)
 .ARM.attributes
                0x000000000000018e       0x2e C:/ST/STM32CubeIDE_1.10.1/STM32CubeIDE/plugins/com.st.stm32cube.ide.mcu.externaltools.gnu-tools-for-stm32.11.3.rel1.win32_1.1.100.202309141235/tools/bin/../lib/gcc/arm-none-eabi/11.3.1/../../../../arm-none-eabi/lib/thumb/v7e-m/nofp\libc_nano.a(libc_a-mallocr.o)
 .ARM.attributes
                0x00000000000001bc       0x2e C:/ST/STM32CubeIDE_1.10.1/STM32CubeIDE/plugins/com.st.stm32cube.ide.mcu.externaltools.gnu-tools-for-stm32.11.3.rel1.win32_1.1.100.202309141235/tools/bin/../lib/gcc/arm-none-eabi/11.3.1/../../../../arm-none-eabi/lib/thumb/v7e-m/nofp\libc_nano.a(libc_a-mlock.o)
 .ARM.attributes
                0x00000000000001ea       0x2e C:/ST/STM32CubeIDE_1.10.1/STM32CubeIDE/plugins/com.st.stm32cube.ide.mcu.externaltools.gnu-tools-for-stm32.11.3.rel1.win32_1.1.100.202309141235/tools/bin/../lib/gcc/arm-none-eabi/11.3.1/../../../../arm-none-eabi/lib/thumb/v7e-m/nofp\libc_nano.a(libc_a-sbrkr.o)
 .ARM.attributes
                0x0000000000000218       0x21 CMakeFiles/RadioDisplay.dir/Startup/startup_stm32f429zitx.s.obj
 .ARM.attributes
                0x0000000000000239       0x2e CMakeFiles/RadioDisplay.dir/src/main.c.obj
 .ARM.attributes
                0x0000000000000267       0x2e CMakeFiles/RadioDisplay.dir/src/init.c.obj
 .ARM.attributes
                0x0000000000000295       0x2e CMakeFiles/RadioDisplay.dir/src/sysmem.c.obj
 .ARM.attributes
                0x00000000000002c3       0x2e CMakeFiles/RadioDisplay.dir/src/system_stm32f4xx.c.obj
 .ARM.attributes
                0x00000000000002f1       0x2e CMakeFiles/RadioDisplay.dir/libs/system_periph/stm32f4xx_rcc.c.obj
 .ARM.attributes
                0x000000000000031f       0x2e CMakeFiles/RadioDisplay.dir/libs/system_periph/stm32f4xx_spi.c.obj
 .ARM.attributes
                0x000000000000034d       0x2e CMakeFiles/RadioDisplay.dir/libs/system_periph/stm32f4xx_gpio.c.obj
 .ARM.attributes
                0x000000000000037b       0x2e CMakeFiles/RadioDisplay.dir/libs/system_periph/stm32f4xx_dma.c.obj
 .ARM.attributes
                0x00000000000003a9       0x2e CMakeFiles/RadioDisplay.dir/libs/system_periph/misc.c.obj
 .ARM.attributes
                0x00000000000003d7       0x2e CMakeFiles/RadioDisplay.dir/libs/display/tm_stm32f4_gpio.c.obj
 .ARM.attributes
                0x0000000000000405       0x2e CMakeFiles/RadioDisplay.dir/libs/display/tm_stm32f4_delay.c.obj
 .ARM.attributes
                0x0000000000000433       0x2e CMakeFiles/RadioDisplay.dir/libs/display/tm_stm32f4_spi.c.obj
 .ARM.attributes
                0x0000000000000461       0x2e CMakeFiles/RadioDisplay.dir/libs/display/tm_stm32f4_dma.c.obj
 .ARM.attributes
                0x000000000000048f       0x2e CMakeFiles/RadioDisplay.dir/libs/display/tm_stm32f4_spi_dma.c.obj
 .ARM.attributes
                0x00000000000004bd       0x2e CMakeFiles/RadioDisplay.dir/libs/display/tm_stm32f4_fonts.c.obj
 .ARM.attributes
                0x00000000000004eb       0x2e CMakeFiles/RadioDisplay.dir/libs/display/tm_stm32f4_ili9341.c.obj
 .ARM.attributes
                0x0000000000000519       0x2e CMakeFiles/RadioDisplay.dir/libs/display/tm_stm32f4_stmpe811.c.obj
 .ARM.attributes
                0x0000000000000547       0x2e CMakeFiles/RadioDisplay.dir/libs/ll_lib/src/stm32f4xx_ll_exti.c.obj
 .ARM.attributes
                0x0000000000000575       0x2e CMakeFiles/RadioDisplay.dir/libs/ll_lib/src/stm32f4xx_ll_gpio.c.obj
 .ARM.attributes
                0x00000000000005a3       0x2e CMakeFiles/RadioDisplay.dir/libs/ll_lib/src/stm32f4xx_ll_rcc.c.obj
 .ARM.attributes
                0x00000000000005d1       0x2e CMakeFiles/RadioDisplay.dir/libs/ll_lib/src/stm32f4xx_ll_utils.c.obj
 .ARM.attributes
                0x00000000000005ff       0x2e CMakeFiles/RadioDisplay.dir/libs/ll_lib/src/stm32f4xx_ll_i2c.c.obj
 .ARM.attributes
                0x000000000000062d       0x2e CMakeFiles/RadioDisplay.dir/libs/ll_lib/src/stm32f4xx_ll_spi.c.obj
 .ARM.attributes
                0x000000000000065b       0x2e CMakeFiles/RadioDisplay.dir/libs/rf/nRF24.c.obj
 .ARM.attributes
                0x0000000000000689       0x2e C:/ST/STM32CubeIDE_1.10.1/STM32CubeIDE/plugins/com.st.stm32cube.ide.mcu.externaltools.gnu-tools-for-stm32.11.3.rel1.win32_1.1.100.202309141235/tools/bin/../lib/gcc/arm-none-eabi/11.3.1/../../../../arm-none-eabi/lib/thumb/v7e-m/nofp\libg_nano.a(libc_a-malloc.o)
 .ARM.attributes
                0x00000000000006b7       0x2e C:/ST/STM32CubeIDE_1.10.1/STM32CubeIDE/plugins/com.st.stm32cube.ide.mcu.externaltools.gnu-tools-for-stm32.11.3.rel1.win32_1.1.100.202309141235/tools/bin/../lib/gcc/arm-none-eabi/11.3.1/../../../../arm-none-eabi/lib/thumb/v7e-m/nofp\libg_nano.a(libc_a-sprintf.o)
 .ARM.attributes
                0x00000000000006e5       0x2e C:/ST/STM32CubeIDE_1.10.1/STM32CubeIDE/plugins/com.st.stm32cube.ide.mcu.externaltools.gnu-tools-for-stm32.11.3.rel1.win32_1.1.100.202309141235/tools/bin/../lib/gcc/arm-none-eabi/11.3.1/../../../../arm-none-eabi/lib/thumb/v7e-m/nofp\libg_nano.a(libc_a-errno.o)
 .ARM.attributes
                0x0000000000000713       0x2e C:/ST/STM32CubeIDE_1.10.1/STM32CubeIDE/plugins/com.st.stm32cube.ide.mcu.externaltools.gnu-tools-for-stm32.11.3.rel1.win32_1.1.100.202309141235/tools/bin/../lib/gcc/arm-none-eabi/11.3.1/../../../../arm-none-eabi/lib/thumb/v7e-m/nofp\libg_nano.a(libc_a-nano-svfprintf.o)
 .ARM.attributes
                0x0000000000000741       0x2e C:/ST/STM32CubeIDE_1.10.1/STM32CubeIDE/plugins/com.st.stm32cube.ide.mcu.externaltools.gnu-tools-for-stm32.11.3.rel1.win32_1.1.100.202309141235/tools/bin/../lib/gcc/arm-none-eabi/11.3.1/../../../../arm-none-eabi/lib/thumb/v7e-m/nofp\libg_nano.a(libc_a-nano-vfprintf_i.o)
 .ARM.attributes
                0x000000000000076f       0x2e C:/ST/STM32CubeIDE_1.10.1/STM32CubeIDE/plugins/com.st.stm32cube.ide.mcu.externaltools.gnu-tools-for-stm32.11.3.rel1.win32_1.1.100.202309141235/tools/bin/../lib/gcc/arm-none-eabi/11.3.1/../../../../arm-none-eabi/lib/thumb/v7e-m/nofp\libg_nano.a(libc_a-memmove.o)
 .ARM.attributes
                0x000000000000079d       0x1c C:/ST/STM32CubeIDE_1.10.1/STM32CubeIDE/plugins/com.st.stm32cube.ide.mcu.externaltools.gnu-tools-for-stm32.11.3.rel1.win32_1.1.100.202309141235/tools/bin/../lib/gcc/arm-none-eabi/11.3.1/../../../../arm-none-eabi/lib/thumb/v7e-m/nofp\libg_nano.a(libc_a-memchr.o)
 .ARM.attributes
                0x00000000000007b9       0x2e C:/ST/STM32CubeIDE_1.10.1/STM32CubeIDE/plugins/com.st.stm32cube.ide.mcu.externaltools.gnu-tools-for-stm32.11.3.rel1.win32_1.1.100.202309141235/tools/bin/../lib/gcc/arm-none-eabi/11.3.1/../../../../arm-none-eabi/lib/thumb/v7e-m/nofp\libg_nano.a(libc_a-memcpy-stub.o)
 .ARM.attributes
                0x00000000000007e7       0x2e C:/ST/STM32CubeIDE_1.10.1/STM32CubeIDE/plugins/com.st.stm32cube.ide.mcu.externaltools.gnu-tools-for-stm32.11.3.rel1.win32_1.1.100.202309141235/tools/bin/../lib/gcc/arm-none-eabi/11.3.1/../../../../arm-none-eabi/lib/thumb/v7e-m/nofp\libg_nano.a(libc_a-reallocr.o)
 .ARM.attributes
                0x0000000000000815       0x2e C:/ST/STM32CubeIDE_1.10.1/STM32CubeIDE/plugins/com.st.stm32cube.ide.mcu.externaltools.gnu-tools-for-stm32.11.3.rel1.win32_1.1.100.202309141235/tools/bin/../lib/gcc/arm-none-eabi/11.3.1/../../../../arm-none-eabi/lib/thumb/v7e-m/nofp\libg_nano.a(libc_a-msizer.o)
 .ARM.attributes
                0x0000000000000843       0x1e C:/ST/STM32CubeIDE_1.10.1/STM32CubeIDE/plugins/com.st.stm32cube.ide.mcu.externaltools.gnu-tools-for-stm32.11.3.rel1.win32_1.1.100.202309141235/tools/bin/../lib/gcc/arm-none-eabi/11.3.1/thumb/v7e-m/nofp/crtn.o
OUTPUT(RadioDisplay.elf elf32-littlearm)
LOAD linker stubs
LOAD C:/ST/STM32CubeIDE_1.10.1/STM32CubeIDE/plugins/com.st.stm32cube.ide.mcu.externaltools.gnu-tools-for-stm32.11.3.rel1.win32_1.1.100.202309141235/tools/bin/../lib/gcc/arm-none-eabi/11.3.1/../../../../arm-none-eabi/lib/thumb/v7e-m/nofp\libc.a
LOAD C:/ST/STM32CubeIDE_1.10.1/STM32CubeIDE/plugins/com.st.stm32cube.ide.mcu.externaltools.gnu-tools-for-stm32.11.3.rel1.win32_1.1.100.202309141235/tools/bin/../lib/gcc/arm-none-eabi/11.3.1/../../../../arm-none-eabi/lib/thumb/v7e-m/nofp\libm.a
LOAD C:/ST/STM32CubeIDE_1.10.1/STM32CubeIDE/plugins/com.st.stm32cube.ide.mcu.externaltools.gnu-tools-for-stm32.11.3.rel1.win32_1.1.100.202309141235/tools/bin/../lib/gcc/arm-none-eabi/11.3.1/thumb/v7e-m/nofp\libgcc.a

.comment        0x0000000000000000       0x43
 .comment       0x0000000000000000       0x43 C:/ST/STM32CubeIDE_1.10.1/STM32CubeIDE/plugins/com.st.stm32cube.ide.mcu.externaltools.gnu-tools-for-stm32.11.3.rel1.win32_1.1.100.202309141235/tools/bin/../lib/gcc/arm-none-eabi/11.3.1/thumb/v7e-m/nofp/crtbegin.o
                                         0x44 (size before relaxing)
 .comment       0x0000000000000043       0x44 CMakeFiles/RadioDisplay.dir/src/main.c.obj
 .comment       0x0000000000000043       0x44 CMakeFiles/RadioDisplay.dir/src/init.c.obj
 .comment       0x0000000000000043       0x44 CMakeFiles/RadioDisplay.dir/src/sysmem.c.obj
 .comment       0x0000000000000043       0x44 CMakeFiles/RadioDisplay.dir/src/system_stm32f4xx.c.obj
 .comment       0x0000000000000043       0x44 CMakeFiles/RadioDisplay.dir/libs/system_periph/stm32f4xx_rcc.c.obj
 .comment       0x0000000000000043       0x44 CMakeFiles/RadioDisplay.dir/libs/system_periph/stm32f4xx_spi.c.obj
 .comment       0x0000000000000043       0x44 CMakeFiles/RadioDisplay.dir/libs/system_periph/stm32f4xx_gpio.c.obj
 .comment       0x0000000000000043       0x44 CMakeFiles/RadioDisplay.dir/libs/system_periph/stm32f4xx_dma.c.obj
 .comment       0x0000000000000043       0x44 CMakeFiles/RadioDisplay.dir/libs/system_periph/misc.c.obj
 .comment       0x0000000000000043       0x44 CMakeFiles/RadioDisplay.dir/libs/display/tm_stm32f4_gpio.c.obj
 .comment       0x0000000000000043       0x44 CMakeFiles/RadioDisplay.dir/libs/display/tm_stm32f4_delay.c.obj
 .comment       0x0000000000000043       0x44 CMakeFiles/RadioDisplay.dir/libs/display/tm_stm32f4_spi.c.obj
 .comment       0x0000000000000043       0x44 CMakeFiles/RadioDisplay.dir/libs/display/tm_stm32f4_dma.c.obj
 .comment       0x0000000000000043       0x44 CMakeFiles/RadioDisplay.dir/libs/display/tm_stm32f4_spi_dma.c.obj
 .comment       0x0000000000000043       0x44 CMakeFiles/RadioDisplay.dir/libs/display/tm_stm32f4_fonts.c.obj
 .comment       0x0000000000000043       0x44 CMakeFiles/RadioDisplay.dir/libs/display/tm_stm32f4_ili9341.c.obj
 .comment       0x0000000000000043       0x44 CMakeFiles/RadioDisplay.dir/libs/display/tm_stm32f4_stmpe811.c.obj
 .comment       0x0000000000000043       0x44 CMakeFiles/RadioDisplay.dir/libs/ll_lib/src/stm32f4xx_ll_exti.c.obj
 .comment       0x0000000000000043       0x44 CMakeFiles/RadioDisplay.dir/libs/ll_lib/src/stm32f4xx_ll_gpio.c.obj
 .comment       0x0000000000000043       0x44 CMakeFiles/RadioDisplay.dir/libs/ll_lib/src/stm32f4xx_ll_rcc.c.obj
 .comment       0x0000000000000043       0x44 CMakeFiles/RadioDisplay.dir/libs/ll_lib/src/stm32f4xx_ll_utils.c.obj
 .comment       0x0000000000000043       0x44 CMakeFiles/RadioDisplay.dir/libs/ll_lib/src/stm32f4xx_ll_i2c.c.obj
 .comment       0x0000000000000043       0x44 CMakeFiles/RadioDisplay.dir/libs/ll_lib/src/stm32f4xx_ll_spi.c.obj
 .comment       0x0000000000000043       0x44 CMakeFiles/RadioDisplay.dir/libs/rf/nRF24.c.obj
 .comment       0x0000000000000043       0x44 C:/ST/STM32CubeIDE_1.10.1/STM32CubeIDE/plugins/com.st.stm32cube.ide.mcu.externaltools.gnu-tools-for-stm32.11.3.rel1.win32_1.1.100.202309141235/tools/bin/../lib/gcc/arm-none-eabi/11.3.1/../../../../arm-none-eabi/lib/thumb/v7e-m/nofp\libg_nano.a(libc_a-malloc.o)
 .comment       0x0000000000000043       0x44 C:/ST/STM32CubeIDE_1.10.1/STM32CubeIDE/plugins/com.st.stm32cube.ide.mcu.externaltools.gnu-tools-for-stm32.11.3.rel1.win32_1.1.100.202309141235/tools/bin/../lib/gcc/arm-none-eabi/11.3.1/../../../../arm-none-eabi/lib/thumb/v7e-m/nofp\libg_nano.a(libc_a-sprintf.o)
 .comment       0x0000000000000043       0x44 C:/ST/STM32CubeIDE_1.10.1/STM32CubeIDE/plugins/com.st.stm32cube.ide.mcu.externaltools.gnu-tools-for-stm32.11.3.rel1.win32_1.1.100.202309141235/tools/bin/../lib/gcc/arm-none-eabi/11.3.1/../../../../arm-none-eabi/lib/thumb/v7e-m/nofp\libg_nano.a(libc_a-errno.o)
 .comment       0x0000000000000043       0x44 C:/ST/STM32CubeIDE_1.10.1/STM32CubeIDE/plugins/com.st.stm32cube.ide.mcu.externaltools.gnu-tools-for-stm32.11.3.rel1.win32_1.1.100.202309141235/tools/bin/../lib/gcc/arm-none-eabi/11.3.1/../../../../arm-none-eabi/lib/thumb/v7e-m/nofp\libg_nano.a(libc_a-nano-svfprintf.o)
 .comment       0x0000000000000043       0x44 C:/ST/STM32CubeIDE_1.10.1/STM32CubeIDE/plugins/com.st.stm32cube.ide.mcu.externaltools.gnu-tools-for-stm32.11.3.rel1.win32_1.1.100.202309141235/tools/bin/../lib/gcc/arm-none-eabi/11.3.1/../../../../arm-none-eabi/lib/thumb/v7e-m/nofp\libg_nano.a(libc_a-nano-vfprintf_i.o)
 .comment       0x0000000000000043       0x44 C:/ST/STM32CubeIDE_1.10.1/STM32CubeIDE/plugins/com.st.stm32cube.ide.mcu.externaltools.gnu-tools-for-stm32.11.3.rel1.win32_1.1.100.202309141235/tools/bin/../lib/gcc/arm-none-eabi/11.3.1/../../../../arm-none-eabi/lib/thumb/v7e-m/nofp\libg_nano.a(libc_a-memmove.o)
 .comment       0x0000000000000043       0x44 C:/ST/STM32CubeIDE_1.10.1/STM32CubeIDE/plugins/com.st.stm32cube.ide.mcu.externaltools.gnu-tools-for-stm32.11.3.rel1.win32_1.1.100.202309141235/tools/bin/../lib/gcc/arm-none-eabi/11.3.1/../../../../arm-none-eabi/lib/thumb/v7e-m/nofp\libg_nano.a(libc_a-memcpy-stub.o)
 .comment       0x0000000000000043       0x44 C:/ST/STM32CubeIDE_1.10.1/STM32CubeIDE/plugins/com.st.stm32cube.ide.mcu.externaltools.gnu-tools-for-stm32.11.3.rel1.win32_1.1.100.202309141235/tools/bin/../lib/gcc/arm-none-eabi/11.3.1/../../../../arm-none-eabi/lib/thumb/v7e-m/nofp\libg_nano.a(libc_a-reallocr.o)
 .comment       0x0000000000000043       0x44 C:/ST/STM32CubeIDE_1.10.1/STM32CubeIDE/plugins/com.st.stm32cube.ide.mcu.externaltools.gnu-tools-for-stm32.11.3.rel1.win32_1.1.100.202309141235/tools/bin/../lib/gcc/arm-none-eabi/11.3.1/../../../../arm-none-eabi/lib/thumb/v7e-m/nofp\libg_nano.a(libc_a-msizer.o)

.debug_frame    0x0000000000000000     0x4ac4
 .debug_frame   0x0000000000000000      0x144 C:/ST/STM32CubeIDE_1.10.1/STM32CubeIDE/plugins/com.st.stm32cube.ide.mcu.externaltools.gnu-tools-for-stm32.11.3.rel1.win32_1.1.100.202309141235/tools/bin/../lib/gcc/arm-none-eabi/11.3.1/../../../../arm-none-eabi/lib/thumb/v7e-m/nofp\libc_nano.a(libc_a-findfp.o)
 .debug_frame   0x0000000000000144       0x20 C:/ST/STM32CubeIDE_1.10.1/STM32CubeIDE/plugins/com.st.stm32cube.ide.mcu.externaltools.gnu-tools-for-stm32.11.3.rel1.win32_1.1.100.202309141235/tools/bin/../lib/gcc/arm-none-eabi/11.3.1/../../../../arm-none-eabi/lib/thumb/v7e-m/nofp\libc_nano.a(libc_a-memset.o)
 .debug_frame   0x0000000000000164       0x38 C:/ST/STM32CubeIDE_1.10.1/STM32CubeIDE/plugins/com.st.stm32cube.ide.mcu.externaltools.gnu-tools-for-stm32.11.3.rel1.win32_1.1.100.202309141235/tools/bin/../lib/gcc/arm-none-eabi/11.3.1/../../../../arm-none-eabi/lib/thumb/v7e-m/nofp\libc_nano.a(libc_a-reent.o)
 .debug_frame   0x000000000000019c       0x2c C:/ST/STM32CubeIDE_1.10.1/STM32CubeIDE/plugins/com.st.stm32cube.ide.mcu.externaltools.gnu-tools-for-stm32.11.3.rel1.win32_1.1.100.202309141235/tools/bin/../lib/gcc/arm-none-eabi/11.3.1/../../../../arm-none-eabi/lib/thumb/v7e-m/nofp\libc_nano.a(libc_a-init.o)
 .debug_frame   0x00000000000001c8       0xb0 C:/ST/STM32CubeIDE_1.10.1/STM32CubeIDE/plugins/com.st.stm32cube.ide.mcu.externaltools.gnu-tools-for-stm32.11.3.rel1.win32_1.1.100.202309141235/tools/bin/../lib/gcc/arm-none-eabi/11.3.1/../../../../arm-none-eabi/lib/thumb/v7e-m/nofp\libc_nano.a(libc_a-lock.o)
 .debug_frame   0x0000000000000278       0x38 C:/ST/STM32CubeIDE_1.10.1/STM32CubeIDE/plugins/com.st.stm32cube.ide.mcu.externaltools.gnu-tools-for-stm32.11.3.rel1.win32_1.1.100.202309141235/tools/bin/../lib/gcc/arm-none-eabi/11.3.1/../../../../arm-none-eabi/lib/thumb/v7e-m/nofp\libc_nano.a(libc_a-freer.o)
 .debug_frame   0x00000000000002b0       0x50 C:/ST/STM32CubeIDE_1.10.1/STM32CubeIDE/plugins/com.st.stm32cube.ide.mcu.externaltools.gnu-tools-for-stm32.11.3.rel1.win32_1.1.100.202309141235/tools/bin/../lib/gcc/arm-none-eabi/11.3.1/../../../../arm-none-eabi/lib/thumb/v7e-m/nofp\libc_nano.a(libc_a-mallocr.o)
 .debug_frame   0x0000000000000300       0x30 C:/ST/STM32CubeIDE_1.10.1/STM32CubeIDE/plugins/com.st.stm32cube.ide.mcu.externaltools.gnu-tools-for-stm32.11.3.rel1.win32_1.1.100.202309141235/tools/bin/../lib/gcc/arm-none-eabi/11.3.1/../../../../arm-none-eabi/lib/thumb/v7e-m/nofp\libc_nano.a(libc_a-mlock.o)
 .debug_frame   0x0000000000000330       0x2c C:/ST/STM32CubeIDE_1.10.1/STM32CubeIDE/plugins/com.st.stm32cube.ide.mcu.externaltools.gnu-tools-for-stm32.11.3.rel1.win32_1.1.100.202309141235/tools/bin/../lib/gcc/arm-none-eabi/11.3.1/../../../../arm-none-eabi/lib/thumb/v7e-m/nofp\libc_nano.a(libc_a-sbrkr.o)
 .debug_frame   0x000000000000035c       0x9c CMakeFiles/RadioDisplay.dir/src/main.c.obj
 .debug_frame   0x00000000000003f8      0x5a0 CMakeFiles/RadioDisplay.dir/src/init.c.obj
 .debug_frame   0x0000000000000998       0x34 CMakeFiles/RadioDisplay.dir/src/sysmem.c.obj
 .debug_frame   0x00000000000009cc       0x58 CMakeFiles/RadioDisplay.dir/src/system_stm32f4xx.c.obj
 .debug_frame   0x0000000000000a24      0x6d4 CMakeFiles/RadioDisplay.dir/libs/system_periph/stm32f4xx_rcc.c.obj
 .debug_frame   0x00000000000010f8      0x3f4 CMakeFiles/RadioDisplay.dir/libs/system_periph/stm32f4xx_spi.c.obj
 .debug_frame   0x00000000000014ec      0x23c CMakeFiles/RadioDisplay.dir/libs/system_periph/stm32f4xx_gpio.c.obj
 .debug_frame   0x0000000000001728      0x308 CMakeFiles/RadioDisplay.dir/libs/system_periph/stm32f4xx_dma.c.obj
 .debug_frame   0x0000000000001a30       0xd8 CMakeFiles/RadioDisplay.dir/libs/system_periph/misc.c.obj
 .debug_frame   0x0000000000001b08      0x274 CMakeFiles/RadioDisplay.dir/libs/display/tm_stm32f4_gpio.c.obj
 .debug_frame   0x0000000000001d7c      0x1ec CMakeFiles/RadioDisplay.dir/libs/display/tm_stm32f4_delay.c.obj
 .debug_frame   0x0000000000001f68      0x2e8 CMakeFiles/RadioDisplay.dir/libs/display/tm_stm32f4_spi.c.obj
 .debug_frame   0x0000000000002250      0x3a0 CMakeFiles/RadioDisplay.dir/libs/display/tm_stm32f4_dma.c.obj
 .debug_frame   0x00000000000025f0      0x1c4 CMakeFiles/RadioDisplay.dir/libs/display/tm_stm32f4_spi_dma.c.obj
 .debug_frame   0x00000000000027b4       0x38 CMakeFiles/RadioDisplay.dir/libs/display/tm_stm32f4_fonts.c.obj
 .debug_frame   0x00000000000027ec      0x318 CMakeFiles/RadioDisplay.dir/libs/display/tm_stm32f4_ili9341.c.obj
 .debug_frame   0x0000000000002b04      0x2c8 CMakeFiles/RadioDisplay.dir/libs/display/tm_stm32f4_stmpe811.c.obj
 .debug_frame   0x0000000000002dcc      0x1bc CMakeFiles/RadioDisplay.dir/libs/ll_lib/src/stm32f4xx_ll_exti.c.obj
 .debug_frame   0x0000000000002f88      0x1c0 CMakeFiles/RadioDisplay.dir/libs/ll_lib/src/stm32f4xx_ll_gpio.c.obj
 .debug_frame   0x0000000000003148      0x668 CMakeFiles/RadioDisplay.dir/libs/ll_lib/src/stm32f4xx_ll_rcc.c.obj
 .debug_frame   0x00000000000037b0      0x418 CMakeFiles/RadioDisplay.dir/libs/ll_lib/src/stm32f4xx_ll_utils.c.obj
 .debug_frame   0x0000000000003bc8      0x1e8 CMakeFiles/RadioDisplay.dir/libs/ll_lib/src/stm32f4xx_ll_i2c.c.obj
 .debug_frame   0x0000000000003db0      0x254 CMakeFiles/RadioDisplay.dir/libs/ll_lib/src/stm32f4xx_ll_spi.c.obj
 .debug_frame   0x0000000000004004      0x868 CMakeFiles/RadioDisplay.dir/libs/rf/nRF24.c.obj
 .debug_frame   0x000000000000486c       0x30 C:/ST/STM32CubeIDE_1.10.1/STM32CubeIDE/plugins/com.st.stm32cube.ide.mcu.externaltools.gnu-tools-for-stm32.11.3.rel1.win32_1.1.100.202309141235/tools/bin/../lib/gcc/arm-none-eabi/11.3.1/../../../../arm-none-eabi/lib/thumb/v7e-m/nofp\libg_nano.a(libc_a-malloc.o)
 .debug_frame   0x000000000000489c       0x6c C:/ST/STM32CubeIDE_1.10.1/STM32CubeIDE/plugins/com.st.stm32cube.ide.mcu.externaltools.gnu-tools-for-stm32.11.3.rel1.win32_1.1.100.202309141235/tools/bin/../lib/gcc/arm-none-eabi/11.3.1/../../../../arm-none-eabi/lib/thumb/v7e-m/nofp\libg_nano.a(libc_a-sprintf.o)
 .debug_frame   0x0000000000004908       0x20 C:/ST/STM32CubeIDE_1.10.1/STM32CubeIDE/plugins/com.st.stm32cube.ide.mcu.externaltools.gnu-tools-for-stm32.11.3.rel1.win32_1.1.100.202309141235/tools/bin/../lib/gcc/arm-none-eabi/11.3.1/../../../../arm-none-eabi/lib/thumb/v7e-m/nofp\libg_nano.a(libc_a-errno.o)
 .debug_frame   0x0000000000004928       0x90 C:/ST/STM32CubeIDE_1.10.1/STM32CubeIDE/plugins/com.st.stm32cube.ide.mcu.externaltools.gnu-tools-for-stm32.11.3.rel1.win32_1.1.100.202309141235/tools/bin/../lib/gcc/arm-none-eabi/11.3.1/../../../../arm-none-eabi/lib/thumb/v7e-m/nofp\libg_nano.a(libc_a-nano-svfprintf.o)
 .debug_frame   0x00000000000049b8       0x60 C:/ST/STM32CubeIDE_1.10.1/STM32CubeIDE/plugins/com.st.stm32cube.ide.mcu.externaltools.gnu-tools-for-stm32.11.3.rel1.win32_1.1.100.202309141235/tools/bin/../lib/gcc/arm-none-eabi/11.3.1/../../../../arm-none-eabi/lib/thumb/v7e-m/nofp\libg_nano.a(libc_a-nano-vfprintf_i.o)
 .debug_frame   0x0000000000004a18       0x28 C:/ST/STM32CubeIDE_1.10.1/STM32CubeIDE/plugins/com.st.stm32cube.ide.mcu.externaltools.gnu-tools-for-stm32.11.3.rel1.win32_1.1.100.202309141235/tools/bin/../lib/gcc/arm-none-eabi/11.3.1/../../../../arm-none-eabi/lib/thumb/v7e-m/nofp\libg_nano.a(libc_a-memmove.o)
 .debug_frame   0x0000000000004a40       0x28 C:/ST/STM32CubeIDE_1.10.1/STM32CubeIDE/plugins/com.st.stm32cube.ide.mcu.externaltools.gnu-tools-for-stm32.11.3.rel1.win32_1.1.100.202309141235/tools/bin/../lib/gcc/arm-none-eabi/11.3.1/../../../../arm-none-eabi/lib/thumb/v7e-m/nofp\libg_nano.a(libc_a-memcpy-stub.o)
 .debug_frame   0x0000000000004a68       0x3c C:/ST/STM32CubeIDE_1.10.1/STM32CubeIDE/plugins/com.st.stm32cube.ide.mcu.externaltools.gnu-tools-for-stm32.11.3.rel1.win32_1.1.100.202309141235/tools/bin/../lib/gcc/arm-none-eabi/11.3.1/../../../../arm-none-eabi/lib/thumb/v7e-m/nofp\libg_nano.a(libc_a-reallocr.o)
 .debug_frame   0x0000000000004aa4       0x20 C:/ST/STM32CubeIDE_1.10.1/STM32CubeIDE/plugins/com.st.stm32cube.ide.mcu.externaltools.gnu-tools-for-stm32.11.3.rel1.win32_1.1.100.202309141235/tools/bin/../lib/gcc/arm-none-eabi/11.3.1/../../../../arm-none-eabi/lib/thumb/v7e-m/nofp\libg_nano.a(libc_a-msizer.o)

.debug_line     0x0000000000000000     0xb147
 .debug_line    0x0000000000000000       0x7b CMakeFiles/RadioDisplay.dir/Startup/startup_stm32f429zitx.s.obj
 .debug_line    0x000000000000007b      0x66c CMakeFiles/RadioDisplay.dir/src/main.c.obj
 .debug_line    0x00000000000006e7      0x7f2 CMakeFiles/RadioDisplay.dir/src/init.c.obj
 .debug_line    0x0000000000000ed9      0x361 CMakeFiles/RadioDisplay.dir/src/sysmem.c.obj
 .debug_line    0x000000000000123a      0x38f CMakeFiles/RadioDisplay.dir/src/system_stm32f4xx.c.obj
 .debug_line    0x00000000000015c9      0x7c3 CMakeFiles/RadioDisplay.dir/libs/system_periph/stm32f4xx_rcc.c.obj
 .debug_line    0x0000000000001d8c      0x6b9 CMakeFiles/RadioDisplay.dir/libs/system_periph/stm32f4xx_spi.c.obj
 .debug_line    0x0000000000002445      0x551 CMakeFiles/RadioDisplay.dir/libs/system_periph/stm32f4xx_gpio.c.obj
 .debug_line    0x0000000000002996      0x658 CMakeFiles/RadioDisplay.dir/libs/system_periph/stm32f4xx_dma.c.obj
 .debug_line    0x0000000000002fee      0x395 CMakeFiles/RadioDisplay.dir/libs/system_periph/misc.c.obj
 .debug_line    0x0000000000003383      0x5d9 CMakeFiles/RadioDisplay.dir/libs/display/tm_stm32f4_gpio.c.obj
 .debug_line    0x000000000000395c      0x755 CMakeFiles/RadioDisplay.dir/libs/display/tm_stm32f4_delay.c.obj
 .debug_line    0x00000000000040b1      0x73d CMakeFiles/RadioDisplay.dir/libs/display/tm_stm32f4_spi.c.obj
 .debug_line    0x00000000000047ee      0x59d CMakeFiles/RadioDisplay.dir/libs/display/tm_stm32f4_dma.c.obj
 .debug_line    0x0000000000004d8b      0x581 CMakeFiles/RadioDisplay.dir/libs/display/tm_stm32f4_spi_dma.c.obj
 .debug_line    0x000000000000530c      0x451 CMakeFiles/RadioDisplay.dir/libs/display/tm_stm32f4_fonts.c.obj
 .debug_line    0x000000000000575d      0x7d2 CMakeFiles/RadioDisplay.dir/libs/display/tm_stm32f4_ili9341.c.obj
 .debug_line    0x0000000000005f2f      0x8a8 CMakeFiles/RadioDisplay.dir/libs/display/tm_stm32f4_stmpe811.c.obj
 .debug_line    0x00000000000067d7      0x3f1 CMakeFiles/RadioDisplay.dir/libs/ll_lib/src/stm32f4xx_ll_exti.c.obj
 .debug_line    0x0000000000006bc8      0x5e5 CMakeFiles/RadioDisplay.dir/libs/ll_lib/src/stm32f4xx_ll_gpio.c.obj
 .debug_line    0x00000000000071ad      0x772 CMakeFiles/RadioDisplay.dir/libs/ll_lib/src/stm32f4xx_ll_rcc.c.obj
 .debug_line    0x000000000000791f      0x728 CMakeFiles/RadioDisplay.dir/libs/ll_lib/src/stm32f4xx_ll_utils.c.obj
 .debug_line    0x0000000000008047      0x499 CMakeFiles/RadioDisplay.dir/libs/ll_lib/src/stm32f4xx_ll_i2c.c.obj
 .debug_line    0x00000000000084e0      0x541 CMakeFiles/RadioDisplay.dir/libs/ll_lib/src/stm32f4xx_ll_spi.c.obj
 .debug_line    0x0000000000008a21      0x90c CMakeFiles/RadioDisplay.dir/libs/rf/nRF24.c.obj
 .debug_line    0x000000000000932d      0x201 C:/ST/STM32CubeIDE_1.10.1/STM32CubeIDE/plugins/com.st.stm32cube.ide.mcu.externaltools.gnu-tools-for-stm32.11.3.rel1.win32_1.1.100.202309141235/tools/bin/../lib/gcc/arm-none-eabi/11.3.1/../../../../arm-none-eabi/lib/thumb/v7e-m/nofp\libg_nano.a(libc_a-malloc.o)
 .debug_line    0x000000000000952e      0x2b0 C:/ST/STM32CubeIDE_1.10.1/STM32CubeIDE/plugins/com.st.stm32cube.ide.mcu.externaltools.gnu-tools-for-stm32.11.3.rel1.win32_1.1.100.202309141235/tools/bin/../lib/gcc/arm-none-eabi/11.3.1/../../../../arm-none-eabi/lib/thumb/v7e-m/nofp\libg_nano.a(libc_a-sprintf.o)
 .debug_line    0x00000000000097de      0x185 C:/ST/STM32CubeIDE_1.10.1/STM32CubeIDE/plugins/com.st.stm32cube.ide.mcu.externaltools.gnu-tools-for-stm32.11.3.rel1.win32_1.1.100.202309141235/tools/bin/../lib/gcc/arm-none-eabi/11.3.1/../../../../arm-none-eabi/lib/thumb/v7e-m/nofp\libg_nano.a(libc_a-errno.o)
 .debug_line    0x0000000000009963      0x86a C:/ST/STM32CubeIDE_1.10.1/STM32CubeIDE/plugins/com.st.stm32cube.ide.mcu.externaltools.gnu-tools-for-stm32.11.3.rel1.win32_1.1.100.202309141235/tools/bin/../lib/gcc/arm-none-eabi/11.3.1/../../../../arm-none-eabi/lib/thumb/v7e-m/nofp\libg_nano.a(libc_a-nano-svfprintf.o)
 .debug_line    0x000000000000a1cd      0x745 C:/ST/STM32CubeIDE_1.10.1/STM32CubeIDE/plugins/com.st.stm32cube.ide.mcu.externaltools.gnu-tools-for-stm32.11.3.rel1.win32_1.1.100.202309141235/tools/bin/../lib/gcc/arm-none-eabi/11.3.1/../../../../arm-none-eabi/lib/thumb/v7e-m/nofp\libg_nano.a(libc_a-nano-vfprintf_i.o)
 .debug_line    0x000000000000a912      0x1bc C:/ST/STM32CubeIDE_1.10.1/STM32CubeIDE/plugins/com.st.stm32cube.ide.mcu.externaltools.gnu-tools-for-stm32.11.3.rel1.win32_1.1.100.202309141235/tools/bin/../lib/gcc/arm-none-eabi/11.3.1/../../../../arm-none-eabi/lib/thumb/v7e-m/nofp\libg_nano.a(libc_a-memmove.o)
 .debug_line    0x000000000000aace       0x82 C:/ST/STM32CubeIDE_1.10.1/STM32CubeIDE/plugins/com.st.stm32cube.ide.mcu.externaltools.gnu-tools-for-stm32.11.3.rel1.win32_1.1.100.202309141235/tools/bin/../lib/gcc/arm-none-eabi/11.3.1/../../../../arm-none-eabi/lib/thumb/v7e-m/nofp\libg_nano.a(libc_a-memchr.o)
 .debug_line    0x000000000000ab50      0x199 C:/ST/STM32CubeIDE_1.10.1/STM32CubeIDE/plugins/com.st.stm32cube.ide.mcu.externaltools.gnu-tools-for-stm32.11.3.rel1.win32_1.1.100.202309141235/tools/bin/../lib/gcc/arm-none-eabi/11.3.1/../../../../arm-none-eabi/lib/thumb/v7e-m/nofp\libg_nano.a(libc_a-memcpy-stub.o)
 .debug_line    0x000000000000ace9      0x267 C:/ST/STM32CubeIDE_1.10.1/STM32CubeIDE/plugins/com.st.stm32cube.ide.mcu.externaltools.gnu-tools-for-stm32.11.3.rel1.win32_1.1.100.202309141235/tools/bin/../lib/gcc/arm-none-eabi/11.3.1/../../../../arm-none-eabi/lib/thumb/v7e-m/nofp\libg_nano.a(libc_a-reallocr.o)
 .debug_line    0x000000000000af50      0x1f7 C:/ST/STM32CubeIDE_1.10.1/STM32CubeIDE/plugins/com.st.stm32cube.ide.mcu.externaltools.gnu-tools-for-stm32.11.3.rel1.win32_1.1.100.202309141235/tools/bin/../lib/gcc/arm-none-eabi/11.3.1/../../../../arm-none-eabi/lib/thumb/v7e-m/nofp\libg_nano.a(libc_a-msizer.o)

.debug_line_str
                0x0000000000000000      0x16b
 .debug_line_str
                0x0000000000000000       0x9a CMakeFiles/RadioDisplay.dir/Startup/startup_stm32f429zitx.s.obj
                                         0xb2 (size before relaxing)
 .debug_line_str
                0x000000000000009a       0xd1 C:/ST/STM32CubeIDE_1.10.1/STM32CubeIDE/plugins/com.st.stm32cube.ide.mcu.externaltools.gnu-tools-for-stm32.11.3.rel1.win32_1.1.100.202309141235/tools/bin/../lib/gcc/arm-none-eabi/11.3.1/../../../../arm-none-eabi/lib/thumb/v7e-m/nofp\libg_nano.a(libc_a-memchr.o)
                                         0xda (size before relaxing)

.debug_info     0x0000000000000000    0x10fc4
 .debug_info    0x0000000000000000       0x23 CMakeFiles/RadioDisplay.dir/Startup/startup_stm32f429zitx.s.obj
 .debug_info    0x0000000000000023      0x5de CMakeFiles/RadioDisplay.dir/src/main.c.obj
 .debug_info    0x0000000000000601     0x1609 CMakeFiles/RadioDisplay.dir/src/init.c.obj
 .debug_info    0x0000000000001c0a      0x164 CMakeFiles/RadioDisplay.dir/src/sysmem.c.obj
 .debug_info    0x0000000000001d6e      0x32c CMakeFiles/RadioDisplay.dir/src/system_stm32f4xx.c.obj
 .debug_info    0x000000000000209a      0xbad CMakeFiles/RadioDisplay.dir/libs/system_periph/stm32f4xx_rcc.c.obj
 .debug_info    0x0000000000002c47      0xa5e CMakeFiles/RadioDisplay.dir/libs/system_periph/stm32f4xx_spi.c.obj
 .debug_info    0x00000000000036a5      0x5f9 CMakeFiles/RadioDisplay.dir/libs/system_periph/stm32f4xx_gpio.c.obj
 .debug_info    0x0000000000003c9e      0x6eb CMakeFiles/RadioDisplay.dir/libs/system_periph/stm32f4xx_dma.c.obj
 .debug_info    0x0000000000004389      0x4f1 CMakeFiles/RadioDisplay.dir/libs/system_periph/misc.c.obj
 .debug_info    0x000000000000487a      0x7df CMakeFiles/RadioDisplay.dir/libs/display/tm_stm32f4_gpio.c.obj
 .debug_info    0x0000000000005059      0xa61 CMakeFiles/RadioDisplay.dir/libs/display/tm_stm32f4_delay.c.obj
 .debug_info    0x0000000000005aba      0xad9 CMakeFiles/RadioDisplay.dir/libs/display/tm_stm32f4_spi.c.obj
 .debug_info    0x0000000000006593      0x976 CMakeFiles/RadioDisplay.dir/libs/display/tm_stm32f4_dma.c.obj
 .debug_info    0x0000000000006f09      0x85d CMakeFiles/RadioDisplay.dir/libs/display/tm_stm32f4_spi_dma.c.obj
 .debug_info    0x0000000000007766      0x251 CMakeFiles/RadioDisplay.dir/libs/display/tm_stm32f4_fonts.c.obj
 .debug_info    0x00000000000079b7      0xb5b CMakeFiles/RadioDisplay.dir/libs/display/tm_stm32f4_ili9341.c.obj
 .debug_info    0x0000000000008512      0x6fe CMakeFiles/RadioDisplay.dir/libs/display/tm_stm32f4_stmpe811.c.obj
 .debug_info    0x0000000000008c10      0x32c CMakeFiles/RadioDisplay.dir/libs/ll_lib/src/stm32f4xx_ll_exti.c.obj
 .debug_info    0x0000000000008f3c      0x934 CMakeFiles/RadioDisplay.dir/libs/ll_lib/src/stm32f4xx_ll_gpio.c.obj
 .debug_info    0x0000000000009870      0x99a CMakeFiles/RadioDisplay.dir/libs/ll_lib/src/stm32f4xx_ll_rcc.c.obj
 .debug_info    0x000000000000a20a      0x94a CMakeFiles/RadioDisplay.dir/libs/ll_lib/src/stm32f4xx_ll_utils.c.obj
 .debug_info    0x000000000000ab54      0x6a6 CMakeFiles/RadioDisplay.dir/libs/ll_lib/src/stm32f4xx_ll_i2c.c.obj
 .debug_info    0x000000000000b1fa      0x7d9 CMakeFiles/RadioDisplay.dir/libs/ll_lib/src/stm32f4xx_ll_spi.c.obj