Archive member included to satisfy reference by file (symbol)

C:/ST/STM32CubeIDE_1.10.1/STM32CubeIDE/plugins/com.st.stm32cube.ide.mcu.externaltools.gnu-tools-for-stm32.11.3.rel1.win32_1.1.100.202309141235/tools/bin/../lib/gcc/arm-none-eabi/11.3.1/../../../../arm-none-eabi/lib/thumb/v7e-m/nofp\libc_nano.a(libc_a-exit.o)
                              C:/ST/STM32CubeIDE_1.10.1/STM32CubeIDE/plugins/com.st.stm32cube.ide.mcu.externaltools.gnu-tools-for-stm32.11.3.rel1.win32_1.1.100.202309141235/tools/bin/../lib/gcc/arm-none-eabi/11.3.1/../../../../arm-none-eabi/lib/thumb/v7e-m/nofp/crt0.o (exit)
C:/ST/STM32CubeIDE_1.10.1/STM32CubeIDE/plugins/com.st.stm32cube.ide.mcu.externaltools.gnu-tools-for-stm32.11.3.rel1.win32_1.1.100.202309141235/tools/bin/../lib/gcc/arm-none-eabi/11.3.1/../../../../arm-none-eabi/lib/thumb/v7e-m/nofp\libc_nano.a(libc_a-findfp.o)
                              C:/ST/STM32CubeIDE_1.10.1/STM32CubeIDE/plugins/com.st.stm32cube.ide.mcu.externaltools.gnu-tools-for-stm32.11.3.rel1.win32_1.1.100.202309141235/tools/bin/../lib/gcc/arm-none-eabi/11.3.1/../../../../arm-none-eabi/lib/thumb/v7e-m/nofp\libc_nano.a(libc_a-exit.o) (__stdio_exit_handler)
C:/ST/STM32CubeIDE_1.10.1/STM32CubeIDE/plugins/com.st.stm32cube.ide.mcu.externaltools.gnu-tools-for-stm32.11.3.rel1.win32_1.1.100.202309141235/tools/bin/../lib/gcc/arm-none-eabi/11.3.1/../../../../arm-none-eabi/lib/thumb/v7e-m/nofp\libc_nano.a(libc_a-fwalk.o)
                              C:/ST/STM32CubeIDE_1.10.1/STM32CubeIDE/plugins/com.st.stm32cube.ide.mcu.externaltools.gnu-tools-for-stm32.11.3.rel1.win32_1.1.100.202309141235/tools/bin/../lib/gcc/arm-none-eabi/11.3.1/../../../../arm-none-eabi/lib/thumb/v7e-m/nofp\libc_nano.a(libc_a-findfp.o) (_fwalk_sglue)
C:/ST/STM32CubeIDE_1.10.1/STM32CubeIDE/plugins/com.st.stm32cube.ide.mcu.externaltools.gnu-tools-for-stm32.11.3.rel1.win32_1.1.100.202309141235/tools/bin/../lib/gcc/arm-none-eabi/11.3.1/../../../../arm-none-eabi/lib/thumb/v7e-m/nofp\libc_nano.a(libc_a-stdio.o)
                              C:/ST/STM32CubeIDE_1.10.1/STM32CubeIDE/plugins/com.st.stm32cube.ide.mcu.externaltools.gnu-tools-for-stm32.11.3.rel1.win32_1.1.100.202309141235/tools/bin/../lib/gcc/arm-none-eabi/11.3.1/../../../../arm-none-eabi/lib/thumb/v7e-m/nofp\libc_nano.a(libc_a-findfp.o) (__sread)
C:/ST/STM32CubeIDE_1.10.1/STM32CubeIDE/plugins/com.st.stm32cube.ide.mcu.externaltools.gnu-tools-for-stm32.11.3.rel1.win32_1.1.100.202309141235/tools/bin/../lib/gcc/arm-none-eabi/11.3.1/../../../../arm-none-eabi/lib/thumb/v7e-m/nofp\libc_nano.a(libc_a-memset.o)
                              C:/ST/STM32CubeIDE_1.10.1/STM32CubeIDE/plugins/com.st.stm32cube.ide.mcu.externaltools.gnu-tools-for-stm32.11.3.rel1.win32_1.1.100.202309141235/tools/bin/../lib/gcc/arm-none-eabi/11.3.1/../../../../arm-none-eabi/lib/thumb/v7e-m/nofp/crt0.o (memset)
C:/ST/STM32CubeIDE_1.10.1/STM32CubeIDE/plugins/com.st.stm32cube.ide.mcu.externaltools.gnu-tools-for-stm32.11.3.rel1.win32_1.1.100.202309141235/tools/bin/../lib/gcc/arm-none-eabi/11.3.1/../../../../arm-none-eabi/lib/thumb/v7e-m/nofp\libc_nano.a(libc_a-closer.o)
                              C:/ST/STM32CubeIDE_1.10.1/STM32CubeIDE/plugins/com.st.stm32cube.ide.mcu.externaltools.gnu-tools-for-stm32.11.3.rel1.win32_1.1.100.202309141235/tools/bin/../lib/gcc/arm-none-eabi/11.3.1/../../../../arm-none-eabi/lib/thumb/v7e-m/nofp\libc_nano.a(libc_a-stdio.o) (_close_r)
C:/ST/STM32CubeIDE_1.10.1/STM32CubeIDE/plugins/com.st.stm32cube.ide.mcu.externaltools.gnu-tools-for-stm32.11.3.rel1.win32_1.1.100.202309141235/tools/bin/../lib/gcc/arm-none-eabi/11.3.1/../../../../arm-none-eabi/lib/thumb/v7e-m/nofp\libc_nano.a(libc_a-reent.o)
                              C:/ST/STM32CubeIDE_1.10.1/STM32CubeIDE/plugins/com.st.stm32cube.ide.mcu.externaltools.gnu-tools-for-stm32.11.3.rel1.win32_1.1.100.202309141235/tools/bin/../lib/gcc/arm-none-eabi/11.3.1/../../../../arm-none-eabi/lib/thumb/v7e-m/nofp\libc_nano.a(libc_a-closer.o) (errno)
C:/ST/STM32CubeIDE_1.10.1/STM32CubeIDE/plugins/com.st.stm32cube.ide.mcu.externaltools.gnu-tools-for-stm32.11.3.rel1.win32_1.1.100.202309141235/tools/bin/../lib/gcc/arm-none-eabi/11.3.1/../../../../arm-none-eabi/lib/thumb/v7e-m/nofp\libc_nano.a(libc_a-impure.o)
                              C:/ST/STM32CubeIDE_1.10.1/STM32CubeIDE/plugins/com.st.stm32cube.ide.mcu.externaltools.gnu-tools-for-stm32.11.3.rel1.win32_1.1.100.202309141235/tools/bin/../lib/gcc/arm-none-eabi/11.3.1/../../../../arm-none-eabi/lib/thumb/v7e-m/nofp\libc_nano.a(libc_a-reent.o) (_impure_ptr)
C:/ST/STM32CubeIDE_1.10.1/STM32CubeIDE/plugins/com.st.stm32cube.ide.mcu.externaltools.gnu-tools-for-stm32.11.3.rel1.win32_1.1.100.202309141235/tools/bin/../lib/gcc/arm-none-eabi/11.3.1/../../../../arm-none-eabi/lib/thumb/v7e-m/nofp\libc_nano.a(libc_a-lseekr.o)
[...]
Memory Configuration

Name             Origin             Length             Attributes
CCMRAM           0x0000000010000000 0x0000000000010000 xrw
RAM              0x0000000020000000 0x0000000000030000 xrw
FLASH            0x0000000008000000 0x0000000000200000 xr
*default*        0x0000000000000000 0xffffffffffffffff

Linker script and memory map

LOAD C:/ST/STM32CubeIDE_1.10.1/STM32CubeIDE/plugins/com.st.stm32cube.ide.mcu.externaltools.gnu-tools-for-stm32.11.3.rel1.win32_1.1.100.202309141235/tools/bin/../lib/gcc/arm-none-eabi/11.3.1/thumb/v7e-m/nofp/crti.o
LOAD C:/ST/STM32CubeIDE_1.10.1/STM32CubeIDE/plugins/com.st.stm32cube.ide.mcu.externaltools.gnu-tools-for-stm32.11.3.rel1.win32_1.1.100.202309141235/tools/bin/../lib/gcc/arm-none-eabi/11.3.1/thumb/v7e-m/nofp/crtbegin.o
LOAD C:/ST/STM32CubeIDE_1.10.1/STM32CubeIDE/plugins/com.st.stm32cube.ide.mcu.externaltools.gnu-tools-for-stm32.11.3.rel1.win32_1.1.100.202309141235/tools/bin/../lib/gcc/arm-none-eabi/11.3.1/../../../../arm-none-eabi/lib/thumb/v7e-m/nofp/crt0.o
START GROUP
LOAD C:/ST/STM32CubeIDE_1.10.1/STM32CubeIDE/plugins/com.st.stm32cube.ide.mcu.externaltools.gnu-tools-for-stm32.11.3.rel1.win32_1.1.100.202309141235/tools/bin/../lib/gcc/arm-none-eabi/11.3.1/../../../../arm-none-eabi/lib/thumb/v7e-m/nofp\libc_nano.a
LOAD C:/ST/STM32CubeIDE_1.10.1/STM32CubeIDE/plugins/com.st.stm32cube.ide.mcu.externaltools.gnu-tools-for-stm32.11.3.rel1.win32_1.1.100.202309141235/tools/bin/../lib/gcc/arm-none-eabi/11.3.1/../../../../arm-none-eabi/lib/thumb/v7e-m/nofp\libm.a
END GROUP
LOAD CMakeFiles/RadioDisplay.dir/Startup/startup_stm32f429zitx.s.obj
LOAD CMakeFiles/RadioDisplay.dir/src/main.c.obj
LOAD CMakeFiles/RadioDisplay.dir/src/init.c.obj
LOAD CMakeFiles/RadioDisplay.dir/src/syscalls.c.obj
LOAD CMakeFiles/RadioDisplay.dir/src/sysmem.c.obj
LOAD CMakeFiles/RadioDisplay.dir/src/system_stm32f4xx.c.obj
LOAD CMakeFiles/RadioDisplay.dir/libs/system_periph/stm32f4xx_rcc.c.obj
LOAD CMakeFiles/RadioDisplay.dir/libs/system_periph/stm32f4xx_spi.c.obj
LOAD CMakeFiles/RadioDisplay.dir/libs/system_periph/stm32f4xx_gpio.c.obj
LOAD CMakeFiles/RadioDisplay.dir/libs/system_periph/stm32f4xx_dma.c.obj
LOAD CMakeFiles/RadioDisplay.dir/libs/system_periph/stm32f4xx_tim.c.obj
LOAD CMakeFiles/RadioDisplay.dir/libs/system_periph/misc.c.obj
LOAD CMakeFiles/RadioDisplay.dir/libs/display/tm_stm32f4_gpio.c.obj
LOAD CMakeFiles/RadioDisplay.dir/libs/display/tm_stm32f4_delay.c.obj
LOAD CMakeFiles/RadioDisplay.dir/libs/display/tm_stm32f4_spi.c.obj
LOAD CMakeFiles/RadioDisplay.dir/libs/display/tm_stm32f4_dma.c.obj
LOAD CMakeFiles/RadioDisplay.dir/libs/display/tm_stm32f4_spi_dma.c.obj
LOAD CMakeFiles/RadioDisplay.dir/libs/display/tm_stm32f4_fonts.c.obj
LOAD CMakeFiles/RadioDisplay.dir/libs/display/tm_stm32f4_ili9341.c.obj
LOAD CMakeFiles/RadioDisplay.dir/libs/display/tm_stm32f4_stmpe811.c.obj
LOAD CMakeFiles/RadioDisplay.dir/libs/display/tm_stm32f4_timer_properties.c.obj
LOAD CMakeFiles/RadioDisplay.dir/libs/ll_lib/src/stm32f4xx_ll_exti.c.obj
LOAD CMakeFiles/RadioDisplay.dir/libs/ll_lib/src/stm32f4xx_ll_gpio.c.obj
LOAD CMakeFiles/RadioDisplay.dir/libs/ll_lib/src/stm32f4xx_ll_rcc.c.obj
LOAD CMakeFiles/RadioDisplay.dir/libs/ll_lib/src/stm32f4xx_ll_utils.c.obj
LOAD CMakeFiles/RadioDisplay.dir/libs/ll_lib/src/stm32f4xx_ll_i2c.c.obj
LOAD CMakeFiles/RadioDisplay.dir/libs/ll_lib/src/stm32f4xx_ll_spi.c.obj
LOAD CMakeFiles/RadioDisplay.dir/libs/rf/nRF24.c.obj
START GROUP
LOAD C:/ST/STM32CubeIDE_1.10.1/STM32CubeIDE/plugins/com.st.stm32cube.ide.mcu.externaltools.gnu-tools-for-stm32.11.3.rel1.win32_1.1.100.202309141235/tools/bin/../lib/gcc/arm-none-eabi/11.3.1/thumb/v7e-m/nofp\libgcc.a
LOAD C:/ST/STM32CubeIDE_1.10.1/STM32CubeIDE/plugins/com.st.stm32cube.ide.mcu.externaltools.gnu-tools-for-stm32.11.3.rel1.win32_1.1.100.202309141235/tools/bin/../lib/gcc/arm-none-eabi/11.3.1/../../../../arm-none-eabi/lib/thumb/v7e-m/nofp\libg_nano.a
LOAD C:/ST/STM32CubeIDE_1.10.1/STM32CubeIDE/plugins/com.st.stm32cube.ide.mcu.externaltools.gnu-tools-for-stm32.11.3.rel1.win32_1.1.100.202309141235/tools/bin/../lib/gcc/arm-none-eabi/11.3.1/../../../../arm-none-eabi/lib/thumb/v7e-m/nofp\libc_nano.a
END GROUP
START GROUP
LOAD C:/ST/STM32CubeIDE_1.10.1/STM32CubeIDE/plugins/com.st.stm32cube.ide.mcu.externaltools.gnu-tools-for-stm32.11.3.rel1.win32_1.1.100.202309141235/tools/bin/../lib/gcc/arm-none-eabi/11.3.1/thumb/v7e-m/nofp\libgcc.a
LOAD C:/ST/STM32CubeIDE_1.10.1/STM32CubeIDE/plugins/com.st.stm32cube.ide.mcu.externaltools.gnu-tools-for-stm32.11.3.rel1.win32_1.1.100.202309141235/tools/bin/../lib/gcc/arm-none-eabi/11.3.1/../../../../arm-none-eabi/lib/thumb/v7e-m/nofp\libc_nano.a
LOAD C:/ST/STM32CubeIDE_1.10.1/STM32CubeIDE/plugins/com.st.stm32cube.ide.mcu.externaltools.gnu-tools-for-stm32.11.3.rel1.win32_1.1.100.202309141235/tools/bin/../lib/gcc/arm-none-eabi/11.3.1/../../../../arm-none-eabi/lib/thumb/v7e-m/nofp\libnosys.a
END GROUP
START GROUP
LOAD C:/ST/STM32CubeIDE_1.10.1/STM32CubeIDE/plugins/com.st.stm32cube.ide.mcu.externaltools.gnu-tools-for-stm32.11.3.rel1.win32_1.1.100.202309141235/tools/bin/../lib/gcc/arm-none-eabi/11.3.1/thumb/v7e-m/nofp\libgcc.a
LOAD C:/ST/STM32CubeIDE_1.10.1/STM32CubeIDE/plugins/com.st.stm32cube.ide.mcu.externaltools.gnu-tools-for-stm32.11.3.rel1.win32_1.1.100.202309141235/tools/bin/../lib/gcc/arm-none-eabi/11.3.1/../../../../arm-none-eabi/lib/thumb/v7e-m/nofp\libc_nano.a
LOAD C:/ST/STM32CubeIDE_1.10.1/STM32CubeIDE/plugins/com.st.stm32cube.ide.mcu.externaltools.gnu-tools-for-stm32.11.3.rel1.win32_1.1.100.202309141235/tools/bin/../lib/gcc/arm-none-eabi/11.3.1/../../../../arm-none-eabi/lib/thumb/v7e-m/nofp\libnosys.a
END GROUP
LOAD C:/ST/STM32CubeIDE_1.10.1/STM32CubeIDE/plugins/com.st.stm32cube.ide.mcu.externaltools.gnu-tools-for-stm32.11.3.rel1.win32_1.1.100.202309141235/tools/bin/../lib/gcc/arm-none-eabi/11.3.1/thumb/v7e-m/nofp/crtend.o
LOAD C:/ST/STM32CubeIDE_1.10.1/STM32CubeIDE/plugins/com.st.stm32cube.ide.mcu.externaltools.gnu-tools-for-stm32.11.3.rel1.win32_1.1.100.202309141235/tools/bin/../lib/gcc/arm-none-eabi/11.3.1/thumb/v7e-m/nofp/crtn.o
                0x0000000020030000                _estack = (ORIGIN (RAM) + LENGTH (RAM))
                0x0000000000000200                _Min_Heap_Size = 0x200
                0x0000000000000400                _Min_Stack_Size = 0x400

.isr_vector     0x0000000008000000      0x1ac
                0x0000000008000000                . = ALIGN (0x4)
 *(.isr_vector)
 .isr_vector    0x0000000008000000      0x1ac CMakeFiles/RadioDisplay.dir/Startup/startup_stm32f429zitx.s.obj
                0x0000000008000000                g_pfnVectors
                0x00000000080001ac                . = ALIGN (0x4)

.text           0x00000000080001b0     0x9cd0
                0x00000000080001b0                . = ALIGN (0x4)
 *(.text)
 .text          0x00000000080001b0       0x40 C:/ST/STM32CubeIDE_1.10.1/STM32CubeIDE/plugins/com.st.stm32cube.ide.mcu.externaltools.gnu-tools-for-stm32.11.3.rel1.win32_1.1.100.202309141235/tools/bin/../lib/gcc/arm-none-eabi/11.3.1/thumb/v7e-m/nofp/crtbegin.o
 .text          0x00000000080001f0      0x32c CMakeFiles/RadioDisplay.dir/src/main.c.obj
                0x0000000008000238                main
                0x00000000080004cc                EXTI0_IRQHandler
                0x00000000080004f4                EXTI15_10_IRQHandler
 .text          0x000000000800051c      0x9b8 CMakeFiles/RadioDisplay.dir/src/init.c.obj
                0x0000000008000b6c                SystemClock_Config
                0x0000000008000c20                I2C3_init
                0x0000000008000d04                SPI1_init
                0x0000000008000db0                GPIO_init
 .text          0x0000000008000ed4       0x6c CMakeFiles/RadioDisplay.dir/src/sysmem.c.obj
                0x0000000008000ed4                _sbrk
 .text          0x0000000008000f40      0x10c CMakeFiles/RadioDisplay.dir/src/system_stm32f4xx.c.obj
                0x0000000008000f40                SystemInit
                0x0000000008000f4c                SystemCoreClockUpdate
 .text          0x000000000800104c      0xa7c CMakeFiles/RadioDisplay.dir/libs/system_periph/stm32f4xx_rcc.c.obj
                0x000000000800104c                RCC_DeInit
                0x00000000080010a4                RCC_HSEConfig
                0x00000000080010c8                RCC_WaitForHSEStartUp
                0x0000000008001116                RCC_AdjustHSICalibrationValue
                0x0000000008001150                RCC_HSICmd
                0x0000000008001170                RCC_LSEConfig
                0x00000000080011b0                RCC_LSICmd
                0x00000000080011d0                RCC_PLLCmd
                0x00000000080011f0                RCC_PLLI2SCmd
                0x0000000008001210                RCC_PLLSAICmd
                0x0000000008001230                RCC_ClockSecuritySystemCmd
                0x0000000008001250                RCC_MCO1Config
                0x000000000800128c                RCC_MCO2Config
                0x00000000080012c8                RCC_SYSCLKConfig
                0x0000000008001300                RCC_GetSYSCLKSource
                0x000000000800131c                RCC_HCLKConfig
                0x0000000008001354                RCC_PCLK1Config
                0x000000000800138c                RCC_PCLK2Config
                0x00000000080013c4                RCC_GetClocksFreq
                0x0000000008001520                RCC_RTCCLKConfig
                0x000000000800157c                RCC_RTCCLKCmd
                0x000000000800159c                RCC_BackupResetCmd
                0x00000000080015bc                RCC_SAIPLLI2SClkDivConfig
                0x00000000080015f8                RCC_SAIPLLSAIClkDivConfig
                0x0000000008001638                RCC_LTDCCLKDivConfig
                0x0000000008001674                RCC_TIMCLKPresConfig
                0x0000000008001690                RCC_AHB1PeriphClockCmd
                0x00000000080016cc                RCC_AHB2PeriphClockCmd
                0x0000000008001708                RCC_APB1PeriphClockCmd
                0x0000000008001744                RCC_APB2PeriphClockCmd
                0x0000000008001780                RCC_AHB1PeriphResetCmd
                0x00000000080017bc                RCC_AHB2PeriphResetCmd
                0x00000000080017f8                RCC_APB1PeriphResetCmd
                0x0000000008001834                RCC_APB2PeriphResetCmd
                0x0000000008001870                RCC_AHB1PeriphClockLPModeCmd
                0x00000000080018ac                RCC_AHB2PeriphClockLPModeCmd
                0x00000000080018e8                RCC_APB1PeriphClockLPModeCmd
                0x0000000008001924                RCC_APB2PeriphClockLPModeCmd
                0x0000000008001960                RCC_LSEModeConfig
                0x0000000008001998                RCC_ITConfig
                0x00000000080019e4                RCC_GetFlagStatus
                0x0000000008001a58                RCC_ClearFlag
                0x0000000008001a74                RCC_GetITStatus
                0x0000000008001aa8                RCC_ClearITPendingBit
 .text          0x0000000008001ac8      0x838 CMakeFiles/RadioDisplay.dir/libs/system_periph/stm32f4xx_spi.c.obj
                0x0000000008001ac8                SPI_I2S_DeInit
                0x0000000008001ba4                SPI_Init
                0x0000000008001c2a                I2S_Init
                0x0000000008001e08                SPI_StructInit
                0x0000000008001e50                I2S_StructInit
                0x0000000008001e86                SPI_Cmd
                0x0000000008001ebe                I2S_Cmd
                0x0000000008001ef6                SPI_DataSizeConfig
                0x0000000008001f26                SPI_BiDirectionalLineConfig
                0x0000000008001f60                SPI_NSSInternalSoftwareConfig
                0x0000000008001f9c                SPI_SSOutputCmd
                0x0000000008001fd4                SPI_TIModeCmd
                0x000000000800200c                I2S_FullDuplexConfig
                0x00000000080020a0                SPI_I2S_ReceiveData
                0x00000000080020b8                SPI_I2S_SendData
                0x00000000080020d4                SPI_CalculateCRC
                0x000000000800210c                SPI_TransmitCRC
                0x000000000800212a                SPI_GetCRC
                0x000000000800215a                SPI_GetCRCPolynomial
                0x0000000008002172                SPI_I2S_DMACmd
                0x00000000080021b0                SPI_I2S_ITConfig
                0x0000000008002208                SPI_I2S_GetFlagStatus
                0x000000000800223a                SPI_I2S_ClearFlag
                0x000000000800225c                SPI_I2S_GetITStatus
                0x00000000080022cc                SPI_I2S_ClearITPendingBit
 .text          0x0000000008002300      0x4c0 CMakeFiles/RadioDisplay.dir/libs/system_periph/stm32f4xx_gpio.c.obj
                0x0000000008002300                GPIO_DeInit
                0x0000000008002464                GPIO_Init
                0x0000000008002580                GPIO_StructInit
                0x00000000080025b2                GPIO_PinLockConfig
                0x00000000080025f4                GPIO_ReadInputDataBit
                0x0000000008002626                GPIO_ReadInputData
                0x000000000800263e                GPIO_ReadOutputDataBit
                0x0000000008002670                GPIO_ReadOutputData
                0x0000000008002688                GPIO_SetBits
                0x00000000080026a4                GPIO_ResetBits
                0x00000000080026c2                GPIO_WriteBit
                0x00000000080026f2                GPIO_Write
                0x000000000800270e                GPIO_ToggleBits
                0x0000000008002730                GPIO_PinAFConfig
 .text          0x00000000080027c0      0x6f4 CMakeFiles/RadioDisplay.dir/libs/system_periph/stm32f4xx_dma.c.obj
                0x00000000080027c0                DMA_DeInit
                0x0000000008002964                DMA_Init
                0x0000000008002a10                DMA_StructInit
                0x0000000008002a7c                DMA_Cmd
                0x0000000008002ab2                DMA_PeriphIncOffsetSizeConfig
                0x0000000008002ae6                DMA_FlowControllerConfig
                0x0000000008002b1a                DMA_SetCurrDataCounter
                0x0000000008002b36                DMA_GetCurrDataCounter
                0x0000000008002b4e                DMA_DoubleBufferModeConfig
                0x0000000008002b8a                DMA_DoubleBufferModeCmd
                0x0000000008002bc0                DMA_MemoryTargetConfig
                0x0000000008002bea                DMA_GetCurrentMemoryTarget
                0x0000000008002c18                DMA_GetCmdStatus
                0x0000000008002c46                DMA_GetFIFOStatus
                0x0000000008002c68                DMA_GetFlagStatus
                0x0000000008002cdc                DMA_ClearFlag
                0x0000000008002d38                DMA_ITConfig
                0x0000000008002daa                DMA_GetITStatus
                0x0000000008002e58                DMA_ClearITPendingBit
 .text          0x0000000008002eb4      0x18c CMakeFiles/RadioDisplay.dir/libs/system_periph/misc.c.obj
                0x0000000008002eb4                NVIC_PriorityGroupConfig
                0x0000000008002ed8                NVIC_Init
                0x0000000008002f9c                NVIC_SetVectorTable
                0x0000000008002fc8                NVIC_SystemLPConfig
                0x0000000008003008                SysTick_CLKSourceConfig
 .text          0x0000000008003040      0x570 CMakeFiles/RadioDisplay.dir/libs/display/tm_stm32f4_gpio.c.obj
                0x0000000008003040                TM_GPIO_Init
                0x0000000008003086                TM_GPIO_InitAlternate
                0x000000000800312e                TM_GPIO_DeInit
                0x00000000080031b0                TM_GPIO_SetPinAsInput
                0x0000000008003200                TM_GPIO_SetPinAsOutput
                0x000000000800325c                TM_GPIO_SetPinAsAnalog
                0x00000000080032aa                TM_GPIO_SetPinAsAlternate
                0x000000000800330a                TM_GPIO_SetPullResistor
                0x000000000800336e                TM_GPIO_Lock
                0x00000000080033a6                TM_GPIO_GetPinSource
                0x00000000080033d4                TM_GPIO_GetPortSource
                0x00000000080033f4                TM_GPIO_INT_EnableClock
                0x0000000008003424                TM_GPIO_INT_DisableClock
                0x0000000008003454                TM_GPIO_INT_Init
                0x0000000008003564                TM_GPIO_GetUsedPins
                0x0000000008003588                TM_GPIO_GetFreePins
 .text          0x00000000080035b0      0x3d8 CMakeFiles/RadioDisplay.dir/libs/display/tm_stm32f4_delay.c.obj
                0x0000000008003648                SysTick_Handler
                0x000000000800373c                TM_DELAY_Init
                0x000000000800378c                TM_DELAY_EnableDelayTimer
                0x00000000080037b8                TM_DELAY_DisableDelayTimer
                0x00000000080037d4                TM_DELAY_TimerCreate
                0x0000000008003850                TM_DELAY_TimerDelete
                0x00000000080038fc                TM_DELAY_TimerStop
                0x0000000008003916                TM_DELAY_TimerStart
                0x0000000008003930                TM_DELAY_TimerReset
                0x000000000800394c                TM_DELAY_TimerAutoReload
                0x000000000800396a                TM_DELAY_TimerAutoReloadValue
 .text          0x0000000008003988      0xaa8 CMakeFiles/RadioDisplay.dir/libs/display/tm_stm32f4_spi.c.obj
                0x0000000008003988                TM_SPI_Init
                0x0000000008003a68                TM_SPI_InitWithMode
                0x0000000008003b4c                TM_SPI_InitFull
                0x0000000008003c3c                TM_SPI_GetPrescalerFromMaxFrequency
                0x0000000008003ccc                TM_SPI_SetDataSize
                0x0000000008003d30                TM_SPI_SendMulti
                0x0000000008003db2                TM_SPI_WriteMulti
                0x0000000008003e28                TM_SPI_ReadMulti
                0x0000000008003ea4                TM_SPI_SendMulti16
                0x0000000008003f2a                TM_SPI_WriteMulti16
                0x0000000008003fa2                TM_SPI_ReadMulti16
                0x0000000008004020                TM_SPI_InitCustomPinsCallback
                0x00000000080041b8                TM_SPI1_INT_InitPins
                0x0000000008004218                TM_SPI2_INT_InitPins
                0x00000000080042b0                TM_SPI3_INT_InitPins
                0x0000000008004314                TM_SPI4_INT_InitPins
                0x0000000008004374                TM_SPI5_INT_InitPins
                0x00000000080043ec                TM_SPI6_INT_InitPins
 .text          0x0000000008004430      0x4fc CMakeFiles/RadioDisplay.dir/libs/display/tm_stm32f4_dma.c.obj
                0x0000000008004478                TM_DMA_ClearFlags
                0x0000000008004490                TM_DMA_ClearFlag
                0x000000000800451c                TM_DMA_GetFlags
                0x00000000080045bc                TM_DMA_EnableInterrupts
                0x0000000008004664                TM_DMA_DisableInterrupts
                0x00000000080046e4                TM_DMA_TransferCompleteHandler
                0x00000000080046f6                TM_DMA_HalfTransferCompleteHandler
                0x0000000008004708                TM_DMA_TransferErrorHandler
                0x000000000800471a                TM_DMA_DirectModeErrorHandler
                0x000000000800472c                TM_DMA_FIFOErrorHandler
                0x00000000080047ee                DMA1_Stream0_IRQHandler
                0x0000000008004800                DMA1_Stream1_IRQHandler
                0x0000000008004814                DMA1_Stream2_IRQHandler
                0x0000000008004828                DMA1_Stream3_IRQHandler
                0x000000000800483c                DMA1_Stream4_IRQHandler
                0x0000000008004850                DMA1_Stream5_IRQHandler
                0x0000000008004864                DMA1_Stream6_IRQHandler
                0x0000000008004878                DMA1_Stream7_IRQHandler
                0x000000000800488c                DMA2_Stream0_IRQHandler
                0x00000000080048a0                DMA2_Stream1_IRQHandler
                0x00000000080048b4                DMA2_Stream2_IRQHandler
                0x00000000080048c8                DMA2_Stream3_IRQHandler
                0x00000000080048dc                DMA2_Stream4_IRQHandler
                0x00000000080048f0                DMA2_Stream5_IRQHandler
                0x0000000008004904                DMA2_Stream6_IRQHandler
                0x0000000008004918                DMA2_Stream7_IRQHandler
 .text          0x000000000800492c      0x4ec CMakeFiles/RadioDisplay.dir/libs/display/tm_stm32f4_spi_dma.c.obj
                0x000000000800492c                TM_SPI_DMA_Init
                0x00000000080049d0                TM_SPI_DMA_InitWithStreamAndChannel
                0x0000000008004a0c                TM_SPI_DMA_Deinit
                0x0000000008004a38                TM_SPI_DMA_Transmit
                0x0000000008004b68                TM_SPI_DMA_SendByte
                0x0000000008004c08                TM_SPI_DMA_SendHalfWord
                0x0000000008004cb4                TM_SPI_DMA_Working
                0x0000000008004d00                TM_SPI_DMA_GetStreamTX
                0x0000000008004d1a                TM_SPI_DMA_GetStreamRX
                0x0000000008004d34                TM_SPI_DMA_EnableInterrupts
                0x0000000008004d60                TM_SPI_DMA_DisableInterrupts
 .text          0x0000000008004e18      0xe6c CMakeFiles/RadioDisplay.dir/libs/display/tm_stm32f4_ili9341.c.obj
                0x0000000008004e7a                TM_ILI9341_Init
                0x0000000008004f20                TM_ILI9341_InitLCD
                0x0000000008005198                TM_ILI9341_DisplayOn
                0x00000000080051a6                TM_ILI9341_DisplayOff
                0x00000000080051b4                TM_ILI9341_SendCommand
                0x00000000080051f8                TM_ILI9341_SendData
                0x000000000800523c                TM_ILI9341_DrawPixel
                0x000000000800527c                TM_ILI9341_SetCursorPosition
                0x000000000800530e                TM_ILI9341_Fill
                0x0000000008005340                TM_ILI9341_INT_Fill
                0x0000000008005414                TM_ILI9341_Delay
                0x0000000008005436                TM_ILI9341_Rotate
                0x00000000080054c0                TM_ILI9341_Puts
                0x0000000008005570                TM_ILI9341_GetStringSize
                0x00000000080055b6                TM_ILI9341_Putc
                0x00000000080056d8                TM_ILI9341_DrawLine
                0x000000000800585c                TM_ILI9341_DrawRectangle
                0x00000000080058ca                TM_ILI9341_DrawFilledRectangle
                0x0000000008005938                TM_ILI9341_DrawCircle
                0x0000000008005ad6                TM_ILI9341_DrawFilledCircle
 .text          0x0000000008005c84      0xa30 CMakeFiles/RadioDisplay.dir/libs/display/tm_stm32f4_stmpe811.c.obj
                0x0000000008005dd4                TM_STMPE811_Init
                0x0000000008005f64                TM_STMPE811_Read
                0x0000000008005f88                TM_STMPE811_ReadTouch
                0x000000000800612c                TM_STMPE811_ReadX
                0x00000000080061e8                TM_STMPE811_ReadY
                0x000000000800628c                clear_interrupt
                0x00000000080062c0                i2c_read_byte
                0x000000000800641c                i2c_write_byte
                0x0000000008006524                i2c_read_bytes
 .text          0x00000000080066b4      0x280 CMakeFiles/RadioDisplay.dir/libs/ll_lib/src/stm32f4xx_ll_exti.c.obj
                0x00000000080067d4                LL_EXTI_DeInit
                0x000000000800680c                LL_EXTI_Init
                0x000000000800690a                LL_EXTI_StructInit
 .text          0x0000000008006934      0x550 CMakeFiles/RadioDisplay.dir/libs/ll_lib/src/stm32f4xx_ll_gpio.c.obj
                0x0000000008006c04                LL_GPIO_DeInit
                0x0000000008006d48                LL_GPIO_Init
                0x0000000008006e4a                LL_GPIO_StructInit
 .text          0x0000000008006e84      0x95c CMakeFiles/RadioDisplay.dir/libs/ll_lib/src/stm32f4xx_ll_rcc.c.obj
                0x00000000080071c0                LL_RCC_DeInit
                0x00000000080072a4                LL_RCC_GetSystemClocksFreq
                0x00000000080072ee                LL_RCC_GetI2SClockFreq
                0x0000000008007338                LL_RCC_GetSAIClockFreq
                0x00000000080073c8                LL_RCC_GetSDIOClockFreq
                0x00000000080073f6                LL_RCC_GetRNGClockFreq
                0x000000000800741c                LL_RCC_GetUSBClockFreq
                0x0000000008007442                LL_RCC_GetLTDCClockFreq
                0x0000000008007468                RCC_GetSystemClockFreq
                0x00000000080074b8                RCC_GetHCLKClockFreq
                0x00000000080074e4                RCC_GetPCLK1ClockFreq
                0x000000000800750c                RCC_GetPCLK2ClockFreq
                0x0000000008007534                RCC_PLL_GetFreqDomain_SYS
                0x00000000080075b0                RCC_PLL_GetFreqDomain_48M
                0x0000000008007618                RCC_PLLSAI_GetFreqDomain_SAI
                0x0000000008007690                RCC_PLLSAI_GetFreqDomain_LTDC
                0x000000000800770c                RCC_PLLI2S_GetFreqDomain_SAI
                0x000000000800777c                RCC_PLLI2S_GetFreqDomain_I2S
 .text          0x00000000080077e0      0x70c CMakeFiles/RadioDisplay.dir/libs/ll_lib/src/stm32f4xx_ll_utils.c.obj
                0x0000000008007ab0                LL_Init1msTick
                0x0000000008007aca                LL_mDelay
                0x0000000008007b14                LL_SetSystemCoreClock
                0x0000000008007b30                LL_SetFlashLatency
                0x0000000008007cb4                LL_PLL_ConfigSystemClock_HSI
                0x0000000008007d28                LL_PLL_ConfigSystemClock_HSE
 .text          0x0000000008007eec      0x37c CMakeFiles/RadioDisplay.dir/libs/ll_lib/src/stm32f4xx_ll_i2c.c.obj
                0x000000000800813c                LL_I2C_DeInit
                0x00000000080081b0                LL_I2C_Init
                0x0000000008008222                LL_I2C_StructInit
 .text          0x0000000008008268      0x4e0 CMakeFiles/RadioDisplay.dir/libs/ll_lib/src/stm32f4xx_ll_spi.c.obj
                0x0000000008008360                LL_SPI_DeInit
                0x0000000008008438                LL_SPI_Init
                0x00000000080084dc                LL_SPI_StructInit
                0x000000000800852a                LL_I2S_DeInit
                0x0000000008008542                LL_I2S_Init
                0x0000000008008654                LL_I2S_StructInit
                0x000000000800868a                LL_I2S_ConfigPrescaler
                0x00000000080086ba                LL_I2S_InitFullDuplex
 .text          0x0000000008008748      0xcbc CMakeFiles/RadioDisplay.dir/libs/rf/nRF24.c.obj
                0x0000000008008a70                nRF24_RX_Mode
                0x0000000008008acc                nRF24_TX_Mode
                0x0000000008008b1c                nRF24_ReadConfig
                0x0000000008008b2c                nRF24_WriteConfig
                0x0000000008008b48                nRF24_SetPALevel
                0x0000000008008b86                nRF24_SetDataRate
                0x0000000008008bd2                nRF24_ReadStatus
                0x0000000008008be2                nRF24_WriteStatus
                0x0000000008008bfe                nRF24_ReadFifoStatus
                0x0000000008008c0e                nRF24_WriteFifoStatus
                0x0000000008008c2a                nRF24_IsBitSetInFifoStatus
                0x0000000008008c5a                nRF24_IsTxReuse
                0x0000000008008c6a                nRF24_IsTxFull
                0x0000000008008c7a                nRF24_IsTxEmpty
                0x0000000008008c8a                nRF24_IsRxFull
                0x0000000008008c9a                nRF24_IsRxEmpty
                0x0000000008008caa                nRF24_FlushRX
                0x0000000008008cdc                nRF24_FlushTX
                0x0000000008008d0c                nRF24_EnableCRC
                0x0000000008008d46                nRF24_SetCRCLength
                0x0000000008008d80                nRF24_SetRetries
                0x0000000008008db6                nRF24_SetRFChannel
                0x0000000008008dd8                nRF24_SetPayloadSize
                0x0000000008008e10                nRF24_EnablePipe
                0x0000000008008e7a                nRF24_AutoACK
                0x0000000008008ee4                nRF24_SetAddressWidth
                0x0000000008008f1e                nRF24_SetRXAddress
                0x0000000008008f90                nRF24_SetTXAddress
                0x000000000800901c                nRF24_ClearInterrupts
                0x0000000008009042                nRF24_GetDynamicPayloadSize
                0x0000000008009074                nRF24_EnableRXDataReadyIRQ
                0x00000000080090ae                nRF24_EnableTXDataSentIRQ
                0x00000000080090e8                nRF24_EnableMaxRetransmitIRQ
                0x0000000008009122                nRF24_WriteTXPayload
                0x0000000008009142                nRF24_WaitTX
                0x000000000800918c                nRF24_ReadRXPaylaod
                0x00000000080091b8                nRF24_SendPacket
                0x00000000080091ee                nRF24_ReceivePacket
                0x000000000800920a                nRF24_RXAvailible
                0x000000000800924c                nRF24_IRQ_Handler
                0x0000000008009264                nRF24_IRQ_Read
                0x00000000080092f0                nRF24_EventRxCallback
                0x00000000080092fc                nRF24_EventTxCallback
                0x0000000008009308                nRF24_EventMrCallback
                0x0000000008009314                nRF24_Event
                0x0000000008009364                nRF24_Init
 *fill*         0x0000000008009404        0xc 
 .text          0x0000000008009410       0xa0 C:/ST/STM32CubeIDE_1.10.1/STM32CubeIDE/plugins/com.st.stm32cube.ide.mcu.externaltools.gnu-tools-for-stm32.11.3.rel1.win32_1.1.100.202309141235/tools/bin/../lib/gcc/arm-none-eabi/11.3.1/../../../../arm-none-eabi/lib/thumb/v7e-m/nofp\libg_nano.a(libc_a-memchr.o)
                0x0000000008009410                memchr
 *(.text*)
 .text.memset   0x00000000080094b0       0x10 C:/ST/STM32CubeIDE_1.10.1/STM32CubeIDE/plugins/com.st.stm32cube.ide.mcu.externaltools.gnu-tools-for-stm32.11.3.rel1.win32_1.1.100.202309141235/tools/bin/../lib/gcc/arm-none-eabi/11.3.1/../../../../arm-none-eabi/lib/thumb/v7e-m/nofp\libc_nano.a(libc_a-memset.o)
                0x00000000080094b0                memset
 .text.__libc_init_array
                0x00000000080094c0       0x48 C:/ST/STM32CubeIDE_1.10.1/STM32CubeIDE/plugins/com.st.stm32cube.ide.mcu.externaltools.gnu-tools-for-stm32.11.3.rel1.win32_1.1.100.202309141235/tools/bin/../lib/gcc/arm-none-eabi/11.3.1/../../../../arm-none-eabi/lib/thumb/v7e-m/nofp\libc_nano.a(libc_a-init.o)
                0x00000000080094c0                __libc_init_array
 .text.__retarget_lock_acquire_recursive
                0x0000000008009508        0x2 C:/ST/STM32CubeIDE_1.10.1/STM32CubeIDE/plugins/com.st.stm32cube.ide.mcu.externaltools.gnu-tools-for-stm32.11.3.rel1.win32_1.1.100.202309141235/tools/bin/../lib/gcc/arm-none-eabi/11.3.1/../../../../arm-none-eabi/lib/thumb/v7e-m/nofp\libc_nano.a(libc_a-lock.o)
                0x0000000008009508                __retarget_lock_acquire_recursive
 .text.__retarget_lock_release_recursive
                0x000000000800950a        0x2 C:/ST/STM32CubeIDE_1.10.1/STM32CubeIDE/plugins/com.st.stm32cube.ide.mcu.externaltools.gnu-tools-for-stm32.11.3.rel1.win32_1.1.100.202309141235/tools/bin/../lib/gcc/arm-none-eabi/11.3.1/../../../../arm-none-eabi/lib/thumb/v7e-m/nofp\libc_nano.a(libc_a-lock.o)
                0x000000000800950a                __retarget_lock_release_recursive
 .text._free_r  0x000000000800950c       0x94 C:/ST/STM32CubeIDE_1.10.1/STM32CubeIDE/plugins/com.st.stm32cube.ide.mcu.externaltools.gnu-tools-for-stm32.11.3.rel1.win32_1.1.100.202309141235/tools/bin/../lib/gcc/arm-none-eabi/11.3.1/../../../../arm-none-eabi/lib/thumb/v7e-m/nofp\libc_nano.a(libc_a-freer.o)
                0x000000000800950c                _free_r
 .text.sbrk_aligned
                0x00000000080095a0       0x40 C:/ST/STM32CubeIDE_1.10.1/STM32CubeIDE/plugins/com.st.stm32cube.ide.mcu.externaltools.gnu-tools-for-stm32.11.3.rel1.win32_1.1.100.202309141235/tools/bin/../lib/gcc/arm-none-eabi/11.3.1/../../../../arm-none-eabi/lib/thumb/v7e-m/nofp\libc_nano.a(libc_a-mallocr.o)
 .text._malloc_r
                0x00000000080095e0      0x100 C:/ST/STM32CubeIDE_1.10.1/STM32CubeIDE/plugins/com.st.stm32cube.ide.mcu.externaltools.gnu-tools-for-stm32.11.3.rel1.win32_1.1.100.202309141235/tools/bin/../lib/gcc/arm-none-eabi/11.3.1/../../../../arm-none-eabi/lib/thumb/v7e-m/nofp\libc_nano.a(libc_a-mallocr.o)
                0x00000000080095e0                _malloc_r
 .text.__malloc_lock
                0x00000000080096e0        0xc C:/ST/STM32CubeIDE_1.10.1/STM32CubeIDE/plugins/com.st.stm32cube.ide.mcu.externaltools.gnu-tools-for-stm32.11.3.rel1.win32_1.1.100.202309141235/tools/bin/../lib/gcc/arm-none-eabi/11.3.1/../../../../arm-none-eabi/lib/thumb/v7e-m/nofp\libc_nano.a(libc_a-mlock.o)
                0x00000000080096e0                __malloc_lock
 .text.__malloc_unlock
                0x00000000080096ec        0xc C:/ST/STM32CubeIDE_1.10.1/STM32CubeIDE/plugins/com.st.stm32cube.ide.mcu.externaltools.gnu-tools-for-stm32.11.3.rel1.win32_1.1.100.202309141235/tools/bin/../lib/gcc/arm-none-eabi/11.3.1/../../../../arm-none-eabi/lib/thumb/v7e-m/nofp\libc_nano.a(libc_a-mlock.o)
                0x00000000080096ec                __malloc_unlock
 .text._sbrk_r  0x00000000080096f8       0x20 C:/ST/STM32CubeIDE_1.10.1/STM32CubeIDE/plugins/com.st.stm32cube.ide.mcu.externaltools.gnu-tools-for-stm32.11.3.rel1.win32_1.1.100.202309141235/tools/bin/../lib/gcc/arm-none-eabi/11.3.1/../../../../arm-none-eabi/lib/thumb/v7e-m/nofp\libc_nano.a(libc_a-sbrkr.o)
                0x00000000080096f8                _sbrk_r
 .text.Reset_Handler
                0x0000000008009718       0x50 CMakeFiles/RadioDisplay.dir/Startup/startup_stm32f429zitx.s.obj
                0x0000000008009718                Reset_Handler
 .text.Default_Handler
                0x0000000008009768        0x2 CMakeFiles/RadioDisplay.dir/Startup/startup_stm32f429zitx.s.obj
                0x0000000008009768                RTC_Alarm_IRQHandler
                0x0000000008009768                HASH_RNG_IRQHandler
                0x0000000008009768                EXTI2_IRQHandler
                0x0000000008009768                TIM8_CC_IRQHandler
                0x0000000008009768                DebugMon_Handler
                0x0000000008009768                UART8_IRQHandler
                0x0000000008009768                SPI4_IRQHandler
                0x0000000008009768                TIM1_CC_IRQHandler
                0x0000000008009768                HardFault_Handler
                0x0000000008009768                PVD_IRQHandler
                0x0000000008009768                SDIO_IRQHandler
                0x0000000008009768                TAMP_STAMP_IRQHandler
                0x0000000008009768                PendSV_Handler
                0x0000000008009768                NMI_Handler
                0x0000000008009768                CAN2_RX1_IRQHandler
                0x0000000008009768                EXTI3_IRQHandler
                0x0000000008009768                TIM8_TRG_COM_TIM14_IRQHandler
                0x0000000008009768                TIM1_UP_TIM10_IRQHandler
                0x0000000008009768                TIM8_UP_TIM13_IRQHandler
                0x0000000008009768                I2C3_ER_IRQHandler
                0x0000000008009768                LCD_TFT_IRQHandler
                0x0000000008009768                I2C2_EV_IRQHandler
                0x0000000008009768                CAN1_RX0_IRQHandler
                0x0000000008009768                FPU_IRQHandler
                0x0000000008009768                OTG_HS_WKUP_IRQHandler
                0x0000000008009768                UsageFault_Handler
                0x0000000008009768                CAN2_SCE_IRQHandler
                0x0000000008009768                SPI1_IRQHandler
                0x0000000008009768                TIM6_DAC_IRQHandler
                0x0000000008009768                TIM1_BRK_TIM9_IRQHandler
                0x0000000008009768                DCMI_IRQHandler
                0x0000000008009768                CAN2_RX0_IRQHandler
                0x0000000008009768                USART6_IRQHandler
                0x0000000008009768                USART3_IRQHandler
                0x0000000008009768                CRYP_IRQHandler
                0x0000000008009768                CAN1_RX1_IRQHandler
                0x0000000008009768                UART5_IRQHandler
                0x0000000008009768                TIM4_IRQHandler
                0x0000000008009768                I2C1_EV_IRQHandler
                0x0000000008009768                UART4_IRQHandler
                0x0000000008009768                LCD_TFT_1_IRQHandler
                0x0000000008009768                TIM3_IRQHandler
                0x0000000008009768                RCC_IRQHandler
                0x0000000008009768                TIM8_BRK_TIM12_IRQHandler
                0x0000000008009768                Default_Handler
                0x0000000008009768                ADC_IRQHandler
                0x0000000008009768                SPI5_IRQHandler
                0x0000000008009768                TIM7_IRQHandler
                0x0000000008009768                CAN2_TX_IRQHandler
                0x0000000008009768                TIM5_IRQHandler
                0x0000000008009768                I2C3_EV_IRQHandler
                0x0000000008009768                EXTI9_5_IRQHandler
                0x0000000008009768                RTC_WKUP_IRQHandler
                0x0000000008009768                ETH_WKUP_IRQHandler
                0x0000000008009768                SPI2_IRQHandler
                0x0000000008009768                OTG_HS_EP1_IN_IRQHandler
                0x0000000008009768                MemManage_Handler
                0x0000000008009768                CAN1_TX_IRQHandler
                0x0000000008009768                SVC_Handler
                0x0000000008009768                EXTI4_IRQHandler
                0x0000000008009768                ETH_IRQHandler
                0x0000000008009768                OTG_HS_EP1_OUT_IRQHandler
                0x0000000008009768                WWDG_IRQHandler
                0x0000000008009768                SPI6_IRQHandler
                0x0000000008009768                TIM2_IRQHandler
                0x0000000008009768                OTG_FS_WKUP_IRQHandler
                0x0000000008009768                TIM1_TRG_COM_TIM11_IRQHandler
                0x0000000008009768                OTG_HS_IRQHandler
                0x0000000008009768                DMA2D_IRQHandler
                0x0000000008009768                EXTI1_IRQHandler
                0x0000000008009768                UART7_IRQHandler
                0x0000000008009768                USART2_IRQHandler
                0x0000000008009768                I2C2_ER_IRQHandler
                0x0000000008009768                CAN1_SCE_IRQHandler
                0x0000000008009768                FLASH_IRQHandler
                0x0000000008009768                BusFault_Handler
                0x0000000008009768                USART1_IRQHandler
                0x0000000008009768                OTG_FS_IRQHandler
                0x0000000008009768                SPI3_IRQHandler
                0x0000000008009768                I2C1_ER_IRQHandler
                0x0000000008009768                FMC_IRQHandler
                0x0000000008009768                SAI1_IRQHandler
 *fill*         0x000000000800976a        0x2 
 .text.malloc   0x000000000800976c       0x10 C:/ST/STM32CubeIDE_1.10.1/STM32CubeIDE/plugins/com.st.stm32cube.ide.mcu.externaltools.gnu-tools-for-stm32.11.3.rel1.win32_1.1.100.202309141235/tools/bin/../lib/gcc/arm-none-eabi/11.3.1/../../../../arm-none-eabi/lib/thumb/v7e-m/nofp\libg_nano.a(libc_a-malloc.o)
                0x000000000800976c                malloc
 .text.free     0x000000000800977c       0x10 C:/ST/STM32CubeIDE_1.10.1/STM32CubeIDE/plugins/com.st.stm32cube.ide.mcu.externaltools.gnu-tools-for-stm32.11.3.rel1.win32_1.1.100.202309141235/tools/bin/../lib/gcc/arm-none-eabi/11.3.1/../../../../arm-none-eabi/lib/thumb/v7e-m/nofp\libg_nano.a(libc_a-malloc.o)
                0x000000000800977c                free
 .text.sprintf  0x000000000800978c       0x40 C:/ST/STM32CubeIDE_1.10.1/STM32CubeIDE/plugins/com.st.stm32cube.ide.mcu.externaltools.gnu-tools-for-stm32.11.3.rel1.win32_1.1.100.202309141235/tools/bin/../lib/gcc/arm-none-eabi/11.3.1/../../../../arm-none-eabi/lib/thumb/v7e-m/nofp\libg_nano.a(libc_a-sprintf.o)
                0x000000000800978c                siprintf
                0x000000000800978c                sprintf
 .text.__errno  0x00000000080097cc        0xc C:/ST/STM32CubeIDE_1.10.1/STM32CubeIDE/plugins/com.st.stm32cube.ide.mcu.externaltools.gnu-tools-for-stm32.11.3.rel1.win32_1.1.100.202309141235/tools/bin/../lib/gcc/arm-none-eabi/11.3.1/../../../../arm-none-eabi/lib/thumb/v7e-m/nofp\libg_nano.a(libc_a-errno.o)
                0x00000000080097cc                __errno
 .text.__ssputs_r
                0x00000000080097d8       0xb4 C:/ST/STM32CubeIDE_1.10.1/STM32CubeIDE/plugins/com.st.stm32cube.ide.mcu.externaltools.gnu-tools-for-stm32.11.3.rel1.win32_1.1.100.202309141235/tools/bin/../lib/gcc/arm-none-eabi/11.3.1/../../../../arm-none-eabi/lib/thumb/v7e-m/nofp\libg_nano.a(libc_a-nano-svfprintf.o)
                0x00000000080097d8                __ssputs_r
 .text._svfprintf_r
                0x000000000800988c      0x1fc C:/ST/STM32CubeIDE_1.10.1/STM32CubeIDE/plugins/com.st.stm32cube.ide.mcu.externaltools.gnu-tools-for-stm32.11.3.rel1.win32_1.1.100.202309141235/tools/bin/../lib/gcc/arm-none-eabi/11.3.1/../../../../arm-none-eabi/lib/thumb/v7e-m/nofp\libg_nano.a(libc_a-nano-svfprintf.o)
                0x000000000800988c                _svfiprintf_r
                0x000000000800988c                _svfprintf_r
 .text._printf_common
                0x0000000008009a88       0xda C:/ST/STM32CubeIDE_1.10.1/STM32CubeIDE/plugins/com.st.stm32cube.ide.mcu.externaltools.gnu-tools-for-stm32.11.3.rel1.win32_1.1.100.202309141235/tools/bin/../lib/gcc/arm-none-eabi/11.3.1/../../../../arm-none-eabi/lib/thumb/v7e-m/nofp\libg_nano.a(libc_a-nano-vfprintf_i.o)
                0x0000000008009a88                _printf_common
 *fill*         0x0000000008009b62        0x2 
 .text._printf_i
                0x0000000008009b64      0x244 C:/ST/STM32CubeIDE_1.10.1/STM32CubeIDE/plugins/com.st.stm32cube.ide.mcu.externaltools.gnu-tools-for-stm32.11.3.rel1.win32_1.1.100.202309141235/tools/bin/../lib/gcc/arm-none-eabi/11.3.1/../../../../arm-none-eabi/lib/thumb/v7e-m/nofp\libg_nano.a(libc_a-nano-vfprintf_i.o)
                0x0000000008009b64                _printf_i
 .text.memmove  0x0000000008009da8       0x34 C:/ST/STM32CubeIDE_1.10.1/STM32CubeIDE/plugins/com.st.stm32cube.ide.mcu.externaltools.gnu-tools-for-stm32.11.3.rel1.win32_1.1.100.202309141235/tools/bin/../lib/gcc/arm-none-eabi/11.3.1/../../../../arm-none-eabi/lib/thumb/v7e-m/nofp\libg_nano.a(libc_a-memmove.o)
                0x0000000008009da8                memmove
 .text.memcpy   0x0000000008009ddc       0x1c C:/ST/STM32CubeIDE_1.10.1/STM32CubeIDE/plugins/com.st.stm32cube.ide.mcu.externaltools.gnu-tools-for-stm32.11.3.rel1.win32_1.1.100.202309141235/tools/bin/../lib/gcc/arm-none-eabi/11.3.1/../../../../arm-none-eabi/lib/thumb/v7e-m/nofp\libg_nano.a(libc_a-memcpy-stub.o)
                0x0000000008009ddc                memcpy
 .text._realloc_r
                0x0000000008009df8       0x5e C:/ST/STM32CubeIDE_1.10.1/STM32CubeIDE/plugins/com.st.stm32cube.ide.mcu.externaltools.gnu-tools-for-stm32.11.3.rel1.win32_1.1.100.202309141235/tools/bin/../lib/gcc/arm-none-eabi/11.3.1/../../../../arm-none-eabi/lib/thumb/v7e-m/nofp\libg_nano.a(libc_a-reallocr.o)
                0x0000000008009df8                _realloc_r
 .text._malloc_usable_size_r
                0x0000000008009e56       0x10 C:/ST/STM32CubeIDE_1.10.1/STM32CubeIDE/plugins/com.st.stm32cube.ide.mcu.externaltools.gnu-tools-for-stm32.11.3.rel1.win32_1.1.100.202309141235/tools/bin/../lib/gcc/arm-none-eabi/11.3.1/../../../../arm-none-eabi/lib/thumb/v7e-m/nofp\libg_nano.a(libc_a-msizer.o)
                0x0000000008009e56                _malloc_usable_size_r
 *(.glue_7)
 .glue_7        0x0000000008009e66        0x0 linker stubs
 *(.glue_7t)
 .glue_7t       0x0000000008009e66        0x0 linker stubs
 *(.eh_frame)
 *fill*         0x0000000008009e66        0x2 
 .eh_frame      0x0000000008009e68        0x0 C:/ST/STM32CubeIDE_1.10.1/STM32CubeIDE/plugins/com.st.stm32cube.ide.mcu.externaltools.gnu-tools-for-stm32.11.3.rel1.win32_1.1.100.202309141235/tools/bin/../lib/gcc/arm-none-eabi/11.3.1/thumb/v7e-m/nofp/crtbegin.o
 *(.init)
 .init          0x0000000008009e68        0x4 C:/ST/STM32CubeIDE_1.10.1/STM32CubeIDE/plugins/com.st.stm32cube.ide.mcu.externaltools.gnu-tools-for-stm32.11.3.rel1.win32_1.1.100.202309141235/tools/bin/../lib/gcc/arm-none-eabi/11.3.1/thumb/v7e-m/nofp/crti.o
                0x0000000008009e68                _init
 .init          0x0000000008009e6c        0x8 C:/ST/STM32CubeIDE_1.10.1/STM32CubeIDE/plugins/com.st.stm32cube.ide.mcu.externaltools.gnu-tools-for-stm32.11.3.rel1.win32_1.1.100.202309141235/tools/bin/../lib/gcc/arm-none-eabi/11.3.1/thumb/v7e-m/nofp/crtn.o
 *(.fini)
 .fini          0x0000000008009e74        0x4 C:/ST/STM32CubeIDE_1.10.1/STM32CubeIDE/plugins/com.st.stm32cube.ide.mcu.externaltools.gnu-tools-for-stm32.11.3.rel1.win32_1.1.100.202309141235/tools/bin/../lib/gcc/arm-none-eabi/11.3.1/thumb/v7e-m/nofp/crti.o
                0x0000000008009e74                _fini
 .fini          0x0000000008009e78        0x8 C:/ST/STM32CubeIDE_1.10.1/STM32CubeIDE/plugins/com.st.stm32cube.ide.mcu.externaltools.gnu-tools-for-stm32.11.3.rel1.win32_1.1.100.202309141235/tools/bin/../lib/gcc/arm-none-eabi/11.3.1/thumb/v7e-m/nofp/crtn.o
                0x0000000008009e80                . = ALIGN (0x4)
                0x0000000008009e80                _etext = .

.vfp11_veneer   0x0000000008009e80        0x0
 .vfp11_veneer  0x0000000008009e80        0x0 linker stubs

.v4_bx          0x0000000008009e80        0x0
 .v4_bx         0x0000000008009e80        0x0 linker stubs

.iplt           0x0000000008009e80        0x0
 .iplt          0x0000000008009e80        0x0 C:/ST/STM32CubeIDE_1.10.1/STM32CubeIDE/plugins/com.st.stm32cube.ide.mcu.externaltools.gnu-tools-for-stm32.11.3.rel1.win32_1.1.100.202309141235/tools/bin/../lib/gcc/arm-none-eabi/11.3.1/thumb/v7e-m/nofp/crtbegin.o

.rodata         0x0000000008009e80     0x28ec
                0x0000000008009e80                . = ALIGN (0x4)
 *(.rodata)
 .rodata        0x0000000008009e80       0x74 CMakeFiles/RadioDisplay.dir/src/main.c.obj
 .rodata        0x0000000008009ef4       0x18 CMakeFiles/RadioDisplay.dir/src/system_stm32f4xx.c.obj
                0x0000000008009ef4                AHBPrescTable
                0x0000000008009f04                APBPrescTable
 .rodata        0x0000000008009f0c       0x14 CMakeFiles/RadioDisplay.dir/libs/display/tm_stm32f4_dma.c.obj
 .rodata        0x0000000008009f20     0x2814 CMakeFiles/RadioDisplay.dir/libs/display/tm_stm32f4_fonts.c.obj
                0x0000000008009f20                TM_Font7x10
                0x000000000800a68c                TM_Font11x18
                0x000000000800b3e8                TM_Font16x26
 .rodata        0x000000000800c734        0x4 CMakeFiles/RadioDisplay.dir/libs/ll_lib/src/stm32f4xx_ll_rcc.c.obj
 *(.rodata*)
 .rodata._svfprintf_r.str1.1
                0x000000000800c738       0x11 C:/ST/STM32CubeIDE_1.10.1/STM32CubeIDE/plugins/com.st.stm32cube.ide.mcu.externaltools.gnu-tools-for-stm32.11.3.rel1.win32_1.1.100.202309141235/tools/bin/../lib/gcc/arm-none-eabi/11.3.1/../../../../arm-none-eabi/lib/thumb/v7e-m/nofp\libg_nano.a(libc_a-nano-svfprintf.o)
 .rodata._printf_i.str1.1
                0x000000000800c749       0x22 C:/ST/STM32CubeIDE_1.10.1/STM32CubeIDE/plugins/com.st.stm32cube.ide.mcu.externaltools.gnu-tools-for-stm32.11.3.rel1.win32_1.1.100.202309141235/tools/bin/../lib/gcc/arm-none-eabi/11.3.1/../../../../arm-none-eabi/lib/thumb/v7e-m/nofp\libg_nano.a(libc_a-nano-vfprintf_i.o)
                0x000000000800c76c                . = ALIGN (0x4)
 *fill*         0x000000000800c76b        0x1 

.rel.dyn        0x000000000800c76c        0x0
 .rel.iplt      0x000000000800c76c        0x0 C:/ST/STM32CubeIDE_1.10.1/STM32CubeIDE/plugins/com.st.stm32cube.ide.mcu.externaltools.gnu-tools-for-stm32.11.3.rel1.win32_1.1.100.202309141235/tools/bin/../lib/gcc/arm-none-eabi/11.3.1/thumb/v7e-m/nofp/crtbegin.o

.ARM.extab      0x000000000800c76c        0x0
                0x000000000800c76c                . = ALIGN (0x4)
 *(.ARM.extab* .gnu.linkonce.armextab.*)
                0x000000000800c76c                . = ALIGN (0x4)

.ARM            0x000000000800c76c        0x0
                0x000000000800c76c                . = ALIGN (0x4)
                0x000000000800c76c                __exidx_start = .
 *(.ARM.exidx*)
                0x000000000800c76c                __exidx_end = .
                0x000000000800c76c                . = ALIGN (0x4)

.preinit_array  0x000000000800c76c        0x0
                0x000000000800c76c                . = ALIGN (0x4)
                0x000000000800c76c                PROVIDE (__preinit_array_start = .)
 *(.preinit_array*)
                0x000000000800c76c                PROVIDE (__preinit_array_end = .)
                0x000000000800c76c                . = ALIGN (0x4)

.init_array     0x000000000800c76c        0x4
                0x000000000800c76c                . = ALIGN (0x4)
                0x000000000800c76c                PROVIDE (__init_array_start = .)
 *(SORT_BY_NAME(.init_array.*))
 *(.init_array*)
 .init_array    0x000000000800c76c        0x4 C:/ST/STM32CubeIDE_1.10.1/STM32CubeIDE/plugins/com.st.stm32cube.ide.mcu.externaltools.gnu-tools-for-stm32.11.3.rel1.win32_1.1.100.202309141235/tools/bin/../lib/gcc/arm-none-eabi/11.3.1/thumb/v7e-m/nofp/crtbegin.o
                0x000000000800c770                PROVIDE (__init_array_end = .)
                0x000000000800c770                . = ALIGN (0x4)

.fini_array     0x000000000800c770        0x4
                0x000000000800c770                . = ALIGN (0x4)
                [!provide]                        PROVIDE (__fini_array_start = .)
 *(SORT_BY_NAME(.fini_array.*))
 *(.fini_array*)
 .fini_array    0x000000000800c770        0x4 C:/ST/STM32CubeIDE_1.10.1/STM32CubeIDE/plugins/com.st.stm32cube.ide.mcu.externaltools.gnu-tools-for-stm32.11.3.rel1.win32_1.1.100.202309141235/tools/bin/../lib/gcc/arm-none-eabi/11.3.1/thumb/v7e-m/nofp/crtbegin.o
                [!provide]                        PROVIDE (__fini_array_end = .)
                0x000000000800c774                . = ALIGN (0x4)
                0x000000000800c774                _sidata = LOADADDR (.data)

.data           0x0000000020000000      0x10c load address 0x000000000800c774
                0x0000000020000000                . = ALIGN (0x4)
                0x0000000020000000                _sdata = .
 *(.data)
 .data          0x0000000020000000        0x4 CMakeFiles/RadioDisplay.dir/src/system_stm32f4xx.c.obj
                0x0000000020000000                SystemCoreClock
 .data          0x0000000020000004       0x10 CMakeFiles/RadioDisplay.dir/libs/system_periph/stm32f4xx_rcc.c.obj
 .data          0x0000000020000014       0x90 CMakeFiles/RadioDisplay.dir/libs/display/tm_stm32f4_spi_dma.c.obj
 .data          0x00000000200000a4       0x18 CMakeFiles/RadioDisplay.dir/libs/display/tm_stm32f4_fonts.c.obj
                0x00000000200000a4                TM_Font_7x10
                0x00000000200000ac                TM_Font_11x18
                0x00000000200000b4                TM_Font_16x26
 *(.data*)
 .data._impure_data
                0x00000000200000bc       0x4c C:/ST/STM32CubeIDE_1.10.1/STM32CubeIDE/plugins/com.st.stm32cube.ide.mcu.externaltools.gnu-tools-for-stm32.11.3.rel1.win32_1.1.100.202309141235/tools/bin/../lib/gcc/arm-none-eabi/11.3.1/../../../../arm-none-eabi/lib/thumb/v7e-m/nofp\libc_nano.a(libc_a-impure.o)
                0x00000000200000bc                _impure_data
 .data._impure_ptr
                0x0000000020000108        0x4 C:/ST/STM32CubeIDE_1.10.1/STM32CubeIDE/plugins/com.st.stm32cube.ide.mcu.externaltools.gnu-tools-for-stm32.11.3.rel1.win32_1.1.100.202309141235/tools/bin/../lib/gcc/arm-none-eabi/11.3.1/../../../../arm-none-eabi/lib/thumb/v7e-m/nofp\libc_nano.a(libc_a-impure.o)
                0x0000000020000108                _impure_ptr
 *(.RamFunc)
 *(.RamFunc*)
                0x000000002000010c                . = ALIGN (0x4)
                0x000000002000010c                _edata = .
                0x000000000800c880                _siccmram = LOADADDR (.ccmram)

.igot.plt       0x000000002000010c        0x0 load address 0x000000000800c880
 .igot.plt      0x000000002000010c        0x0 C:/ST/STM32CubeIDE_1.10.1/STM32CubeIDE/plugins/com.st.stm32cube.ide.mcu.externaltools.gnu-tools-for-stm32.11.3.rel1.win32_1.1.100.202309141235/tools/bin/../lib/gcc/arm-none-eabi/11.3.1/thumb/v7e-m/nofp/crtbegin.o

.ccmram         0x0000000010000000        0x0 load address 0x000000000800c880
                0x0000000010000000                . = ALIGN (0x4)
                0x0000000010000000                _sccmram = .
 *(.ccmram)
 *(.ccmram*)
                0x0000000010000000                . = ALIGN (0x4)
                0x0000000010000000                _eccmram = .
                0x0000000010000000                . = ALIGN (0x4)

.bss            0x000000002000010c      0x200
                0x000000002000010c                _sbss = .
                0x000000002000010c                __bss_start__ = _sbss
 *(.bss)
 .bss           0x000000002000010c       0x1c C:/ST/STM32CubeIDE_1.10.1/STM32CubeIDE/plugins/com.st.stm32cube.ide.mcu.externaltools.gnu-tools-for-stm32.11.3.rel1.win32_1.1.100.202309141235/tools/bin/../lib/gcc/arm-none-eabi/11.3.1/thumb/v7e-m/nofp/crtbegin.o
 .bss           0x0000000020000128        0x2 CMakeFiles/RadioDisplay.dir/src/main.c.obj
                0x0000000020000128                rf_receive_flag
                0x0000000020000129                disp_touch_flag
 *fill*         0x000000002000012a        0x2 
 .bss           0x000000002000012c        0x4 CMakeFiles/RadioDisplay.dir/src/sysmem.c.obj
 .bss           0x0000000020000130       0x16 CMakeFiles/RadioDisplay.dir/libs/display/tm_stm32f4_gpio.c.obj
 *fill*         0x0000000020000146        0x2 
 .bss           0x0000000020000148       0x2c CMakeFiles/RadioDisplay.dir/libs/display/tm_stm32f4_delay.c.obj
                0x0000000020000148                TM_TimingDelay
                0x000000002000014c                TM_Time
                0x0000000020000150                TM_Time2
                0x0000000020000154                mult
                0x0000000020000158                TM_DELAY_Initialized
 .bss           0x0000000020000174       0x3c CMakeFiles/RadioDisplay.dir/libs/display/tm_stm32f4_spi_dma.c.obj
 .bss           0x00000000200001b0        0xb CMakeFiles/RadioDisplay.dir/libs/display/tm_stm32f4_ili9341.c.obj
                0x00000000200001b0                ILI9341_x
                0x00000000200001b2                ILI9341_y
                0x00000000200001b4                ILI9341_Opts
                0x00000000200001ba                ILI9341_INT_CalledFromPuts
 *fill*         0x00000000200001bb        0x1 
 .bss           0x00000000200001bc        0x7 CMakeFiles/RadioDisplay.dir/libs/rf/nRF24.c.obj
 *(.bss*)
 *fill*         0x00000000200001c3        0x1 
 .bss.__sf      0x00000000200001c4      0x138 C:/ST/STM32CubeIDE_1.10.1/STM32CubeIDE/plugins/com.st.stm32cube.ide.mcu.externaltools.gnu-tools-for-stm32.11.3.rel1.win32_1.1.100.202309141235/tools/bin/../lib/gcc/arm-none-eabi/11.3.1/../../../../arm-none-eabi/lib/thumb/v7e-m/nofp\libc_nano.a(libc_a-findfp.o)
                0x00000000200001c4                __sf
 .bss.errno     0x00000000200002fc        0x4 C:/ST/STM32CubeIDE_1.10.1/STM32CubeIDE/plugins/com.st.stm32cube.ide.mcu.externaltools.gnu-tools-for-stm32.11.3.rel1.win32_1.1.100.202309141235/tools/bin/../lib/gcc/arm-none-eabi/11.3.1/../../../../arm-none-eabi/lib/thumb/v7e-m/nofp\libc_nano.a(libc_a-reent.o)
                0x00000000200002fc                errno
 .bss.__lock___malloc_recursive_mutex
                0x0000000020000300        0x1 C:/ST/STM32CubeIDE_1.10.1/STM32CubeIDE/plugins/com.st.stm32cube.ide.mcu.externaltools.gnu-tools-for-stm32.11.3.rel1.win32_1.1.100.202309141235/tools/bin/../lib/gcc/arm-none-eabi/11.3.1/../../../../arm-none-eabi/lib/thumb/v7e-m/nofp\libc_nano.a(libc_a-lock.o)
                0x0000000020000300                __lock___malloc_recursive_mutex
 *fill*         0x0000000020000301        0x3 
 .bss.__malloc_free_list
                0x0000000020000304        0x4 C:/ST/STM32CubeIDE_1.10.1/STM32CubeIDE/plugins/com.st.stm32cube.ide.mcu.externaltools.gnu-tools-for-stm32.11.3.rel1.win32_1.1.100.202309141235/tools/bin/../lib/gcc/arm-none-eabi/11.3.1/../../../../arm-none-eabi/lib/thumb/v7e-m/nofp\libc_nano.a(libc_a-mallocr.o)
                0x0000000020000304                __malloc_free_list
 .bss.__malloc_sbrk_start
                0x0000000020000308        0x4 C:/ST/STM32CubeIDE_1.10.1/STM32CubeIDE/plugins/com.st.stm32cube.ide.mcu.externaltools.gnu-tools-for-stm32.11.3.rel1.win32_1.1.100.202309141235/tools/bin/../lib/gcc/arm-none-eabi/11.3.1/../../../../arm-none-eabi/lib/thumb/v7e-m/nofp\libc_nano.a(libc_a-mallocr.o)
                0x0000000020000308                __malloc_sbrk_start
 *(COMMON)
                0x000000002000030c                . = ALIGN (0x4)
                0x000000002000030c                _ebss = .
                0x000000002000030c                __bss_end__ = _ebss

._user_heap_stack
                0x000000002000030c      0x604
                0x0000000020000310                . = ALIGN (0x8)
 *fill*         0x000000002000030c        0x4 
                [!provide]                        PROVIDE (end = .)
                0x0000000020000310                PROVIDE (_end = .)
                0x0000000020000510                . = (. + _Min_Heap_Size)
 *fill*         0x0000000020000310      0x200 
                0x0000000020000910                . = (. + _Min_Stack_Size)
 *fill*         0x0000000020000510      0x400 
                0x0000000020000910                . = ALIGN (0x8)

/DISCARD/
 libc.a(*)
 libm.a(*)
 libgcc.a(*)

.ARM.attributes
                0x0000000000000000       0x2a
 *(.ARM.attributes)
 .ARM.attributes
                0x0000000000000000       0x1e C:/ST/STM32CubeIDE_1.10.1/STM32CubeIDE/plugins/com.st.stm32cube.ide.mcu.externaltools.gnu-tools-for-stm32.11.3.rel1.win32_1.1.100.202309141235/tools/bin/../lib/gcc/arm-none-eabi/11.3.1/thumb/v7e-m/nofp/crti.o
 .ARM.attributes
                0x000000000000001e       0x2e C:/ST/STM32CubeIDE_1.10.1/STM32CubeIDE/plugins/com.st.stm32cube.ide.mcu.externaltools.gnu-tools-for-stm32.11.3.rel1.win32_1.1.100.202309141235/tools/bin/../lib/gcc/arm-none-eabi/11.3.1/thumb/v7e-m/nofp/crtbegin.o
 .ARM.attributes
                0x000000000000004c       0x2e C:/ST/STM32CubeIDE_1.10.1/STM32CubeIDE/plugins/com.st.stm32cube.ide.mcu.externaltools.gnu-tools-for-stm32.11.3.rel1.win32_1.1.100.202309141235/tools/bin/../lib/gcc/arm-none-eabi/11.3.1/../../../../arm-none-eabi/lib/thumb/v7e-m/nofp\libc_nano.a(libc_a-findfp.o)
 .ARM.attributes
                0x000000000000007a       0x2e C:/ST/STM32CubeIDE_1.10.1/STM32CubeIDE/plugins/com.st.stm32cube.ide.mcu.externaltools.gnu-tools-for-stm32.11.3.rel1.win32_1.1.100.202309141235/tools/bin/../lib/gcc/arm-none-eabi/11.3.1/../../../../arm-none-eabi/lib/thumb/v7e-m/nofp\libc_nano.a(libc_a-memset.o)
 .ARM.attributes
                0x00000000000000a8       0x2e C:/ST/STM32CubeIDE_1.10.1/STM32CubeIDE/plugins/com.st.stm32cube.ide.mcu.externaltools.gnu-tools-for-stm32.11.3.rel1.win32_1.1.100.202309141235/tools/bin/../lib/gcc/arm-none-eabi/11.3.1/../../../../arm-none-eabi/lib/thumb/v7e-m/nofp\libc_nano.a(libc_a-reent.o)
 .ARM.attributes
                0x00000000000000d6       0x2e C:/ST/STM32CubeIDE_1.10.1/STM32CubeIDE/plugins/com.st.stm32cube.ide.mcu.externaltools.gnu-tools-for-stm32.11.3.rel1.win32_1.1.100.202309141235/tools/bin/../lib/gcc/arm-none-eabi/11.3.1/../../../../arm-none-eabi/lib/thumb/v7e-m/nofp\libc_nano.a(libc_a-impure.o)
 .ARM.attributes
                0x0000000000000104       0x2e C:/ST/STM32CubeIDE_1.10.1/STM32CubeIDE/plugins/com.st.stm32cube.ide.mcu.externaltools.gnu-tools-for-stm32.11.3.rel1.win32_1.1.100.202309141235/tools/bin/../lib/gcc/arm-none-eabi/11.3.1/../../../../arm-none-eabi/lib/thumb/v7e-m/nofp\libc_nano.a(libc_a-init.o)
 .ARM.attributes
                0x0000000000000132       0x2e C:/ST/STM32CubeIDE_1.10.1/STM32CubeIDE/plugins/com.st.stm32cube.ide.mcu.externaltools.gnu-tools-for-stm32.11.3.rel1.win32_1.1.100.202309141235/tools/bin/../lib/gcc/arm-none-eabi/11.3.1/../../../../arm-none-eabi/lib/thumb/v7e-m/nofp\libc_nano.a(libc_a-lock.o)
 .ARM.attributes
                0x0000000000000160       0x2e C:/ST/STM32CubeIDE_1.10.1/STM32CubeIDE/plugins/com.st.stm32cube.ide.mcu.externaltools.gnu-tools-for-stm32.11.3.rel1.win32_1.1.100.202309141235/tools/bin/../lib/gcc/arm-none-eabi/11.3.1/../../../../arm-none-eabi/lib/thumb/v7e-m/nofp\libc_nano.a(libc_a-freer.o)
 .ARM.attributes
                0x000000000000018e       0x2e C:/ST/STM32CubeIDE_1.10.1/STM32CubeIDE/plugins/com.st.stm32cube.ide.mcu.externaltools.gnu-tools-for-stm32.11.3.rel1.win32_1.1.100.202309141235/tools/bin/../lib/gcc/arm-none-eabi/11.3.1/../../../../arm-none-eabi/lib/thumb/v7e-m/nofp\libc_nano.a(libc_a-mallocr.o)
 .ARM.attributes
                0x00000000000001bc       0x2e C:/ST/STM32CubeIDE_1.10.1/STM32CubeIDE/plugins/com.st.stm32cube.ide.mcu.externaltools.gnu-tools-for-stm32.11.3.rel1.win32_1.1.100.202309141235/tools/bin/../lib/gcc/arm-none-eabi/11.3.1/../../../../arm-none-eabi/lib/thumb/v7e-m/nofp\libc_nano.a(libc_a-mlock.o)
 .ARM.attributes
                0x00000000000001ea       0x2e C:/ST/STM32CubeIDE_1.10.1/STM32CubeIDE/plugins/com.st.stm32cube.ide.mcu.externaltools.gnu-tools-for-stm32.11.3.rel1.win32_1.1.100.202309141235/tools/bin/../lib/gcc/arm-none-eabi/11.3.1/../../../../arm-none-eabi/lib/thumb/v7e-m/nofp\libc_nano.a(libc_a-sbrkr.o)
 .ARM.attributes
                0x0000000000000218       0x21 CMakeFiles/RadioDisplay.dir/Startup/startup_stm32f429zitx.s.obj
 .ARM.attributes
                0x0000000000000239       0x2e CMakeFiles/RadioDisplay.dir/src/main.c.obj
 .ARM.attributes
                0x0000000000000267       0x2e CMakeFiles/RadioDisplay.dir/src/init.c.obj
 .ARM.attributes
                0x0000000000000295       0x2e CMakeFiles/RadioDisplay.dir/src/sysmem.c.obj
 .ARM.attributes
                0x00000000000002c3       0x2e CMakeFiles/RadioDisplay.dir/src/system_stm32f4xx.c.obj
 .ARM.attributes
                0x00000000000002f1       0x2e CMakeFiles/RadioDisplay.dir/libs/system_periph/stm32f4xx_rcc.c.obj
 .ARM.attributes
                0x000000000000031f       0x2e CMakeFiles/RadioDisplay.dir/libs/system_periph/stm32f4xx_spi.c.obj
 .ARM.attributes
                0x000000000000034d       0x2e CMakeFiles/RadioDisplay.dir/libs/system_periph/stm32f4xx_gpio.c.obj
 .ARM.attributes
                0x000000000000037b       0x2e CMakeFiles/RadioDisplay.dir/libs/system_periph/stm32f4xx_dma.c.obj
 .ARM.attributes
                0x00000000000003a9       0x2e CMakeFiles/RadioDisplay.dir/libs/system_periph/misc.c.obj
 .ARM.attributes
                0x00000000000003d7       0x2e CMakeFiles/RadioDisplay.dir/libs/display/tm_stm32f4_gpio.c.obj
 .ARM.attributes
                0x0000000000000405       0x2e CMakeFiles/RadioDisplay.dir/libs/display/tm_stm32f4_delay.c.obj
 .ARM.attributes
                0x0000000000000433       0x2e CMakeFiles/RadioDisplay.dir/libs/display/tm_stm32f4_spi.c.obj
 .ARM.attributes
                0x0000000000000461       0x2e CMakeFiles/RadioDisplay.dir/libs/display/tm_stm32f4_dma.c.obj
 .ARM.attributes
                0x000000000000048f       0x2e CMakeFiles/RadioDisplay.dir/libs/display/tm_stm32f4_spi_dma.c.obj
 .ARM.attributes
                0x00000000000004bd       0x2e CMakeFiles/RadioDisplay.dir/libs/display/tm_stm32f4_fonts.c.obj
 .ARM.attributes
                0x00000000000004eb       0x2e CMakeFiles/RadioDisplay.dir/libs/display/tm_stm32f4_ili9341.c.obj
 .ARM.attributes
                0x0000000000000519       0x2e CMakeFiles/RadioDisplay.dir/libs/display/tm_stm32f4_stmpe811.c.obj
 .ARM.attributes
                0x0000000000000547       0x2e CMakeFiles/RadioDisplay.dir/libs/ll_lib/src/stm32f4xx_ll_exti.c.obj
 .ARM.attributes
                0x0000000000000575       0x2e CMakeFiles/RadioDisplay.dir/libs/ll_lib/src/stm32f4xx_ll_gpio.c.obj
 .ARM.attributes
                0x00000000000005a3       0x2e CMakeFiles/RadioDisplay.dir/libs/ll_lib/src/stm32f4xx_ll_rcc.c.obj
 .ARM.attributes
                0x00000000000005d1       0x2e CMakeFiles/RadioDisplay.dir/libs/ll_lib/src/stm32f4xx_ll_utils.c.obj
 .ARM.attributes
                0x00000000000005ff       0x2e CMakeFiles/RadioDisplay.dir/libs/ll_lib/src/stm32f4xx_ll_i2c.c.obj
 .ARM.attributes
                0x000000000000062d       0x2e CMakeFiles/RadioDisplay.dir/libs/ll_lib/src/stm32f4xx_ll_spi.c.obj
 .ARM.attributes
                0x000000000000065b       0x2e CMakeFiles/RadioDisplay.dir/libs/rf/nRF24.c.obj
 .ARM.attributes
                0x0000000000000689       0x2e C:/ST/STM32CubeIDE_1.10.1/STM32CubeIDE/plugins/com.st.stm32cube.ide.mcu.externaltools.gnu-tools-for-stm32.11.3.rel1.win32_1.1.100.202309141235/tools/bin/../lib/gcc/arm-none-eabi/11.3.1/../../../../arm-none-eabi/lib/thumb/v7e-m/nofp\libg_nano.a(libc_a-malloc.o)
 .ARM.attributes
                0x00000000000006b7       0x2e C:/ST/STM32CubeIDE_1.10.1/STM32CubeIDE/plugins/com.st.stm32cube.ide.mcu.externaltools.gnu-tools-for-stm32.11.3.rel1.win32_1.1.100.202309141235/tools/bin/../lib/gcc/arm-none-eabi/11.3.1/../../../../arm-none-eabi/lib/thumb/v7e-m/nofp\libg_nano.a(libc_a-sprintf.o)
 .ARM.attributes
                0x00000000000006e5       0x2e C:/ST/STM32CubeIDE_1.10.1/STM32CubeIDE/plugins/com.st.stm32cube.ide.mcu.externaltools.gnu-tools-for-stm32.11.3.rel1.win32_1.1.100.202309141235/tools/bin/../lib/gcc/arm-none-eabi/11.3.1/../../../../arm-none-eabi/lib/thumb/v7e-m/nofp\libg_nano.a(libc_a-errno.o)
 .ARM.attributes
                0x0000000000000713       0x2e C:/ST/STM32CubeIDE_1.10.1/STM32CubeIDE/plugins/com.st.stm32cube.ide.mcu.externaltools.gnu-tools-for-stm32.11.3.rel1.win32_1.1.100.202309141235/tools/bin/../lib/gcc/arm-none-eabi/11.3.1/../../../../arm-none-eabi/lib/thumb/v7e-m/nofp\libg_nano.a(libc_a-nano-svfprintf.o)
 .ARM.attributes
                0x0000000000000741       0x2e C:/ST/STM32CubeIDE_1.10.1/STM32CubeIDE/plugins/com.st.stm32cube.ide.mcu.externaltools.gnu-tools-for-stm32.11.3.rel1.win32_1.1.100.202309141235/tools/bin/../lib/gcc/arm-none-eabi/11.3.1/../../../../arm-none-eabi/lib/thumb/v7e-m/nofp\libg_nano.a(libc_a-nano-vfprintf_i.o)
 .ARM.attributes
                0x000000000000076f       0x2e C:/ST/STM32CubeIDE_1.10.1/STM32CubeIDE/plugins/com.st.stm32cube.ide.mcu.externaltools.gnu-tools-for-stm32.11.3.rel1.win32_1.1.100.202309141235/tools/bin/../lib/gcc/arm-none-eabi/11.3.1/../../../../arm-none-eabi/lib/thumb/v7e-m/nofp\libg_nano.a(libc_a-memmove.o)
 .ARM.attributes
                0x000000000000079d       0x1c C:/ST/STM32CubeIDE_1.10.1/STM32CubeIDE/plugins/com.st.stm32cube.ide.mcu.externaltools.gnu-tools-for-stm32.11.3.rel1.win32_1.1.100.202309141235/tools/bin/../lib/gcc/arm-none-eabi/11.3.1/../../../../arm-none-eabi/lib/thumb/v7e-m/nofp\libg_nano.a(libc_a-memchr.o)
 .ARM.attributes
                0x00000000000007b9       0x2e C:/ST/STM32CubeIDE_1.10.1/STM32CubeIDE/plugins/com.st.stm32cube.ide.mcu.externaltools.gnu-tools-for-stm32.11.3.rel1.win32_1.1.100.202309141235/tools/bin/../lib/gcc/arm-none-eabi/11.3.1/../../../../arm-none-eabi/lib/thumb/v7e-m/nofp\libg_nano.a(libc_a-memcpy-stub.o)
 .ARM.attributes
                0x00000000000007e7       0x2e C:/ST/STM32CubeIDE_1.10.1/STM32CubeIDE/plugins/com.st.stm32cube.ide.mcu.externaltools.gnu-tools-for-stm32.11.3.rel1.win32_1.1.100.202309141235/tools/bin/../lib/gcc/arm-none-eabi/11.3.1/../../../../arm-none-eabi/lib/thumb/v7e-m/nofp\libg_nano.a(libc_a-reallocr.o)
 .ARM.attributes
                0x0000000000000815       0x2e C:/ST/STM32CubeIDE_1.10.1/STM32CubeIDE/plugins/com.st.stm32cube.ide.mcu.externaltools.gnu-tools-for-stm32.11.3.rel1.win32_1.1.100.202309141235/tools/bin/../lib/gcc/arm-none-eabi/11.3.1/../../../../arm-none-eabi/lib/thumb/v7e-m/nofp\libg_nano.a(libc_a-msizer.o)
 .ARM.attributes
                0x0000000000000843       0x1e C:/ST/STM32CubeIDE_1.10.1/STM32CubeIDE/plugins/com.st.stm32cube.ide.mcu.externaltools.gnu-tools-for-stm32.11.3.rel1.win32_1.1.100.202309141235/tools/bin/../lib/gcc/arm-none-eabi/11.3.1/thumb/v7e-m/nofp/crtn.o
OUTPUT(RadioDisplay.elf elf32-littlearm)
LOAD linker stubs
LOAD C:/ST/STM32CubeIDE_1.10.1/STM32CubeIDE/plugins/com.st.stm32cube.ide.mcu.externaltools.gnu-tools-for-stm32.11.3.rel1.win32_1.1.100.202309141235/tools/bin/../lib/gcc/arm-none-eabi/11.3.1/../../../../arm-none-eabi/lib/thumb/v7e-m/nofp\libc.a
LOAD C:/ST/STM32CubeIDE_1.10.1/STM32CubeIDE/plugins/com.st.stm32cube.ide.mcu.externaltools.gnu-tools-for-stm32.11.3.rel1.win32_1.1.100.202309141235/tools/bin/../lib/gcc/arm-none-eabi/11.3.1/../../../../arm-none-eabi/lib/thumb/v7e-m/nofp\libm.a
LOAD C:/ST/STM32CubeIDE_1.10.1/STM32CubeIDE/plugins/com.st.stm32cube.ide.mcu.externaltools.gnu-tools-for-stm32.11.3.rel1.win32_1.1.100.202309141235/tools/bin/../lib/gcc/arm-none-eabi/11.3.1/thumb/v7e-m/nofp\libgcc.a

.comment        0x0000000000000000       0x43
 .comment       0x0000000000000000       0x43 C:/ST/STM32CubeIDE_1.10.1/STM32CubeIDE/plugins/com.st.stm32cube.ide.mcu.externaltools.gnu-tools-for-stm32.11.3.rel1.win32_1.1.100.202309141235/tools/bin/../lib/gcc/arm-none-eabi/11.3.1/thumb/v7e-m/nofp/crtbegin.o
                                         0x44 (size before relaxing)
 .comment       0x0000000000000043       0x44 CMakeFiles/RadioDisplay.dir/src/main.c.obj
 .comment       0x0000000000000043       0x44 CMakeFiles/RadioDisplay.dir/src/init.c.obj
 .comment       0x0000000000000043       0x44 CMakeFiles/RadioDisplay.dir/src/sysmem.c.obj
 .comment       0x0000000000000043       0x44 CMakeFiles/RadioDisplay.dir/src/system_stm32f4xx.c.obj
 .comment       0x0000000000000043       0x44 CMakeFiles/RadioDisplay.dir/libs/system_periph/stm32f4xx_rcc.c.obj
 .comment       0x0000000000000043       0x44 CMakeFiles/RadioDisplay.dir/libs/system_periph/stm32f4xx_spi.c.obj
 .comment       0x0000000000000043       0x44 CMakeFiles/RadioDisplay.dir/libs/system_periph/stm32f4xx_gpio.c.obj
 .comment       0x0000000000000043       0x44 CMakeFiles/RadioDisplay.dir/libs/system_periph/stm32f4xx_dma.c.obj
 .comment       0x0000000000000043       0x44 CMakeFiles/RadioDisplay.dir/libs/system_periph/misc.c.obj
 .comment       0x0000000000000043       0x44 CMakeFiles/RadioDisplay.dir/libs/display/tm_stm32f4_gpio.c.obj
 .comment       0x0000000000000043       0x44 CMakeFiles/RadioDisplay.dir/libs/display/tm_stm32f4_delay.c.obj
 .comment       0x0000000000000043       0x44 CMakeFiles/RadioDisplay.dir/libs/display/tm_stm32f4_spi.c.obj
 .comment       0x0000000000000043       0x44 CMakeFiles/RadioDisplay.dir/libs/display/tm_stm32f4_dma.c.obj
 .comment       0x0000000000000043       0x44 CMakeFiles/RadioDisplay.dir/libs/display/tm_stm32f4_spi_dma.c.obj
 .comment       0x0000000000000043       0x44 CMakeFiles/RadioDisplay.dir/libs/display/tm_stm32f4_fonts.c.obj
 .comment       0x0000000000000043       0x44 CMakeFiles/RadioDisplay.dir/libs/display/tm_stm32f4_ili9341.c.obj
 .comment       0x0000000000000043       0x44 CMakeFiles/RadioDisplay.dir/libs/display/tm_stm32f4_stmpe811.c.obj
 .comment       0x0000000000000043       0x44 CMakeFiles/RadioDisplay.dir/libs/ll_lib/src/stm32f4xx_ll_exti.c.obj
 .comment       0x0000000000000043       0x44 CMakeFiles/RadioDisplay.dir/libs/ll_lib/src/stm32f4xx_ll_gpio.c.obj
 .comment       0x0000000000000043       0x44 CMakeFiles/RadioDisplay.dir/libs/ll_lib/src/stm32f4xx_ll_rcc.c.obj
 .comment       0x0000000000000043       0x44 CMakeFiles/RadioDisplay.dir/libs/ll_lib/src/stm32f4xx_ll_utils.c.obj
 .comment       0x0000000000000043       0x44 CMakeFiles/RadioDisplay.dir/libs/ll_lib/src/stm32f4xx_ll_i2c.c.obj
 .comment       0x0000000000000043       0x44 CMakeFiles/RadioDisplay.dir/libs/ll_lib/src/stm32f4xx_ll_spi.c.obj
 .comment       0x0000000000000043       0x44 CMakeFiles/RadioDisplay.dir/libs/rf/nRF24.c.obj
 .comment       0x0000000000000043       0x44 C:/ST/STM32CubeIDE_1.10.1/STM32CubeIDE/plugins/com.st.stm32cube.ide.mcu.externaltools.gnu-tools-for-stm32.11.3.rel1.win32_1.1.100.202309141235/tools/bin/../lib/gcc/arm-none-eabi/11.3.1/../../../../arm-none-eabi/lib/thumb/v7e-m/nofp\libg_nano.a(libc_a-malloc.o)
 .comment       0x0000000000000043       0x44 C:/ST/STM32CubeIDE_1.10.1/STM32CubeIDE/plugins/com.st.stm32cube.ide.mcu.externaltools.gnu-tools-for-stm32.11.3.rel1.win32_1.1.100.202309141235/tools/bin/../lib/gcc/arm-none-eabi/11.3.1/../../../../arm-none-eabi/lib/thumb/v7e-m/nofp\libg_nano.a(libc_a-sprintf.o)
 .comment       0x0000000000000043       0x44 C:/ST/STM32CubeIDE_1.10.1/STM32CubeIDE/plugins/com.st.stm32cube.ide.mcu.externaltools.gnu-tools-for-stm32.11.3.rel1.win32_1.1.100.202309141235/tools/bin/../lib/gcc/arm-none-eabi/11.3.1/../../../../arm-none-eabi/lib/thumb/v7e-m/nofp\libg_nano.a(libc_a-errno.o)
 .comment       0x0000000000000043       0x44 C:/ST/STM32CubeIDE_1.10.1/STM32CubeIDE/plugins/com.st.stm32cube.ide.mcu.externaltools.gnu-tools-for-stm32.11.3.rel1.win32_1.1.100.202309141235/tools/bin/../lib/gcc/arm-none-eabi/11.3.1/../../../../arm-none-eabi/lib/thumb/v7e-m/nofp\libg_nano.a(libc_a-nano-svfprintf.o)
 .comment       0x0000000000000043       0x44 C:/ST/STM32CubeIDE_1.10.1/STM32CubeIDE/plugins/com.st.stm32cube.ide.mcu.externaltools.gnu-tools-for-stm32.11.3.rel1.win32_1.1.100.202309141235/tools/bin/../lib/gcc/arm-none-eabi/11.3.1/../../../../arm-none-eabi/lib/thumb/v7e-m/nofp\libg_nano.a(libc_a-nano-vfprintf_i.o)
 .comment       0x0000000000000043       0x44 C:/ST/STM32CubeIDE_1.10.1/STM32CubeIDE/plugins/com.st.stm32cube.ide.mcu.externaltools.gnu-tools-for-stm32.11.3.rel1.win32_1.1.100.202309141235/tools/bin/../lib/gcc/arm-none-eabi/11.3.1/../../../../arm-none-eabi/lib/thumb/v7e-m/nofp\libg_nano.a(libc_a-memmove.o)
 .comment       0x0000000000000043       0x44 C:/ST/STM32CubeIDE_1.10.1/STM32CubeIDE/plugins/com.st.stm32cube.ide.mcu.externaltools.gnu-tools-for-stm32.11.3.rel1.win32_1.1.100.202309141235/tools/bin/../lib/gcc/arm-none-eabi/11.3.1/../../../../arm-none-eabi/lib/thumb/v7e-m/nofp\libg_nano.a(libc_a-memcpy-stub.o)
 .comment       0x0000000000000043       0x44 C:/ST/STM32CubeIDE_1.10.1/STM32CubeIDE/plugins/com.st.stm32cube.ide.mcu.externaltools.gnu-tools-for-stm32.11.3.rel1.win32_1.1.100.202309141235/tools/bin/../lib/gcc/arm-none-eabi/11.3.1/../../../../arm-none-eabi/lib/thumb/v7e-m/nofp\libg_nano.a(libc_a-reallocr.o)
 .comment       0x0000000000000043       0x44 C:/ST/STM32CubeIDE_1.10.1/STM32CubeIDE/plugins/com.st.stm32cube.ide.mcu.externaltools.gnu-tools-for-stm32.11.3.rel1.win32_1.1.100.202309141235/tools/bin/../lib/gcc/arm-none-eabi/11.3.1/../../../../arm-none-eabi/lib/thumb/v7e-m/nofp\libg_nano.a(libc_a-msizer.o)

.debug_frame    0x0000000000000000     0x4b04
 .debug_frame   0x0000000000000000      0x144 C:/ST/STM32CubeIDE_1.10.1/STM32CubeIDE/plugins/com.st.stm32cube.ide.mcu.externaltools.gnu-tools-for-stm32.11.3.rel1.win32_1.1.100.202309141235/tools/bin/../lib/gcc/arm-none-eabi/11.3.1/../../../../arm-none-eabi/lib/thumb/v7e-m/nofp\libc_nano.a(libc_a-findfp.o)
 .debug_frame   0x0000000000000144       0x20 C:/ST/STM32CubeIDE_1.10.1/STM32CubeIDE/plugins/com.st.stm32cube.ide.mcu.externaltools.gnu-tools-for-stm32.11.3.rel1.win32_1.1.100.202309141235/tools/bin/../lib/gcc/arm-none-eabi/11.3.1/../../../../arm-none-eabi/lib/thumb/v7e-m/nofp\libc_nano.a(libc_a-memset.o)
 .debug_frame   0x0000000000000164       0x38 C:/ST/STM32CubeIDE_1.10.1/STM32CubeIDE/plugins/com.st.stm32cube.ide.mcu.externaltools.gnu-tools-for-stm32.11.3.rel1.win32_1.1.100.202309141235/tools/bin/../lib/gcc/arm-none-eabi/11.3.1/../../../../arm-none-eabi/lib/thumb/v7e-m/nofp\libc_nano.a(libc_a-reent.o)
 .debug_frame   0x000000000000019c       0x2c C:/ST/STM32CubeIDE_1.10.1/STM32CubeIDE/plugins/com.st.stm32cube.ide.mcu.externaltools.gnu-tools-for-stm32.11.3.rel1.win32_1.1.100.202309141235/tools/bin/../lib/gcc/arm-none-eabi/11.3.1/../../../../arm-none-eabi/lib/thumb/v7e-m/nofp\libc_nano.a(libc_a-init.o)
 .debug_frame   0x00000000000001c8       0xb0 C:/ST/STM32CubeIDE_1.10.1/STM32CubeIDE/plugins/com.st.stm32cube.ide.mcu.externaltools.gnu-tools-for-stm32.11.3.rel1.win32_1.1.100.202309141235/tools/bin/../lib/gcc/arm-none-eabi/11.3.1/../../../../arm-none-eabi/lib/thumb/v7e-m/nofp\libc_nano.a(libc_a-lock.o)
 .debug_frame   0x0000000000000278       0x38 C:/ST/STM32CubeIDE_1.10.1/STM32CubeIDE/plugins/com.st.stm32cube.ide.mcu.externaltools.gnu-tools-for-stm32.11.3.rel1.win32_1.1.100.202309141235/tools/bin/../lib/gcc/arm-none-eabi/11.3.1/../../../../arm-none-eabi/lib/thumb/v7e-m/nofp\libc_nano.a(libc_a-freer.o)
 .debug_frame   0x00000000000002b0       0x50 C:/ST/STM32CubeIDE_1.10.1/STM32CubeIDE/plugins/com.st.stm32cube.ide.mcu.externaltools.gnu-tools-for-stm32.11.3.rel1.win32_1.1.100.202309141235/tools/bin/../lib/gcc/arm-none-eabi/11.3.1/../../../../arm-none-eabi/lib/thumb/v7e-m/nofp\libc_nano.a(libc_a-mallocr.o)
 .debug_frame   0x0000000000000300       0x30 C:/ST/STM32CubeIDE_1.10.1/STM32CubeIDE/plugins/com.st.stm32cube.ide.mcu.externaltools.gnu-tools-for-stm32.11.3.rel1.win32_1.1.100.202309141235/tools/bin/../lib/gcc/arm-none-eabi/11.3.1/../../../../arm-none-eabi/lib/thumb/v7e-m/nofp\libc_nano.a(libc_a-mlock.o)
 .debug_frame   0x0000000000000330       0x2c C:/ST/STM32CubeIDE_1.10.1/STM32CubeIDE/plugins/com.st.stm32cube.ide.mcu.externaltools.gnu-tools-for-stm32.11.3.rel1.win32_1.1.100.202309141235/tools/bin/../lib/gcc/arm-none-eabi/11.3.1/../../../../arm-none-eabi/lib/thumb/v7e-m/nofp\libc_nano.a(libc_a-sbrkr.o)
 .debug_frame   0x000000000000035c       0xb8 CMakeFiles/RadioDisplay.dir/src/main.c.obj
 .debug_frame   0x0000000000000414      0x5a0 CMakeFiles/RadioDisplay.dir/src/init.c.obj
 .debug_frame   0x00000000000009b4       0x34 CMakeFiles/RadioDisplay.dir/src/sysmem.c.obj
 .debug_frame   0x00000000000009e8       0x58 CMakeFiles/RadioDisplay.dir/src/system_stm32f4xx.c.obj
 .debug_frame   0x0000000000000a40      0x6d4 CMakeFiles/RadioDisplay.dir/libs/system_periph/stm32f4xx_rcc.c.obj
 .debug_frame   0x0000000000001114      0x3f4 CMakeFiles/RadioDisplay.dir/libs/system_periph/stm32f4xx_spi.c.obj
 .debug_frame   0x0000000000001508      0x23c CMakeFiles/RadioDisplay.dir/libs/system_periph/stm32f4xx_gpio.c.obj
 .debug_frame   0x0000000000001744      0x308 CMakeFiles/RadioDisplay.dir/libs/system_periph/stm32f4xx_dma.c.obj
 .debug_frame   0x0000000000001a4c       0xd8 CMakeFiles/RadioDisplay.dir/libs/system_periph/misc.c.obj
 .debug_frame   0x0000000000001b24      0x274 CMakeFiles/RadioDisplay.dir/libs/display/tm_stm32f4_gpio.c.obj
 .debug_frame   0x0000000000001d98      0x1ec CMakeFiles/RadioDisplay.dir/libs/display/tm_stm32f4_delay.c.obj
 .debug_frame   0x0000000000001f84      0x2e8 CMakeFiles/RadioDisplay.dir/libs/display/tm_stm32f4_spi.c.obj
 .debug_frame   0x000000000000226c      0x3a0 CMakeFiles/RadioDisplay.dir/libs/display/tm_stm32f4_dma.c.obj
 .debug_frame   0x000000000000260c      0x1c4 CMakeFiles/RadioDisplay.dir/libs/display/tm_stm32f4_spi_dma.c.obj
 .debug_frame   0x00000000000027d0       0x38 CMakeFiles/RadioDisplay.dir/libs/display/tm_stm32f4_fonts.c.obj
 .debug_frame   0x0000000000002808      0x318 CMakeFiles/RadioDisplay.dir/libs/display/tm_stm32f4_ili9341.c.obj
 .debug_frame   0x0000000000002b20      0x2ec CMakeFiles/RadioDisplay.dir/libs/display/tm_stm32f4_stmpe811.c.obj
 .debug_frame   0x0000000000002e0c      0x1bc CMakeFiles/RadioDisplay.dir/libs/ll_lib/src/stm32f4xx_ll_exti.c.obj
 .debug_frame   0x0000000000002fc8      0x1c0 CMakeFiles/RadioDisplay.dir/libs/ll_lib/src/stm32f4xx_ll_gpio.c.obj
 .debug_frame   0x0000000000003188      0x668 CMakeFiles/RadioDisplay.dir/libs/ll_lib/src/stm32f4xx_ll_rcc.c.obj
 .debug_frame   0x00000000000037f0      0x418 CMakeFiles/RadioDisplay.dir/libs/ll_lib/src/stm32f4xx_ll_utils.c.obj
 .debug_frame   0x0000000000003c08      0x1e8 CMakeFiles/RadioDisplay.dir/libs/ll_lib/src/stm32f4xx_ll_i2c.c.obj
 .debug_frame   0x0000000000003df0      0x254 CMakeFiles/RadioDisplay.dir/libs/ll_lib/src/stm32f4xx_ll_spi.c.obj
 .debug_frame   0x0000000000004044      0x868 CMakeFiles/RadioDisplay.dir/libs/rf/nRF24.c.obj
 .debug_frame   0x00000000000048ac       0x30 C:/ST/STM32CubeIDE_1.10.1/STM32CubeIDE/plugins/com.st.stm32cube.ide.mcu.externaltools.gnu-tools-for-stm32.11.3.rel1.win32_1.1.100.202309141235/tools/bin/../lib/gcc/arm-none-eabi/11.3.1/../../../../arm-none-eabi/lib/thumb/v7e-m/nofp\libg_nano.a(libc_a-malloc.o)
 .debug_frame   0x00000000000048dc       0x6c C:/ST/STM32CubeIDE_1.10.1/STM32CubeIDE/plugins/com.st.stm32cube.ide.mcu.externaltools.gnu-tools-for-stm32.11.3.rel1.win32_1.1.100.202309141235/tools/bin/../lib/gcc/arm-none-eabi/11.3.1/../../../../arm-none-eabi/lib/thumb/v7e-m/nofp\libg_nano.a(libc_a-sprintf.o)
 .debug_frame   0x0000000000004948       0x20 C:/ST/STM32CubeIDE_1.10.1/STM32CubeIDE/plugins/com.st.stm32cube.ide.mcu.externaltools.gnu-tools-for-stm32.11.3.rel1.win32_1.1.100.202309141235/tools/bin/../lib/gcc/arm-none-eabi/11.3.1/../../../../arm-none-eabi/lib/thumb/v7e-m/nofp\libg_nano.a(libc_a-errno.o)
 .debug_frame   0x0000000000004968       0x90 C:/ST/STM32CubeIDE_1.10.1/STM32CubeIDE/plugins/com.st.stm32cube.ide.mcu.externaltools.gnu-tools-for-stm32.11.3.rel1.win32_1.1.100.202309141235/tools/bin/../lib/gcc/arm-none-eabi/11.3.1/../../../../arm-none-eabi/lib/thumb/v7e-m/nofp\libg_nano.a(libc_a-nano-svfprintf.o)
 .debug_frame   0x00000000000049f8       0x60 C:/ST/STM32CubeIDE_1.10.1/STM32CubeIDE/plugins/com.st.stm32cube.ide.mcu.externaltools.gnu-tools-for-stm32.11.3.rel1.win32_1.1.100.202309141235/tools/bin/../lib/gcc/arm-none-eabi/11.3.1/../../../../arm-none-eabi/lib/thumb/v7e-m/nofp\libg_nano.a(libc_a-nano-vfprintf_i.o)
 .debug_frame   0x0000000000004a58       0x28 C:/ST/STM32CubeIDE_1.10.1/STM32CubeIDE/plugins/com.st.stm32cube.ide.mcu.externaltools.gnu-tools-for-stm32.11.3.rel1.win32_1.1.100.202309141235/tools/bin/../lib/gcc/arm-none-eabi/11.3.1/../../../../arm-none-eabi/lib/thumb/v7e-m/nofp\libg_nano.a(libc_a-memmove.o)
 .debug_frame   0x0000000000004a80       0x28 C:/ST/STM32CubeIDE_1.10.1/STM32CubeIDE/plugins/com.st.stm32cube.ide.mcu.externaltools.gnu-tools-for-stm32.11.3.rel1.win32_1.1.100.202309141235/tools/bin/../lib/gcc/arm-none-eabi/11.3.1/../../../../arm-none-eabi/lib/thumb/v7e-m/nofp\libg_nano.a(libc_a-memcpy-stub.o)
 .debug_frame   0x0000000000004aa8       0x3c C:/ST/STM32CubeIDE_1.10.1/STM32CubeIDE/plugins/com.st.stm32cube.ide.mcu.externaltools.gnu-tools-for-stm32.11.3.rel1.win32_1.1.100.202309141235/tools/bin/../lib/gcc/arm-none-eabi/11.3.1/../../../../arm-none-eabi/lib/thumb/v7e-m/nofp\libg_nano.a(libc_a-reallocr.o)
 .debug_frame   0x0000000000004ae4       0x20 C:/ST/STM32CubeIDE_1.10.1/STM32CubeIDE/plugins/com.st.stm32cube.ide.mcu.externaltools.gnu-tools-for-stm32.11.3.rel1.win32_1.1.100.202309141235/tools/bin/../lib/gcc/arm-none-eabi/11.3.1/../../../../arm-none-eabi/lib/thumb/v7e-m/nofp\libg_nano.a(libc_a-msizer.o)

.debug_line     0x0000000000000000     0xb191
 .debug_line    0x0000000000000000       0x7b CMakeFiles/RadioDisplay.dir/Startup/startup_stm32f429zitx.s.obj
 .debug_line    0x000000000000007b      0x683 CMakeFiles/RadioDisplay.dir/src/main.c.obj
 .debug_line    0x00000000000006fe      0x806 CMakeFiles/RadioDisplay.dir/src/init.c.obj
 .debug_line    0x0000000000000f04      0x361 CMakeFiles/RadioDisplay.dir/src/sysmem.c.obj
 .debug_line    0x0000000000001265      0x38f CMakeFiles/RadioDisplay.dir/src/system_stm32f4xx.c.obj
 .debug_line    0x00000000000015f4      0x7c3 CMakeFiles/RadioDisplay.dir/libs/system_periph/stm32f4xx_rcc.c.obj
 .debug_line    0x0000000000001db7      0x6b9 CMakeFiles/RadioDisplay.dir/libs/system_periph/stm32f4xx_spi.c.obj
 .debug_line    0x0000000000002470      0x551 CMakeFiles/RadioDisplay.dir/libs/system_periph/stm32f4xx_gpio.c.obj
 .debug_line    0x00000000000029c1      0x658 CMakeFiles/RadioDisplay.dir/libs/system_periph/stm32f4xx_dma.c.obj
 .debug_line    0x0000000000003019      0x395 CMakeFiles/RadioDisplay.dir/libs/system_periph/misc.c.obj
 .debug_line    0x00000000000033ae      0x5d9 CMakeFiles/RadioDisplay.dir/libs/display/tm_stm32f4_gpio.c.obj
 .debug_line    0x0000000000003987      0x755 CMakeFiles/RadioDisplay.dir/libs/display/tm_stm32f4_delay.c.obj
 .debug_line    0x00000000000040dc      0x73d CMakeFiles/RadioDisplay.dir/libs/display/tm_stm32f4_spi.c.obj
 .debug_line    0x0000000000004819      0x59d CMakeFiles/RadioDisplay.dir/libs/display/tm_stm32f4_dma.c.obj
 .debug_line    0x0000000000004db6      0x581 CMakeFiles/RadioDisplay.dir/libs/display/tm_stm32f4_spi_dma.c.obj
 .debug_line    0x0000000000005337      0x451 CMakeFiles/RadioDisplay.dir/libs/display/tm_stm32f4_fonts.c.obj
 .debug_line    0x0000000000005788      0x7d2 CMakeFiles/RadioDisplay.dir/libs/display/tm_stm32f4_ili9341.c.obj
 .debug_line    0x0000000000005f5a      0x8c7 CMakeFiles/RadioDisplay.dir/libs/display/tm_stm32f4_stmpe811.c.obj
 .debug_line    0x0000000000006821      0x3f1 CMakeFiles/RadioDisplay.dir/libs/ll_lib/src/stm32f4xx_ll_exti.c.obj
 .debug_line    0x0000000000006c12      0x5e5 CMakeFiles/RadioDisplay.dir/libs/ll_lib/src/stm32f4xx_ll_gpio.c.obj
 .debug_line    0x00000000000071f7      0x772 CMakeFiles/RadioDisplay.dir/libs/ll_lib/src/stm32f4xx_ll_rcc.c.obj
 .debug_line    0x0000000000007969      0x728 CMakeFiles/RadioDisplay.dir/libs/ll_lib/src/stm32f4xx_ll_utils.c.obj
 .debug_line    0x0000000000008091      0x499 CMakeFiles/RadioDisplay.dir/libs/ll_lib/src/stm32f4xx_ll_i2c.c.obj
 .debug_line    0x000000000000852a      0x541 CMakeFiles/RadioDisplay.dir/libs/ll_lib/src/stm32f4xx_ll_spi.c.obj
 .debug_line    0x0000000000008a6b      0x90c CMakeFiles/RadioDisplay.dir/libs/rf/nRF24.c.obj
 .debug_line    0x0000000000009377      0x201 C:/ST/STM32CubeIDE_1.10.1/STM32CubeIDE/plugins/com.st.stm32cube.ide.mcu.externaltools.gnu-tools-for-stm32.11.3.rel1.win32_1.1.100.202309141235/tools/bin/../lib/gcc/arm-none-eabi/11.3.1/../../../../arm-none-eabi/lib/thumb/v7e-m/nofp\libg_nano.a(libc_a-malloc.o)
 .debug_line    0x0000000000009578      0x2b0 C:/ST/STM32CubeIDE_1.10.1/STM32CubeIDE/plugins/com.st.stm32cube.ide.mcu.externaltools.gnu-tools-for-stm32.11.3.rel1.win32_1.1.100.202309141235/tools/bin/../lib/gcc/arm-none-eabi/11.3.1/../../../../arm-none-eabi/lib/thumb/v7e-m/nofp\libg_nano.a(libc_a-sprintf.o)
 .debug_line    0x0000000000009828      0x185 C:/ST/STM32CubeIDE_1.10.1/STM32CubeIDE/plugins/com.st.stm32cube.ide.mcu.externaltools.gnu-tools-for-stm32.11.3.rel1.win32_1.1.100.202309141235/tools/bin/../lib/gcc/arm-none-eabi/11.3.1/../../../../arm-none-eabi/lib/thumb/v7e-m/nofp\libg_nano.a(libc_a-errno.o)
 .debug_line    0x00000000000099ad      0x86a C:/ST/STM32CubeIDE_1.10.1/STM32CubeIDE/plugins/com.st.stm32cube.ide.mcu.externaltools.gnu-tools-for-stm32.11.3.rel1.win32_1.1.100.202309141235/tools/bin/../lib/gcc/arm-none-eabi/11.3.1/../../../../arm-none-eabi/lib/thumb/v7e-m/nofp\libg_nano.a(libc_a-nano-svfprintf.o)
 .debug_line    0x000000000000a217      0x745 C:/ST/STM32CubeIDE_1.10.1/STM32CubeIDE/plugins/com.st.stm32cube.ide.mcu.externaltools.gnu-tools-for-stm32.11.3.rel1.win32_1.1.100.202309141235/tools/bin/../lib/gcc/arm-none-eabi/11.3.1/../../../../arm-none-eabi/lib/thumb/v7e-m/nofp\libg_nano.a(libc_a-nano-vfprintf_i.o)
 .debug_line    0x000000000000a95c      0x1bc C:/ST/STM32CubeIDE_1.10.1/STM32CubeIDE/plugins/com.st.stm32cube.ide.mcu.externaltools.gnu-tools-for-stm32.11.3.rel1.win32_1.1.100.202309141235/tools/bin/../lib/gcc/arm-none-eabi/11.3.1/../../../../arm-none-eabi/lib/thumb/v7e-m/nofp\libg_nano.a(libc_a-memmove.o)
 .debug_line    0x000000000000ab18       0x82 C:/ST/STM32CubeIDE_1.10.1/STM32CubeIDE/plugins/com.st.stm32cube.ide.mcu.externaltools.gnu-tools-for-stm32.11.3.rel1.win32_1.1.100.202309141235/tools/bin/../lib/gcc/arm-none-eabi/11.3.1/../../../../arm-none-eabi/lib/thumb/v7e-m/nofp\libg_nano.a(libc_a-memchr.o)
 .debug_line    0x000000000000ab9a      0x199 C:/ST/STM32CubeIDE_1.10.1/STM32CubeIDE/plugins/com.st.stm32cube.ide.mcu.externaltools.gnu-tools-for-stm32.11.3.rel1.win32_1.1.100.202309141235/tools/bin/../lib/gcc/arm-none-eabi/11.3.1/../../../../arm-none-eabi/lib/thumb/v7e-m/nofp\libg_nano.a(libc_a-memcpy-stub.o)
 .debug_line    0x000000000000ad33      0x267 C:/ST/STM32CubeIDE_1.10.1/STM32CubeIDE/plugins/com.st.stm32cube.ide.mcu.externaltools.gnu-tools-for-stm32.11.3.rel1.win32_1.1.100.202309141235/tools/bin/../lib/gcc/arm-none-eabi/11.3.1/../../../../arm-none-eabi/lib/thumb/v7e-m/nofp\libg_nano.a(libc_a-reallocr.o)
 .debug_line    0x000000000000af9a      0x1f7 C:/ST/STM32CubeIDE_1.10.1/STM32CubeIDE/plugins/com.st.stm32cube.ide.mcu.externaltools.gnu-tools-for-stm32.11.3.rel1.win32_1.1.100.202309141235/tools/bin/../lib/gcc/arm-none-eabi/11.3.1/../../../../arm-none-eabi/lib/thumb/v7e-m/nofp\libg_nano.a(libc_a-msizer.o)

.debug_line_str
                0x0000000000000000      0x16b
 .debug_line_str
                0x0000000000000000       0x9a CMakeFiles/RadioDisplay.dir/Startup/startup_stm32f429zitx.s.obj
                                         0xb2 (size before relaxing)
 .debug_line_str
                0x000000000000009a       0xd1 C:/ST/STM32CubeIDE_1.10.1/STM32CubeIDE/plugins/com.st.stm32cube.ide.mcu.externaltools.gnu-tools-for-stm32.11.3.rel1.win32_1.1.100.202309141235/tools/bin/../lib/gcc/arm-none-eabi/11.3.1/../../../../arm-none-eabi/lib/thumb/v7e-m/nofp\libg_nano.a(libc_a-memchr.o)
                                         0xda (size before relaxing)

.debug_info     0x0000000000000000    0x1101c
 .debug_info    0x0000000000000000       0x23 CMakeFiles/RadioDisplay.dir/Startup/startup_stm32f429zitx.s.obj
 .debug_info    0x0000000000000023      0x60e CMakeFiles/RadioDisplay.dir/src/main.c.obj
 .debug_info    0x0000000000000631     0x1609 CMakeFiles/RadioDisplay.dir/src/init.c.obj
 .debug_info    0x0000000000001c3a      0x164 CMakeFiles/RadioDisplay.dir/src/sysmem.c.obj
 .debug_info    0x0000000000001d9e      0x32c CMakeFiles/RadioDisplay.dir/src/system_stm32f4xx.c.obj
 .debug_info    0x00000000000020ca      0xbad CMakeFiles/RadioDisplay.dir/libs/system_periph/stm32f4xx_rcc.c.obj
 .debug_info    0x0000000000002c77      0xa5e CMakeFiles/RadioDisplay.dir/libs/system_periph/stm32f4xx_spi.c.obj
 .debug_info    0x00000000000036d5      0x5f9 CMakeFiles/RadioDisplay.dir/libs/system_periph/stm32f4xx_gpio.c.obj
 .debug_info    0x0000000000003cce      0x6eb CMakeFiles/RadioDisplay.dir/libs/system_periph/stm32f4xx_dma.c.obj
 .debug_info    0x00000000000043b9      0x4f1 CMakeFiles/RadioDisplay.dir/libs/system_periph/misc.c.obj
 .debug_info    0x00000000000048aa      0x7df CMakeFiles/RadioDisplay.dir/libs/display/tm_stm32f4_gpio.c.obj
 .debug_info    0x0000000000005089      0xa61 CMakeFiles/RadioDisplay.dir/libs/display/tm_stm32f4_delay.c.obj
 .debug_info    0x0000000000005aea      0xad9 CMakeFiles/RadioDisplay.dir/libs/display/tm_stm32f4_spi.c.obj
 .debug_info    0x00000000000065c3      0x976 CMakeFiles/RadioDisplay.dir/libs/display/tm_stm32f4_dma.c.obj
 .debug_info    0x0000000000006f39      0x85d CMakeFiles/RadioDisplay.dir/libs/display/tm_stm32f4_spi_dma.c.obj
 .debug_info    0x0000000000007796      0x251 CMakeFiles/RadioDisplay.dir/libs/display/tm_stm32f4_fonts.c.obj
 .debug_info    0x00000000000079e7      0xb5b CMakeFiles/RadioDisplay.dir/libs/display/tm_stm32f4_ili9341.c.obj
 .debug_info    0x0000000000008542      0x726 CMakeFiles/RadioDisplay.dir/libs/display/tm_stm32f4_stmpe811.c.obj
 .debug_info    0x0000000000008c68      0x32c CMakeFiles/RadioDisplay.dir/libs/ll_lib/src/stm32f4xx_ll_exti.c.obj
 .debug_info    0x0000000000008f94      0x934 CMakeFiles/RadioDisplay.dir/libs/ll_lib/src/stm32f4xx_ll_gpio.c.obj
 .debug_info    0x00000000000098c8      0x99a CMakeFiles/RadioDisplay.dir/libs/ll_lib/src/stm32f4xx_ll_rcc.c.obj
 .debug_info    0x000000000000a262      0x94a CMakeFiles/RadioDisplay.dir/libs/ll_lib/src/stm32f4xx_ll_utils.c.obj
 .debug_info    0x000000000000abac      0x6a6 CMakeFiles/RadioDisplay.dir/libs/ll_lib/src/stm32f4xx_ll_i2c.c.obj